<?xml version="1.0"?>
<link_info>
   <banner>TI ARM Linker PC v16.9.6.LTS</banner>
   <copyright>Copyright (c) 1996-2017 Texas Instruments Incorporated</copyright>
   <link_time>0x5aef219c</link_time>
   <link_errors>0x0</link_errors>
   <output_file>Ae2Can.out</output_file>
   <entry_point>
      <name>_c_int00</name>
      <address>0x4a19</address>
   </entry_point>
   <input_file_list>
      <input_file id="fl-2">
         <path>.\</path>
         <kind>object</kind>
         <file>ADC_Function.obj</file>
         <name>ADC_Function.obj</name>
      </input_file>
      <input_file id="fl-3">
         <path>.\</path>
         <kind>object</kind>
         <file>CAN_Function.obj</file>
         <name>CAN_Function.obj</name>
      </input_file>
      <input_file id="fl-4">
         <path>.\</path>
         <kind>object</kind>
         <file>InitialConfiguration.obj</file>
         <name>InitialConfiguration.obj</name>
      </input_file>
      <input_file id="fl-5">
         <path>.\</path>
         <kind>object</kind>
         <file>Loop_Functions.obj</file>
         <name>Loop_Functions.obj</name>
      </input_file>
      <input_file id="fl-6">
         <path>.\</path>
         <kind>object</kind>
         <file>UART_Function.obj</file>
         <name>UART_Function.obj</name>
      </input_file>
      <input_file id="fl-7">
         <path>.\</path>
         <kind>object</kind>
         <file>main.obj</file>
         <name>main.obj</name>
      </input_file>
      <input_file id="fl-8">
         <path>.\</path>
         <kind>object</kind>
         <file>tm4c1231d5pm_startup_ccs.obj</file>
         <name>tm4c1231d5pm_startup_ccs.obj</name>
      </input_file>
      <input_file id="fl-d">
         <kind>object</kind>
         <file>&lt;internal&gt;</file>
         <name>&lt;internal&gt;</name>
      </input_file>
      <input_file id="fl-c3">
         <path>D:\CodeComposer\ti\ccsv7\tools\compiler\ti-cgt-arm_16.9.6.LTS\lib\</path>
         <kind>archive</kind>
         <file>rtsv7M4_T_le_v4SPD16_eabi.lib</file>
         <name>boot.obj</name>
      </input_file>
      <input_file id="fl-c4">
         <path>D:\CodeComposer\ti\ccsv7\tools\compiler\ti-cgt-arm_16.9.6.LTS\lib\</path>
         <kind>archive</kind>
         <file>rtsv7M4_T_le_v4SPD16_eabi.lib</file>
         <name>copy_decompress_lzss.obj</name>
      </input_file>
      <input_file id="fl-c5">
         <path>D:\CodeComposer\ti\ccsv7\tools\compiler\ti-cgt-arm_16.9.6.LTS\lib\</path>
         <kind>archive</kind>
         <file>rtsv7M4_T_le_v4SPD16_eabi.lib</file>
         <name>copy_decompress_none.obj</name>
      </input_file>
      <input_file id="fl-c6">
         <path>D:\CodeComposer\ti\ccsv7\tools\compiler\ti-cgt-arm_16.9.6.LTS\lib\</path>
         <kind>archive</kind>
         <file>rtsv7M4_T_le_v4SPD16_eabi.lib</file>
         <name>copy_zero_init.obj</name>
      </input_file>
      <input_file id="fl-c7">
         <path>D:\CodeComposer\ti\ccsv7\tools\compiler\ti-cgt-arm_16.9.6.LTS\lib\</path>
         <kind>archive</kind>
         <file>rtsv7M4_T_le_v4SPD16_eabi.lib</file>
         <name>exit.obj</name>
      </input_file>
      <input_file id="fl-c8">
         <path>D:\CodeComposer\ti\ccsv7\tools\compiler\ti-cgt-arm_16.9.6.LTS\lib\</path>
         <kind>archive</kind>
         <file>rtsv7M4_T_le_v4SPD16_eabi.lib</file>
         <name>fd_mul_t2.obj</name>
      </input_file>
      <input_file id="fl-c9">
         <path>D:\CodeComposer\ti\ccsv7\tools\compiler\ti-cgt-arm_16.9.6.LTS\lib\</path>
         <kind>archive</kind>
         <file>rtsv7M4_T_le_v4SPD16_eabi.lib</file>
         <name>fd_tou_t2.obj</name>
      </input_file>
      <input_file id="fl-ca">
         <path>D:\CodeComposer\ti\ccsv7\tools\compiler\ti-cgt-arm_16.9.6.LTS\lib\</path>
         <kind>archive</kind>
         <file>rtsv7M4_T_le_v4SPD16_eabi.lib</file>
         <name>memcpy_t2.obj</name>
      </input_file>
      <input_file id="fl-cb">
         <path>D:\CodeComposer\ti\ccsv7\tools\compiler\ti-cgt-arm_16.9.6.LTS\lib\</path>
         <kind>archive</kind>
         <file>rtsv7M4_T_le_v4SPD16_eabi.lib</file>
         <name>memset_t2.obj</name>
      </input_file>
      <input_file id="fl-cc">
         <path>D:\CodeComposer\ti\ccsv7\tools\compiler\ti-cgt-arm_16.9.6.LTS\lib\</path>
         <kind>archive</kind>
         <file>rtsv7M4_T_le_v4SPD16_eabi.lib</file>
         <name>mpu_init.obj</name>
      </input_file>
      <input_file id="fl-cd">
         <path>D:\CodeComposer\ti\ccsv7\tools\compiler\ti-cgt-arm_16.9.6.LTS\lib\</path>
         <kind>archive</kind>
         <file>rtsv7M4_T_le_v4SPD16_eabi.lib</file>
         <name>pre_init.obj</name>
      </input_file>
      <input_file id="fl-ce">
         <path>D:\CodeComposer\ti\ccsv7\tools\compiler\ti-cgt-arm_16.9.6.LTS\lib\</path>
         <kind>archive</kind>
         <file>rtsv7M4_T_le_v4SPD16_eabi.lib</file>
         <name>stkdepth_vars.obj</name>
      </input_file>
      <input_file id="fl-cf">
         <path>D:\CodeComposer\ti\ccsv7\tools\compiler\ti-cgt-arm_16.9.6.LTS\lib\</path>
         <kind>archive</kind>
         <file>rtsv7M4_T_le_v4SPD16_eabi.lib</file>
         <name>u_divt2.obj</name>
      </input_file>
      <input_file id="fl-d0">
         <path>D:\CodeComposer\ti\ccsv7\tools\compiler\ti-cgt-arm_16.9.6.LTS\lib\</path>
         <kind>archive</kind>
         <file>rtsv7M4_T_le_v4SPD16_eabi.lib</file>
         <name>u_tofd_t2.obj</name>
      </input_file>
      <input_file id="fl-d1">
         <path>D:\CodeComposer\ti\ccsv7\tools\compiler\ti-cgt-arm_16.9.6.LTS\lib\</path>
         <kind>archive</kind>
         <file>rtsv7M4_T_le_v4SPD16_eabi.lib</file>
         <name>_lock.obj</name>
      </input_file>
      <input_file id="fl-d2">
         <path>D:\CodeComposer\ti\ccsv7\tools\compiler\ti-cgt-arm_16.9.6.LTS\lib\</path>
         <kind>archive</kind>
         <file>rtsv7M4_T_le_v4SPD16_eabi.lib</file>
         <name>args_main.obj</name>
      </input_file>
      <input_file id="fl-d3">
         <path>D:\CodeComposer\ti\ccsv7\tools\compiler\ti-cgt-arm_16.9.6.LTS\lib\</path>
         <kind>archive</kind>
         <file>rtsv7M4_T_le_v4SPD16_eabi.lib</file>
         <name>autoinit.obj</name>
      </input_file>
      <input_file id="fl-d4">
         <path>D:\CodeComposer\ti\ccsv7\tools\compiler\ti-cgt-arm_16.9.6.LTS\lib\</path>
         <kind>archive</kind>
         <file>rtsv7M4_T_le_v4SPD16_eabi.lib</file>
         <name>cpy_tbl.obj</name>
      </input_file>
      <input_file id="fl-d5">
         <path>D:\CodeComposer\ti\ccsv7\tools\compiler\ti-cgt-arm_16.9.6.LTS\lib\</path>
         <kind>archive</kind>
         <file>rtsv7M4_T_le_v4SPD16_eabi.lib</file>
         <name>i_div0.obj</name>
      </input_file>
      <input_file id="fl-d6">
         <path>D:\CodeComposer\ti\ccsv7\tools\compiler\ti-cgt-arm_16.9.6.LTS\lib\</path>
         <kind>archive</kind>
         <file>rtsv7M4_T_le_v4SPD16_eabi.lib</file>
         <name>startup.obj</name>
      </input_file>
      <input_file id="fl-d7">
         <path>D:\CodeComposer\ti\TivaWare_C_Series-2.1.4.178\driverlib\ccs\Debug\</path>
         <kind>archive</kind>
         <file>driverlib.lib</file>
         <name>adc.obj</name>
      </input_file>
      <input_file id="fl-d8">
         <path>D:\CodeComposer\ti\TivaWare_C_Series-2.1.4.178\driverlib\ccs\Debug\</path>
         <kind>archive</kind>
         <file>driverlib.lib</file>
         <name>fpu.obj</name>
      </input_file>
      <input_file id="fl-d9">
         <path>D:\CodeComposer\ti\TivaWare_C_Series-2.1.4.178\driverlib\ccs\Debug\</path>
         <kind>archive</kind>
         <file>driverlib.lib</file>
         <name>systick.obj</name>
      </input_file>
      <input_file id="fl-da">
         <path>D:\CodeComposer\ti\TivaWare_C_Series-2.1.4.178\driverlib\ccs\Debug\</path>
         <kind>archive</kind>
         <file>driverlib.lib</file>
         <name>timer.obj</name>
      </input_file>
      <input_file id="fl-db">
         <path>D:\CodeComposer\ti\TivaWare_C_Series-2.1.4.178\driverlib\ccs\Debug\</path>
         <kind>archive</kind>
         <file>driverlib.lib</file>
         <name>uart.obj</name>
      </input_file>
      <input_file id="fl-dc">
         <path>D:\CodeComposer\ti\TivaWare_C_Series-2.1.4.178\driverlib\ccs\Debug\</path>
         <kind>archive</kind>
         <file>driverlib.lib</file>
         <name>watchdog.obj</name>
      </input_file>
   </input_file_list>
   <object_component_list>
      <object_component id="oc-f">
         <name>.intvecs</name>
         <load_address>0x0</load_address>
         <run_address>0x0</run_address>
         <size>0x26c</size>
         <input_file_ref idref="fl-8"/>
      </object_component>
      <object_component id="oc-31">
         <name>.text</name>
         <load_address>0x26c</load_address>
         <run_address>0x26c</run_address>
         <size>0x2b34</size>
         <input_file_ref idref="fl-7"/>
      </object_component>
      <object_component id="oc-f6">
         <name>.text</name>
         <load_address>0x2da0</load_address>
         <run_address>0x2da0</run_address>
         <size>0x990</size>
         <input_file_ref idref="fl-5"/>
      </object_component>
      <object_component id="oc-cc">
         <name>.text</name>
         <load_address>0x3730</load_address>
         <run_address>0x3730</run_address>
         <size>0x638</size>
         <input_file_ref idref="fl-6"/>
      </object_component>
      <object_component id="oc-37">
         <name>.text</name>
         <load_address>0x3d68</load_address>
         <run_address>0x3d68</run_address>
         <size>0x494</size>
         <input_file_ref idref="fl-3"/>
      </object_component>
      <object_component id="oc-d8">
         <name>.text</name>
         <load_address>0x41fc</load_address>
         <run_address>0x41fc</run_address>
         <size>0x2f8</size>
         <input_file_ref idref="fl-4"/>
      </object_component>
      <object_component id="oc-201">
         <name>.text</name>
         <load_address>0x44f4</load_address>
         <run_address>0x44f4</run_address>
         <size>0x160</size>
         <input_file_ref idref="fl-2"/>
      </object_component>
      <object_component id="oc-212">
         <name>.text</name>
         <load_address>0x4654</load_address>
         <run_address>0x4654</run_address>
         <size>0xfc</size>
         <input_file_ref idref="fl-c8"/>
      </object_component>
      <object_component id="oc-4b">
         <name>.text</name>
         <load_address>0x4750</load_address>
         <run_address>0x4750</run_address>
         <size>0x9c</size>
         <input_file_ref idref="fl-ca"/>
      </object_component>
      <object_component id="oc-294">
         <name>.text:ADCSequenceStepConfigure</name>
         <load_address>0x47ec</load_address>
         <run_address>0x47ec</run_address>
         <size>0x7a</size>
         <input_file_ref idref="fl-d7"/>
      </object_component>
      <object_component id="oc-57">
         <name>.text</name>
         <load_address>0x4866</load_address>
         <run_address>0x4866</run_address>
         <size>0x7a</size>
         <input_file_ref idref="fl-cb"/>
      </object_component>
      <object_component id="oc-6f">
         <name>.text</name>
         <load_address>0x48e0</load_address>
         <run_address>0x48e0</run_address>
         <size>0x70</size>
         <input_file_ref idref="fl-d3"/>
      </object_component>
      <object_component id="oc-12">
         <name>.text:decompress:lzss</name>
         <load_address>0x4950</load_address>
         <run_address>0x4950</run_address>
         <size>0x68</size>
         <input_file_ref idref="fl-c4"/>
      </object_component>
      <object_component id="oc-1ad">
         <name>.text:TimerConfigure</name>
         <load_address>0x49b8</load_address>
         <run_address>0x49b8</run_address>
         <size>0x60</size>
         <input_file_ref idref="fl-da"/>
      </object_component>
      <object_component id="oc-24">
         <name>.text</name>
         <load_address>0x4a18</load_address>
         <run_address>0x4a18</run_address>
         <size>0x54</size>
         <input_file_ref idref="fl-c3"/>
      </object_component>
      <object_component id="oc-7b">
         <name>.text</name>
         <load_address>0x4a6c</load_address>
         <run_address>0x4a6c</run_address>
         <size>0x54</size>
         <input_file_ref idref="fl-c7"/>
      </object_component>
      <object_component id="oc-28e">
         <name>.text:ADCSequenceConfigure</name>
         <load_address>0x4ac0</load_address>
         <run_address>0x4ac0</run_address>
         <size>0x50</size>
         <input_file_ref idref="fl-d7"/>
      </object_component>
      <object_component id="oc-137">
         <name>.text</name>
         <load_address>0x4b10</load_address>
         <run_address>0x4b10</run_address>
         <size>0x4c</size>
         <input_file_ref idref="fl-d4"/>
      </object_component>
      <object_component id="oc-176">
         <name>.text:UARTConfigSetExpClk</name>
         <load_address>0x4b5c</load_address>
         <run_address>0x4b5c</run_address>
         <size>0x46</size>
         <input_file_ref idref="fl-db"/>
      </object_component>
      <object_component id="oc-217">
         <name>.text</name>
         <load_address>0x4ba2</load_address>
         <run_address>0x4ba2</run_address>
         <size>0x44</size>
         <input_file_ref idref="fl-c9"/>
      </object_component>
      <object_component id="oc-197">
         <name>.text</name>
         <load_address>0x4be6</load_address>
         <run_address>0x4be6</run_address>
         <size>0x40</size>
         <input_file_ref idref="fl-cf"/>
      </object_component>
      <object_component id="oc-2ac">
         <name>.text:ADCIntStatus</name>
         <load_address>0x4c26</load_address>
         <run_address>0x4c26</run_address>
         <size>0x2e</size>
         <input_file_ref idref="fl-d7"/>
      </object_component>
      <object_component id="oc-25c">
         <name>.text:UARTDisable</name>
         <load_address>0x4c54</load_address>
         <run_address>0x4c54</run_address>
         <size>0x20</size>
         <input_file_ref idref="fl-db"/>
      </object_component>
      <object_component id="oc-20d">
         <name>.text</name>
         <load_address>0x4c74</load_address>
         <run_address>0x4c74</run_address>
         <size>0x20</size>
         <input_file_ref idref="fl-d0"/>
      </object_component>
      <object_component id="oc-2b2">
         <name>.text:ADCSequenceDataGet</name>
         <load_address>0x4c94</load_address>
         <run_address>0x4c94</run_address>
         <size>0x1e</size>
         <input_file_ref idref="fl-d7"/>
      </object_component>
      <object_component id="oc-2a6">
         <name>.text:ADCProcessorTrigger</name>
         <load_address>0x4cb2</load_address>
         <run_address>0x4cb2</run_address>
         <size>0x18</size>
         <input_file_ref idref="fl-d7"/>
      </object_component>
      <object_component id="oc-26c">
         <name>.text</name>
         <load_address>0x4cca</load_address>
         <run_address>0x4cca</run_address>
         <size>0x2</size>
         <input_file_ref idref="fl-d5"/>
      </object_component>
      <object_component id="oc-75">
         <name>.text</name>
         <load_address>0x4ccc</load_address>
         <run_address>0x4ccc</run_address>
         <size>0x18</size>
         <input_file_ref idref="fl-d2"/>
      </object_component>
      <object_component id="oc-1fb">
         <name>.text:SysTickDisable</name>
         <load_address>0x4ce4</load_address>
         <run_address>0x4ce4</run_address>
         <size>0x14</size>
         <input_file_ref idref="fl-d9"/>
      </object_component>
      <object_component id="oc-1f5">
         <name>.text:SysTickEnable</name>
         <load_address>0x4cf8</load_address>
         <run_address>0x4cf8</run_address>
         <size>0x14</size>
         <input_file_ref idref="fl-d9"/>
      </object_component>
      <object_component id="oc-1ef">
         <name>.text:SysTickIntEnable</name>
         <load_address>0x4d0c</load_address>
         <run_address>0x4d0c</run_address>
         <size>0x14</size>
         <input_file_ref idref="fl-d9"/>
      </object_component>
      <object_component id="oc-17c">
         <name>.text:UARTEnable</name>
         <load_address>0x4d20</load_address>
         <run_address>0x4d20</run_address>
         <size>0x14</size>
         <input_file_ref idref="fl-db"/>
      </object_component>
      <object_component id="oc-24c">
         <name>.text</name>
         <load_address>0x4d34</load_address>
         <run_address>0x4d34</run_address>
         <size>0x14</size>
         <input_file_ref idref="fl-d1"/>
      </object_component>
      <object_component id="oc-1b3">
         <name>.text:TimerLoadSet</name>
         <load_address>0x4d48</load_address>
         <run_address>0x4d48</run_address>
         <size>0x12</size>
         <input_file_ref idref="fl-da"/>
      </object_component>
      <object_component id="oc-21c">
         <name>.text:TimerMatchSet</name>
         <load_address>0x4d5a</load_address>
         <run_address>0x4d5a</run_address>
         <size>0x12</size>
         <input_file_ref idref="fl-da"/>
      </object_component>
      <object_component id="oc-ea">
         <name>.text:FPUEnable</name>
         <load_address>0x4d6c</load_address>
         <run_address>0x4d6c</run_address>
         <size>0x10</size>
         <input_file_ref idref="fl-d8"/>
      </object_component>
      <object_component id="oc-f0">
         <name>.text:FPULazyStackingEnable</name>
         <load_address>0x4d7c</load_address>
         <run_address>0x4d7c</run_address>
         <size>0x10</size>
         <input_file_ref idref="fl-d8"/>
      </object_component>
      <object_component id="oc-1e9">
         <name>.text:SysTickPeriodSet</name>
         <load_address>0x4d8c</load_address>
         <run_address>0x4d8c</run_address>
         <size>0x10</size>
         <input_file_ref idref="fl-d9"/>
      </object_component>
      <object_component id="oc-1cb">
         <name>.text:WatchdogIntRegister</name>
         <load_address>0x4d9c</load_address>
         <run_address>0x4d9c</run_address>
         <size>0x10</size>
         <input_file_ref idref="fl-dc"/>
      </object_component>
      <object_component id="oc-288">
         <name>.text:ADCSequenceDisable</name>
         <load_address>0x4dac</load_address>
         <run_address>0x4dac</run_address>
         <size>0xe</size>
         <input_file_ref idref="fl-d7"/>
      </object_component>
      <object_component id="oc-29a">
         <name>.text:ADCSequenceEnable</name>
         <load_address>0x4dba</load_address>
         <run_address>0x4dba</run_address>
         <size>0xe</size>
         <input_file_ref idref="fl-d7"/>
      </object_component>
      <object_component id="oc-1b9">
         <name>.text:TimerEnable</name>
         <load_address>0x4dc8</load_address>
         <run_address>0x4dc8</run_address>
         <size>0xe</size>
         <input_file_ref idref="fl-da"/>
      </object_component>
      <object_component id="oc-c6">
         <name>.text:UARTCharGetNonBlocking</name>
         <load_address>0x4dd6</load_address>
         <run_address>0x4dd6</run_address>
         <size>0xe</size>
         <input_file_ref idref="fl-db"/>
      </object_component>
      <object_component id="oc-d2">
         <name>.text:UARTCharsAvail</name>
         <load_address>0x4de4</load_address>
         <run_address>0x4de4</run_address>
         <size>0xe</size>
         <input_file_ref idref="fl-db"/>
      </object_component>
      <object_component id="oc-18">
         <name>.text:decompress:none</name>
         <load_address>0x4df2</load_address>
         <run_address>0x4df2</run_address>
         <size>0xe</size>
         <input_file_ref idref="fl-c5"/>
      </object_component>
      <object_component id="oc-1d1">
         <name>.text:WatchdogIntTypeSet</name>
         <load_address>0x4e00</load_address>
         <run_address>0x4e00</run_address>
         <size>0xc</size>
         <input_file_ref idref="fl-dc"/>
      </object_component>
      <object_component id="oc-1e">
         <name>.text:decompress:ZI</name>
         <load_address>0x4e0c</load_address>
         <run_address>0x4e0c</run_address>
         <size>0xc</size>
         <input_file_ref idref="fl-c6"/>
      </object_component>
      <object_component id="oc-2b">
         <name>.text</name>
         <load_address>0x4e18</load_address>
         <run_address>0x4e18</run_address>
         <size>0xc</size>
         <input_file_ref idref="fl-8"/>
      </object_component>
      <object_component id="oc-2a0">
         <name>.text:ADCIntClear</name>
         <load_address>0x4e24</load_address>
         <run_address>0x4e24</run_address>
         <size>0xa</size>
         <input_file_ref idref="fl-d7"/>
      </object_component>
      <object_component id="oc-188">
         <name>.text:UARTCharGet</name>
         <load_address>0x4e2e</load_address>
         <run_address>0x4e2e</run_address>
         <size>0xa</size>
         <input_file_ref idref="fl-db"/>
      </object_component>
      <object_component id="oc-182">
         <name>.text:UARTCharPut</name>
         <load_address>0x4e38</load_address>
         <run_address>0x4e38</run_address>
         <size>0xa</size>
         <input_file_ref idref="fl-db"/>
      </object_component>
      <object_component id="oc-ba">
         <name>.text:UARTIntStatus</name>
         <load_address>0x4e42</load_address>
         <run_address>0x4e42</run_address>
         <size>0xa</size>
         <input_file_ref idref="fl-db"/>
      </object_component>
      <object_component id="oc-1e3">
         <name>.text:WatchdogEnable</name>
         <load_address>0x4e4c</load_address>
         <run_address>0x4e4c</run_address>
         <size>0xa</size>
         <input_file_ref idref="fl-dc"/>
      </object_component>
      <object_component id="oc-1dd">
         <name>.text:WatchdogIntEnable</name>
         <load_address>0x4e56</load_address>
         <run_address>0x4e56</run_address>
         <size>0xa</size>
         <input_file_ref idref="fl-dc"/>
      </object_component>
      <object_component id="oc-de">
         <name>.text:WatchdogIntStatus</name>
         <load_address>0x4e60</load_address>
         <run_address>0x4e60</run_address>
         <size>0xa</size>
         <input_file_ref idref="fl-dc"/>
      </object_component>
      <object_component id="oc-1d7">
         <name>.text:WatchdogResetEnable</name>
         <load_address>0x4e6a</load_address>
         <run_address>0x4e6a</run_address>
         <size>0xa</size>
         <input_file_ref idref="fl-dc"/>
      </object_component>
      <object_component id="oc-1bf">
         <name>.text:TimerIntEnable</name>
         <load_address>0x4e74</load_address>
         <run_address>0x4e74</run_address>
         <size>0x8</size>
         <input_file_ref idref="fl-da"/>
      </object_component>
      <object_component id="oc-19c">
         <name>.text:UARTIntEnable</name>
         <load_address>0x4e7c</load_address>
         <run_address>0x4e7c</run_address>
         <size>0x8</size>
         <input_file_ref idref="fl-db"/>
      </object_component>
      <object_component id="oc-a7">
         <name>.text:SysCtlDelay</name>
         <load_address>0x4e84</load_address>
         <run_address>0x4e84</run_address>
         <size>0x6</size>
         <input_file_ref idref="fl-7"/>
      </object_component>
      <object_component id="oc-e4">
         <name>.text:WatchdogIntClear</name>
         <load_address>0x4e8a</load_address>
         <run_address>0x4e8a</run_address>
         <size>0x6</size>
         <input_file_ref idref="fl-dc"/>
      </object_component>
      <object_component id="oc-b4">
         <name>.text:TimerIntClear</name>
         <load_address>0x4e90</load_address>
         <run_address>0x4e90</run_address>
         <size>0x4</size>
         <input_file_ref idref="fl-da"/>
      </object_component>
      <object_component id="oc-c0">
         <name>.text:UARTIntClear</name>
         <load_address>0x4e94</load_address>
         <run_address>0x4e94</run_address>
         <size>0x4</size>
         <input_file_ref idref="fl-db"/>
      </object_component>
      <object_component id="oc-1c5">
         <name>.text:WatchdogReloadSet</name>
         <load_address>0x4e98</load_address>
         <run_address>0x4e98</run_address>
         <size>0x4</size>
         <input_file_ref idref="fl-dc"/>
      </object_component>
      <object_component id="oc-69">
         <name>.text</name>
         <load_address>0x4e9c</load_address>
         <run_address>0x4e9c</run_address>
         <size>0x4</size>
         <input_file_ref idref="fl-cd"/>
      </object_component>
      <object_component id="oc-63">
         <name>.text</name>
         <load_address>0x4ea0</load_address>
         <run_address>0x4ea0</run_address>
         <size>0x2</size>
         <input_file_ref idref="fl-cc"/>
      </object_component>
      <object_component id="oc-13d">
         <name>.text</name>
         <load_address>0x4ea2</load_address>
         <run_address>0x4ea2</run_address>
         <size>0x2</size>
         <input_file_ref idref="fl-d6"/>
      </object_component>
      <object_component id="oc-a4">
         <name>.const:g_pppui32XTALtoVCO</name>
         <load_address>0x4ea4</load_address>
         <run_address>0x4ea4</run_address>
         <size>0x1b0</size>
         <input_file_ref idref="fl-7"/>
      </object_component>
      <object_component id="oc-b1">
         <name>.const:g_ppui32GPIOIntMapSnowflake</name>
         <load_address>0x5054</load_address>
         <run_address>0x5054</run_address>
         <size>0xd8</size>
         <input_file_ref idref="fl-7"/>
      </object_component>
      <object_component id="oc-ab">
         <name>.const:g_ppui32GPIOIntMapBlizzard</name>
         <load_address>0x512c</load_address>
         <run_address>0x512c</run_address>
         <size>0xc0</size>
         <input_file_ref idref="fl-7"/>
      </object_component>
      <object_component id="oc-8c">
         <name>.const:g_pui32Regs</name>
         <load_address>0x51ec</load_address>
         <run_address>0x51ec</run_address>
         <size>0x9c</size>
         <input_file_ref idref="fl-7"/>
      </object_component>
      <object_component id="oc-fc">
         <name>.const:g_pui32GPIOBaseAddrs</name>
         <load_address>0x5288</load_address>
         <run_address>0x5288</run_address>
         <size>0x90</size>
         <input_file_ref idref="fl-7"/>
      </object_component>
      <object_component id="oc-9e">
         <name>.const:g_pui32Xtals</name>
         <load_address>0x5318</load_address>
         <run_address>0x5318</run_address>
         <size>0x6c</size>
         <input_file_ref idref="fl-7"/>
      </object_component>
      <object_component id="oc-9b">
         <name>.const:g_sXTALtoMEMTIM</name>
         <load_address>0x5384</load_address>
         <run_address>0x5384</run_address>
         <size>0x30</size>
         <input_file_ref idref="fl-7"/>
      </object_component>
      <object_component id="oc-89">
         <name>.const:g_pui32Priority</name>
         <load_address>0x53b4</load_address>
         <run_address>0x53b4</run_address>
         <size>0x20</size>
         <input_file_ref idref="fl-7"/>
      </object_component>
      <object_component id="oc-a8">
         <name>.const:g_ui16CANBitValues</name>
         <load_address>0x53d4</load_address>
         <run_address>0x53d4</run_address>
         <size>0x20</size>
         <input_file_ref idref="fl-7"/>
      </object_component>
      <object_component id="oc-92">
         <name>.const:g_pui32Dii16Regs</name>
         <load_address>0x53f4</load_address>
         <run_address>0x53f4</run_address>
         <size>0x14</size>
         <input_file_ref idref="fl-7"/>
      </object_component>
      <object_component id="oc-8f">
         <name>.const:g_pui32EnRegs</name>
         <load_address>0x5408</load_address>
         <run_address>0x5408</run_address>
         <size>0x14</size>
         <input_file_ref idref="fl-7"/>
      </object_component>
      <object_component id="oc-95">
         <name>.const:g_pui32PendRegs</name>
         <load_address>0x541c</load_address>
         <run_address>0x541c</run_address>
         <size>0x14</size>
         <input_file_ref idref="fl-7"/>
      </object_component>
      <object_component id="oc-98">
         <name>.const:g_pui32UnpendRegs</name>
         <load_address>0x5430</load_address>
         <run_address>0x5430</run_address>
         <size>0x14</size>
         <input_file_ref idref="fl-7"/>
      </object_component>
      <object_component id="oc-274">
         <name>.const:.string</name>
         <load_address>0x5444</load_address>
         <run_address>0x5444</run_address>
         <size>0x12</size>
         <input_file_ref idref="fl-6"/>
      </object_component>
      <object_component id="oc-194">
         <name>.const:g_ui32UARTBase</name>
         <load_address>0x5458</load_address>
         <run_address>0x5458</run_address>
         <size>0xc</size>
         <input_file_ref idref="fl-6"/>
      </object_component>
      <object_component id="oc-18e">
         <name>.const:g_ui32UARTPeriph</name>
         <load_address>0x5464</load_address>
         <run_address>0x5464</run_address>
         <size>0xc</size>
         <input_file_ref idref="fl-6"/>
      </object_component>
      <object_component id="oc-a1">
         <name>.const:g_pui32VCOFrequencies</name>
         <load_address>0x5470</load_address>
         <run_address>0x5470</run_address>
         <size>0x8</size>
         <input_file_ref idref="fl-7"/>
      </object_component>
      <object_component id="oc-ae">
         <name>.const</name>
         <load_address>0x5478</load_address>
         <run_address>0x5478</run_address>
         <size>0x8</size>
         <input_file_ref idref="fl-7"/>
      </object_component>
      <object_component id="oc-1a2">
         <name>.const</name>
         <load_address>0x5480</load_address>
         <run_address>0x5480</run_address>
         <size>0x4</size>
         <input_file_ref idref="fl-6"/>
      </object_component>
      <object_component id="oc-304">
         <name>.cinit..data.load</name>
         <load_address>0x5488</load_address>
         <run_address>0x5488</run_address>
         <size>0x1f</size>
      </object_component>
      <object_component id="oc-301">
         <name>__TI_handler_table</name>
         <load_address>0x54a8</load_address>
         <run_address>0x54a8</run_address>
         <size>0xc</size>
      </object_component>
      <object_component id="oc-305">
         <name>.cinit..bss.load</name>
         <load_address>0x54b8</load_address>
         <run_address>0x54b8</run_address>
         <size>0x8</size>
      </object_component>
      <object_component id="oc-303">
         <name>.cinit..vtable.load</name>
         <load_address>0x54c0</load_address>
         <run_address>0x54c0</run_address>
         <size>0x8</size>
      </object_component>
      <object_component id="oc-302">
         <name>__TI_cinit_table</name>
         <load_address>0x54c8</load_address>
         <run_address>0x54c8</run_address>
         <size>0x18</size>
      </object_component>
      <object_component id="oc-86">
         <name>.vtable</name>
         <uninitialized>true</uninitialized>
         <run_address>0x20000000</run_address>
         <size>0x26c</size>
         <input_file_ref idref="fl-7"/>
      </object_component>
      <object_component id="oc-191">
         <name>.data</name>
         <load_address>0x2000059c</load_address>
         <run_address>0x2000059c</run_address>
         <size>0x5</size>
         <input_file_ref idref="fl-6"/>
      </object_component>
      <object_component id="oc-ff">
         <name>.data</name>
         <load_address>0x20000530</load_address>
         <run_address>0x20000530</run_address>
         <size>0x55</size>
         <input_file_ref idref="fl-7"/>
      </object_component>
      <object_component id="oc-147">
         <name>.data:$O1$$</name>
         <load_address>0x20000588</load_address>
         <run_address>0x20000588</run_address>
         <size>0xc</size>
         <input_file_ref idref="fl-c7"/>
      </object_component>
      <object_component id="oc-81">
         <name>.data</name>
         <load_address>0x200005a4</load_address>
         <run_address>0x200005a4</run_address>
         <size>0x4</size>
         <input_file_ref idref="fl-ce"/>
      </object_component>
      <object_component id="oc-14a">
         <name>.data:$O1$$</name>
         <load_address>0x20000594</load_address>
         <run_address>0x20000594</run_address>
         <size>0x8</size>
         <input_file_ref idref="fl-d1"/>
      </object_component>
      <object_component id="oc-119">
         <name>.common:Register_Uart</name>
         <uninitialized>true</uninitialized>
         <run_address>0x200004a8</run_address>
         <size>0x3c</size>
      </object_component>
      <object_component id="oc-102">
         <name>.common:Received_Uart_Data</name>
         <uninitialized>true</uninitialized>
         <run_address>0x2000046c</run_address>
         <size>0x3c</size>
      </object_component>
      <object_component id="oc-118">
         <name>.common:Register_Can</name>
         <uninitialized>true</uninitialized>
         <run_address>0x20000524</run_address>
         <size>0x8</size>
      </object_component>
      <object_component id="oc-117">
         <name>.common:Received_Can_Data</name>
         <uninitialized>true</uninitialized>
         <run_address>0x2000051c</run_address>
         <size>0x8</size>
      </object_component>
      <object_component id="oc-11a">
         <name>.common:canTxMessage</name>
         <uninitialized>true</uninitialized>
         <run_address>0x200004f8</run_address>
         <size>0x14</size>
      </object_component>
      <object_component id="oc-115">
         <name>.common:canRxMessage</name>
         <uninitialized>true</uninitialized>
         <run_address>0x200004e4</run_address>
         <size>0x14</size>
      </object_component>
      <object_component id="oc-116">
         <name>.common:canRxBuffer</name>
         <uninitialized>true</uninitialized>
         <run_address>0x2000052c</run_address>
         <size>0x4</size>
      </object_component>
      <object_component id="oc-222">
         <name>.common:analogValues</name>
         <uninitialized>true</uninitialized>
         <run_address>0x2000050c</run_address>
         <size>0x10</size>
      </object_component>
      <object_component id="oc-2a">
         <name>.stack</name>
         <uninitialized>true</uninitialized>
         <run_address>0x2000026c</run_address>
         <size>0x0</size>
         <input_file_ref idref="fl-c3"/>
      </object_component>
      <object_component id="oc-306">
         <name>.stack</name>
         <uninitialized>true</uninitialized>
         <run_address>0x2000026c</run_address>
         <size>0x0</size>
      </object_component>
      <object_component id="oc-22f">
         <name>.debug_info</name>
         <load_address>0x0</load_address>
         <run_address>0x0</run_address>
         <size>0x4e3</size>
         <input_file_ref idref="fl-2"/>
      </object_component>
      <object_component id="oc-202">
         <name>.debug_info</name>
         <load_address>0x4e3</load_address>
         <run_address>0x4e3</run_address>
         <size>0x400</size>
         <input_file_ref idref="fl-2"/>
      </object_component>
      <object_component id="oc-110">
         <name>.debug_info</name>
         <load_address>0x8e3</load_address>
         <run_address>0x8e3</run_address>
         <size>0x1b3</size>
         <input_file_ref idref="fl-2"/>
      </object_component>
      <object_component id="oc-10b">
         <name>.debug_info</name>
         <load_address>0xa96</load_address>
         <run_address>0xa96</run_address>
         <size>0x8b</size>
         <input_file_ref idref="fl-2"/>
      </object_component>
      <object_component id="oc-106">
         <name>.debug_info</name>
         <load_address>0xb21</load_address>
         <run_address>0xb21</run_address>
         <size>0x18b</size>
         <input_file_ref idref="fl-2"/>
      </object_component>
      <object_component id="oc-1a7">
         <name>.debug_info</name>
         <load_address>0xcac</load_address>
         <run_address>0xcac</run_address>
         <size>0x4e</size>
         <input_file_ref idref="fl-2"/>
      </object_component>
      <object_component id="oc-11c">
         <name>.debug_info</name>
         <load_address>0xcfa</load_address>
         <run_address>0xcfa</run_address>
         <size>0x9a0</size>
         <input_file_ref idref="fl-3"/>
      </object_component>
      <object_component id="oc-38">
         <name>.debug_info</name>
         <load_address>0x169a</load_address>
         <run_address>0x169a</run_address>
         <size>0x4ad</size>
         <input_file_ref idref="fl-3"/>
      </object_component>
      <object_component id="oc-d9">
         <name>.debug_info</name>
         <load_address>0x1b47</load_address>
         <run_address>0x1b47</run_address>
         <size>0x9ae</size>
         <input_file_ref idref="fl-4"/>
      </object_component>
      <object_component id="oc-224">
         <name>.debug_info</name>
         <load_address>0x24f5</load_address>
         <run_address>0x24f5</run_address>
         <size>0x63f</size>
         <input_file_ref idref="fl-5"/>
      </object_component>
      <object_component id="oc-f8">
         <name>.debug_info</name>
         <load_address>0x2b34</load_address>
         <run_address>0x2b34</run_address>
         <size>0x36e5</size>
         <input_file_ref idref="fl-5"/>
      </object_component>
      <object_component id="oc-1a6">
         <name>.debug_info</name>
         <load_address>0x6219</load_address>
         <run_address>0x6219</run_address>
         <size>0x543</size>
         <input_file_ref idref="fl-6"/>
      </object_component>
      <object_component id="oc-192">
         <name>.debug_info</name>
         <load_address>0x675c</load_address>
         <run_address>0x675c</run_address>
         <size>0xcf</size>
         <input_file_ref idref="fl-6"/>
      </object_component>
      <object_component id="oc-1a3">
         <name>.debug_info</name>
         <load_address>0x682b</load_address>
         <run_address>0x682b</run_address>
         <size>0xc9</size>
         <input_file_ref idref="fl-6"/>
      </object_component>
      <object_component id="oc-195">
         <name>.debug_info</name>
         <load_address>0x68f4</load_address>
         <run_address>0x68f4</run_address>
         <size>0xd7</size>
         <input_file_ref idref="fl-6"/>
      </object_component>
      <object_component id="oc-18f">
         <name>.debug_info</name>
         <load_address>0x69cb</load_address>
         <run_address>0x69cb</run_address>
         <size>0xdb</size>
         <input_file_ref idref="fl-6"/>
      </object_component>
      <object_component id="oc-cd">
         <name>.debug_info</name>
         <load_address>0x6aa6</load_address>
         <run_address>0x6aa6</run_address>
         <size>0xbb8</size>
         <input_file_ref idref="fl-6"/>
      </object_component>
      <object_component id="oc-103">
         <name>.debug_info</name>
         <load_address>0x765e</load_address>
         <run_address>0x765e</run_address>
         <size>0x786</size>
         <input_file_ref idref="fl-7"/>
      </object_component>
      <object_component id="oc-8a">
         <name>.debug_info</name>
         <load_address>0x7de4</load_address>
         <run_address>0x7de4</run_address>
         <size>0xd0</size>
         <input_file_ref idref="fl-7"/>
      </object_component>
      <object_component id="oc-8d">
         <name>.debug_info</name>
         <load_address>0x7eb4</load_address>
         <run_address>0x7eb4</run_address>
         <size>0xc8</size>
         <input_file_ref idref="fl-7"/>
      </object_component>
      <object_component id="oc-90">
         <name>.debug_info</name>
         <load_address>0x7f7c</load_address>
         <run_address>0x7f7c</run_address>
         <size>0xcc</size>
         <input_file_ref idref="fl-7"/>
      </object_component>
      <object_component id="oc-93">
         <name>.debug_info</name>
         <load_address>0x8048</load_address>
         <run_address>0x8048</run_address>
         <size>0xd2</size>
         <input_file_ref idref="fl-7"/>
      </object_component>
      <object_component id="oc-96">
         <name>.debug_info</name>
         <load_address>0x811a</load_address>
         <run_address>0x811a</run_address>
         <size>0xd0</size>
         <input_file_ref idref="fl-7"/>
      </object_component>
      <object_component id="oc-99">
         <name>.debug_info</name>
         <load_address>0x81ea</load_address>
         <run_address>0x81ea</run_address>
         <size>0xd4</size>
         <input_file_ref idref="fl-7"/>
      </object_component>
      <object_component id="oc-87">
         <name>.debug_info</name>
         <load_address>0x82be</load_address>
         <run_address>0x82be</run_address>
         <size>0xd1</size>
         <input_file_ref idref="fl-7"/>
      </object_component>
      <object_component id="oc-9f">
         <name>.debug_info</name>
         <load_address>0x838f</load_address>
         <run_address>0x838f</run_address>
         <size>0xca</size>
         <input_file_ref idref="fl-7"/>
      </object_component>
      <object_component id="oc-a5">
         <name>.debug_info</name>
         <load_address>0x8459</load_address>
         <run_address>0x8459</run_address>
         <size>0xd6</size>
         <input_file_ref idref="fl-7"/>
      </object_component>
      <object_component id="oc-9c">
         <name>.debug_info</name>
         <load_address>0x852f</load_address>
         <run_address>0x852f</run_address>
         <size>0xd0</size>
         <input_file_ref idref="fl-7"/>
      </object_component>
      <object_component id="oc-a2">
         <name>.debug_info</name>
         <load_address>0x85ff</load_address>
         <run_address>0x85ff</run_address>
         <size>0xdd</size>
         <input_file_ref idref="fl-7"/>
      </object_component>
      <object_component id="oc-a9">
         <name>.debug_info</name>
         <load_address>0x86dc</load_address>
         <run_address>0x86dc</run_address>
         <size>0xd6</size>
         <input_file_ref idref="fl-7"/>
      </object_component>
      <object_component id="oc-ac">
         <name>.debug_info</name>
         <load_address>0x87b2</load_address>
         <run_address>0x87b2</run_address>
         <size>0xe6</size>
         <input_file_ref idref="fl-7"/>
      </object_component>
      <object_component id="oc-af">
         <name>.debug_info</name>
         <load_address>0x8898</load_address>
         <run_address>0x8898</run_address>
         <size>0x134</size>
         <input_file_ref idref="fl-7"/>
      </object_component>
      <object_component id="oc-b2">
         <name>.debug_info</name>
         <load_address>0x89cc</load_address>
         <run_address>0x89cc</run_address>
         <size>0xe8</size>
         <input_file_ref idref="fl-7"/>
      </object_component>
      <object_component id="oc-fd">
         <name>.debug_info</name>
         <load_address>0x8ab4</load_address>
         <run_address>0x8ab4</run_address>
         <size>0xda</size>
         <input_file_ref idref="fl-7"/>
      </object_component>
      <object_component id="oc-100">
         <name>.debug_info</name>
         <load_address>0x8b8e</load_address>
         <run_address>0x8b8e</run_address>
         <size>0x623</size>
         <input_file_ref idref="fl-7"/>
      </object_component>
      <object_component id="oc-34">
         <name>.debug_info</name>
         <load_address>0x91b1</load_address>
         <run_address>0x91b1</run_address>
         <size>0xb9a3</size>
         <input_file_ref idref="fl-7"/>
      </object_component>
      <object_component id="oc-22b">
         <name>.debug_info</name>
         <load_address>0x14b54</load_address>
         <run_address>0x14b54</run_address>
         <size>0x51</size>
         <input_file_ref idref="fl-7"/>
      </object_component>
      <object_component id="oc-3f">
         <name>.debug_info</name>
         <load_address>0x14ba5</load_address>
         <run_address>0x14ba5</run_address>
         <size>0x390</size>
         <input_file_ref idref="fl-8"/>
      </object_component>
      <object_component id="oc-10">
         <name>.debug_info</name>
         <load_address>0x14f35</load_address>
         <run_address>0x14f35</run_address>
         <size>0xdf</size>
         <input_file_ref idref="fl-8"/>
      </object_component>
      <object_component id="oc-2e">
         <name>.debug_info</name>
         <load_address>0x15014</load_address>
         <run_address>0x15014</run_address>
         <size>0x25b</size>
         <input_file_ref idref="fl-8"/>
      </object_component>
      <object_component id="oc-46">
         <name>.debug_info</name>
         <load_address>0x1526f</load_address>
         <run_address>0x1526f</run_address>
         <size>0x84</size>
         <input_file_ref idref="fl-8"/>
      </object_component>
      <object_component id="oc-27">
         <name>.debug_info</name>
         <load_address>0x152f3</load_address>
         <run_address>0x152f3</run_address>
         <size>0x160</size>
         <input_file_ref idref="fl-c3"/>
      </object_component>
      <object_component id="oc-124">
         <name>.debug_info</name>
         <load_address>0x15453</load_address>
         <run_address>0x15453</run_address>
         <size>0x293</size>
         <input_file_ref idref="fl-c4"/>
      </object_component>
      <object_component id="oc-16">
         <name>.debug_info</name>
         <load_address>0x156e6</load_address>
         <run_address>0x156e6</run_address>
         <size>0x245</size>
         <input_file_ref idref="fl-c4"/>
      </object_component>
      <object_component id="oc-41">
         <name>.debug_info</name>
         <load_address>0x1592b</load_address>
         <run_address>0x1592b</run_address>
         <size>0x60</size>
         <input_file_ref idref="fl-c4"/>
      </object_component>
      <object_component id="oc-11f">
         <name>.debug_info</name>
         <load_address>0x1598b</load_address>
         <run_address>0x1598b</run_address>
         <size>0x46</size>
         <input_file_ref idref="fl-c4"/>
      </object_component>
      <object_component id="oc-56">
         <name>.debug_info</name>
         <load_address>0x159d1</load_address>
         <run_address>0x159d1</run_address>
         <size>0x2da</size>
         <input_file_ref idref="fl-c5"/>
      </object_component>
      <object_component id="oc-1b">
         <name>.debug_info</name>
         <load_address>0x15cab</load_address>
         <run_address>0x15cab</run_address>
         <size>0x1df</size>
         <input_file_ref idref="fl-c5"/>
      </object_component>
      <object_component id="oc-51">
         <name>.debug_info</name>
         <load_address>0x15e8a</load_address>
         <run_address>0x15e8a</run_address>
         <size>0x46</size>
         <input_file_ref idref="fl-c5"/>
      </object_component>
      <object_component id="oc-126">
         <name>.debug_info</name>
         <load_address>0x15ed0</load_address>
         <run_address>0x15ed0</run_address>
         <size>0x2c</size>
         <input_file_ref idref="fl-c5"/>
      </object_component>
      <object_component id="oc-62">
         <name>.debug_info</name>
         <load_address>0x15efc</load_address>
         <run_address>0x15efc</run_address>
         <size>0x2c9</size>
         <input_file_ref idref="fl-c6"/>
      </object_component>
      <object_component id="oc-20">
         <name>.debug_info</name>
         <load_address>0x161c5</load_address>
         <run_address>0x161c5</run_address>
         <size>0x1aa</size>
         <input_file_ref idref="fl-c6"/>
      </object_component>
      <object_component id="oc-5d">
         <name>.debug_info</name>
         <load_address>0x1636f</load_address>
         <run_address>0x1636f</run_address>
         <size>0x46</size>
         <input_file_ref idref="fl-c6"/>
      </object_component>
      <object_component id="oc-12e">
         <name>.debug_info</name>
         <load_address>0x163b5</load_address>
         <run_address>0x163b5</run_address>
         <size>0x2c</size>
         <input_file_ref idref="fl-c6"/>
      </object_component>
      <object_component id="oc-14e">
         <name>.debug_info</name>
         <load_address>0x163e1</load_address>
         <run_address>0x163e1</run_address>
         <size>0x3ce</size>
         <input_file_ref idref="fl-c7"/>
      </object_component>
      <object_component id="oc-148">
         <name>.debug_info</name>
         <load_address>0x167af</load_address>
         <run_address>0x167af</run_address>
         <size>0x185</size>
         <input_file_ref idref="fl-c7"/>
      </object_component>
      <object_component id="oc-7f">
         <name>.debug_info</name>
         <load_address>0x16934</load_address>
         <run_address>0x16934</run_address>
         <size>0x214</size>
         <input_file_ref idref="fl-c7"/>
      </object_component>
      <object_component id="oc-213">
         <name>.debug_info</name>
         <load_address>0x16b48</load_address>
         <run_address>0x16b48</run_address>
         <size>0x132</size>
         <input_file_ref idref="fl-c8"/>
      </object_component>
      <object_component id="oc-218">
         <name>.debug_info</name>
         <load_address>0x16c7a</load_address>
         <run_address>0x16c7a</run_address>
         <size>0x131</size>
         <input_file_ref idref="fl-c9"/>
      </object_component>
      <object_component id="oc-4c">
         <name>.debug_info</name>
         <load_address>0x16dab</load_address>
         <run_address>0x16dab</run_address>
         <size>0x111</size>
         <input_file_ref idref="fl-ca"/>
      </object_component>
      <object_component id="oc-58">
         <name>.debug_info</name>
         <load_address>0x16ebc</load_address>
         <run_address>0x16ebc</run_address>
         <size>0x13f</size>
         <input_file_ref idref="fl-cb"/>
      </object_component>
      <object_component id="oc-64">
         <name>.debug_info</name>
         <load_address>0x16ffb</load_address>
         <run_address>0x16ffb</run_address>
         <size>0x138</size>
         <input_file_ref idref="fl-cc"/>
      </object_component>
      <object_component id="oc-6c">
         <name>.debug_info</name>
         <load_address>0x17133</load_address>
         <run_address>0x17133</run_address>
         <size>0x148</size>
         <input_file_ref idref="fl-cd"/>
      </object_component>
      <object_component id="oc-82">
         <name>.debug_info</name>
         <load_address>0x1727b</load_address>
         <run_address>0x1727b</run_address>
         <size>0x109</size>
         <input_file_ref idref="fl-ce"/>
      </object_component>
      <object_component id="oc-198">
         <name>.debug_info</name>
         <load_address>0x17384</load_address>
         <run_address>0x17384</run_address>
         <size>0x13a</size>
         <input_file_ref idref="fl-cf"/>
      </object_component>
      <object_component id="oc-20f">
         <name>.debug_info</name>
         <load_address>0x174be</load_address>
         <run_address>0x174be</run_address>
         <size>0x126</size>
         <input_file_ref idref="fl-d0"/>
      </object_component>
      <object_component id="oc-254">
         <name>.debug_info</name>
         <load_address>0x175e4</load_address>
         <run_address>0x175e4</run_address>
         <size>0x2be</size>
         <input_file_ref idref="fl-d1"/>
      </object_component>
      <object_component id="oc-14b">
         <name>.debug_info</name>
         <load_address>0x178a2</load_address>
         <run_address>0x178a2</run_address>
         <size>0x113</size>
         <input_file_ref idref="fl-d1"/>
      </object_component>
      <object_component id="oc-24e">
         <name>.debug_info</name>
         <load_address>0x179b5</load_address>
         <run_address>0x179b5</run_address>
         <size>0x21f</size>
         <input_file_ref idref="fl-d1"/>
      </object_component>
      <object_component id="oc-146">
         <name>.debug_info</name>
         <load_address>0x17bd4</load_address>
         <run_address>0x17bd4</run_address>
         <size>0x300</size>
         <input_file_ref idref="fl-d2"/>
      </object_component>
      <object_component id="oc-76">
         <name>.debug_info</name>
         <load_address>0x17ed4</load_address>
         <run_address>0x17ed4</run_address>
         <size>0x167</size>
         <input_file_ref idref="fl-d2"/>
      </object_component>
      <object_component id="oc-245">
         <name>.debug_info</name>
         <load_address>0x1803b</load_address>
         <run_address>0x1803b</run_address>
         <size>0x5e</size>
         <input_file_ref idref="fl-d2"/>
      </object_component>
      <object_component id="oc-144">
         <name>.debug_info</name>
         <load_address>0x18099</load_address>
         <run_address>0x18099</run_address>
         <size>0x483</size>
         <input_file_ref idref="fl-d3"/>
      </object_component>
      <object_component id="oc-70">
         <name>.debug_info</name>
         <load_address>0x1851c</load_address>
         <run_address>0x1851c</run_address>
         <size>0x190</size>
         <input_file_ref idref="fl-d3"/>
      </object_component>
      <object_component id="oc-239">
         <name>.debug_info</name>
         <load_address>0x186ac</load_address>
         <run_address>0x186ac</run_address>
         <size>0x39</size>
         <input_file_ref idref="fl-d3"/>
      </object_component>
      <object_component id="oc-2ca">
         <name>.debug_info</name>
         <load_address>0x186e5</load_address>
         <run_address>0x186e5</run_address>
         <size>0x39</size>
         <input_file_ref idref="fl-d3"/>
      </object_component>
      <object_component id="oc-23e">
         <name>.debug_info</name>
         <load_address>0x1871e</load_address>
         <run_address>0x1871e</run_address>
         <size>0xcd</size>
         <input_file_ref idref="fl-d3"/>
      </object_component>
      <object_component id="oc-235">
         <name>.debug_info</name>
         <load_address>0x187eb</load_address>
         <run_address>0x187eb</run_address>
         <size>0x37a</size>
         <input_file_ref idref="fl-d4"/>
      </object_component>
      <object_component id="oc-13b">
         <name>.debug_info</name>
         <load_address>0x18b65</load_address>
         <run_address>0x18b65</run_address>
         <size>0x183</size>
         <input_file_ref idref="fl-d4"/>
      </object_component>
      <object_component id="oc-2c5">
         <name>.debug_info</name>
         <load_address>0x18ce8</load_address>
         <run_address>0x18ce8</run_address>
         <size>0x2c</size>
         <input_file_ref idref="fl-d4"/>
      </object_component>
      <object_component id="oc-26f">
         <name>.debug_info</name>
         <load_address>0x18d14</load_address>
         <run_address>0x18d14</run_address>
         <size>0x147</size>
         <input_file_ref idref="fl-d5"/>
      </object_component>
      <object_component id="oc-13e">
         <name>.debug_info</name>
         <load_address>0x18e5b</load_address>
         <run_address>0x18e5b</run_address>
         <size>0x145</size>
         <input_file_ref idref="fl-d6"/>
      </object_component>
      <object_component id="oc-2d7">
         <name>.debug_info</name>
         <load_address>0x18fa0</load_address>
         <run_address>0x18fa0</run_address>
         <size>0x24d</size>
         <input_file_ref idref="fl-d7"/>
      </object_component>
      <object_component id="oc-296">
         <name>.debug_info</name>
         <load_address>0x191ed</load_address>
         <run_address>0x191ed</run_address>
         <size>0x333</size>
         <input_file_ref idref="fl-d7"/>
      </object_component>
      <object_component id="oc-29c">
         <name>.debug_info</name>
         <load_address>0x19520</load_address>
         <run_address>0x19520</run_address>
         <size>0x2a0</size>
         <input_file_ref idref="fl-d7"/>
      </object_component>
      <object_component id="oc-28a">
         <name>.debug_info</name>
         <load_address>0x197c0</load_address>
         <run_address>0x197c0</run_address>
         <size>0x2a2</size>
         <input_file_ref idref="fl-d7"/>
      </object_component>
      <object_component id="oc-2b4">
         <name>.debug_info</name>
         <load_address>0x19a62</load_address>
         <run_address>0x19a62</run_address>
         <size>0x2ff</size>
         <input_file_ref idref="fl-d7"/>
      </object_component>
      <object_component id="oc-290">
         <name>.debug_info</name>
         <load_address>0x19d61</load_address>
         <run_address>0x19d61</run_address>
         <size>0x326</size>
         <input_file_ref idref="fl-d7"/>
      </object_component>
      <object_component id="oc-2a8">
         <name>.debug_info</name>
         <load_address>0x1a087</load_address>
         <run_address>0x1a087</run_address>
         <size>0x2a4</size>
         <input_file_ref idref="fl-d7"/>
      </object_component>
      <object_component id="oc-2ae">
         <name>.debug_info</name>
         <load_address>0x1a32b</load_address>
         <run_address>0x1a32b</run_address>
         <size>0x2e7</size>
         <input_file_ref idref="fl-d7"/>
      </object_component>
      <object_component id="oc-2a2">
         <name>.debug_info</name>
         <load_address>0x1a612</load_address>
         <run_address>0x1a612</run_address>
         <size>0x294</size>
         <input_file_ref idref="fl-d7"/>
      </object_component>
      <object_component id="oc-f2">
         <name>.debug_info</name>
         <load_address>0x1a8a6</load_address>
         <run_address>0x1a8a6</run_address>
         <size>0x225</size>
         <input_file_ref idref="fl-d8"/>
      </object_component>
      <object_component id="oc-ed">
         <name>.debug_info</name>
         <load_address>0x1aacb</load_address>
         <run_address>0x1aacb</run_address>
         <size>0x20d</size>
         <input_file_ref idref="fl-d8"/>
      </object_component>
      <object_component id="oc-284">
         <name>.debug_info</name>
         <load_address>0x1acd8</load_address>
         <run_address>0x1acd8</run_address>
         <size>0x19d</size>
         <input_file_ref idref="fl-d9"/>
      </object_component>
      <object_component id="oc-1eb">
         <name>.debug_info</name>
         <load_address>0x1ae75</load_address>
         <run_address>0x1ae75</run_address>
         <size>0x261</size>
         <input_file_ref idref="fl-d9"/>
      </object_component>
      <object_component id="oc-1f1">
         <name>.debug_info</name>
         <load_address>0x1b0d6</load_address>
         <run_address>0x1b0d6</run_address>
         <size>0x227</size>
         <input_file_ref idref="fl-d9"/>
      </object_component>
      <object_component id="oc-1f7">
         <name>.debug_info</name>
         <load_address>0x1b2fd</load_address>
         <run_address>0x1b2fd</run_address>
         <size>0x221</size>
         <input_file_ref idref="fl-d9"/>
      </object_component>
      <object_component id="oc-1fd">
         <name>.debug_info</name>
         <load_address>0x1b51e</load_address>
         <run_address>0x1b51e</run_address>
         <size>0x223</size>
         <input_file_ref idref="fl-d9"/>
      </object_component>
      <object_component id="oc-171">
         <name>.debug_info</name>
         <load_address>0x1b741</load_address>
         <run_address>0x1b741</run_address>
         <size>0x223</size>
         <input_file_ref idref="fl-da"/>
      </object_component>
      <object_component id="oc-21d">
         <name>.debug_info</name>
         <load_address>0x1b964</load_address>
         <run_address>0x1b964</run_address>
         <size>0x2bc</size>
         <input_file_ref idref="fl-da"/>
      </object_component>
      <object_component id="oc-1b4">
         <name>.debug_info</name>
         <load_address>0x1bc20</load_address>
         <run_address>0x1bc20</run_address>
         <size>0x2ba</size>
         <input_file_ref idref="fl-da"/>
      </object_component>
      <object_component id="oc-1c0">
         <name>.debug_info</name>
         <load_address>0x1beda</load_address>
         <run_address>0x1beda</run_address>
         <size>0x294</size>
         <input_file_ref idref="fl-da"/>
      </object_component>
      <object_component id="oc-b5">
         <name>.debug_info</name>
         <load_address>0x1c16e</load_address>
         <run_address>0x1c16e</run_address>
         <size>0x292</size>
         <input_file_ref idref="fl-da"/>
      </object_component>
      <object_component id="oc-1ba">
         <name>.debug_info</name>
         <load_address>0x1c400</load_address>
         <run_address>0x1c400</run_address>
         <size>0x27f</size>
         <input_file_ref idref="fl-da"/>
      </object_component>
      <object_component id="oc-1ae">
         <name>.debug_info</name>
         <load_address>0x1c67f</load_address>
         <run_address>0x1c67f</run_address>
         <size>0x28c</size>
         <input_file_ref idref="fl-da"/>
      </object_component>
      <object_component id="oc-173">
         <name>.debug_info</name>
         <load_address>0x1c90b</load_address>
         <run_address>0x1c90b</run_address>
         <size>0x227</size>
         <input_file_ref idref="fl-db"/>
      </object_component>
      <object_component id="oc-bc">
         <name>.debug_info</name>
         <load_address>0x1cb32</load_address>
         <run_address>0x1cb32</run_address>
         <size>0x27f</size>
         <input_file_ref idref="fl-db"/>
      </object_component>
      <object_component id="oc-19e">
         <name>.debug_info</name>
         <load_address>0x1cdb1</load_address>
         <run_address>0x1cdb1</run_address>
         <size>0x28f</size>
         <input_file_ref idref="fl-db"/>
      </object_component>
      <object_component id="oc-c2">
         <name>.debug_info</name>
         <load_address>0x1d040</load_address>
         <run_address>0x1d040</run_address>
         <size>0x28d</size>
         <input_file_ref idref="fl-db"/>
      </object_component>
      <object_component id="oc-17e">
         <name>.debug_info</name>
         <load_address>0x1d2cd</load_address>
         <run_address>0x1d2cd</run_address>
         <size>0x247</size>
         <input_file_ref idref="fl-db"/>
      </object_component>
      <object_component id="oc-25e">
         <name>.debug_info</name>
         <load_address>0x1d514</load_address>
         <run_address>0x1d514</run_address>
         <size>0x249</size>
         <input_file_ref idref="fl-db"/>
      </object_component>
      <object_component id="oc-178">
         <name>.debug_info</name>
         <load_address>0x1d75d</load_address>
         <run_address>0x1d75d</run_address>
         <size>0x326</size>
         <input_file_ref idref="fl-db"/>
      </object_component>
      <object_component id="oc-d4">
         <name>.debug_info</name>
         <load_address>0x1da83</load_address>
         <run_address>0x1da83</run_address>
         <size>0x253</size>
         <input_file_ref idref="fl-db"/>
      </object_component>
      <object_component id="oc-184">
         <name>.debug_info</name>
         <load_address>0x1dcd6</load_address>
         <run_address>0x1dcd6</run_address>
         <size>0x273</size>
         <input_file_ref idref="fl-db"/>
      </object_component>
      <object_component id="oc-c8">
         <name>.debug_info</name>
         <load_address>0x1df49</load_address>
         <run_address>0x1df49</run_address>
         <size>0x263</size>
         <input_file_ref idref="fl-db"/>
      </object_component>
      <object_component id="oc-18a">
         <name>.debug_info</name>
         <load_address>0x1e1ac</load_address>
         <run_address>0x1e1ac</run_address>
         <size>0x24d</size>
         <input_file_ref idref="fl-db"/>
      </object_component>
      <object_component id="oc-209">
         <name>.debug_info</name>
         <load_address>0x1e3f9</load_address>
         <run_address>0x1e3f9</run_address>
         <size>0x1e8</size>
         <input_file_ref idref="fl-dc"/>
      </object_component>
      <object_component id="oc-1d8">
         <name>.debug_info</name>
         <load_address>0x1e5e1</load_address>
         <run_address>0x1e5e1</run_address>
         <size>0x262</size>
         <input_file_ref idref="fl-dc"/>
      </object_component>
      <object_component id="oc-1c7">
         <name>.debug_info</name>
         <load_address>0x1e843</load_address>
         <run_address>0x1e843</run_address>
         <size>0x29f</size>
         <input_file_ref idref="fl-dc"/>
      </object_component>
      <object_component id="oc-1d2">
         <name>.debug_info</name>
         <load_address>0x1eae2</load_address>
         <run_address>0x1eae2</run_address>
         <size>0x295</size>
         <input_file_ref idref="fl-dc"/>
      </object_component>
      <object_component id="oc-df">
         <name>.debug_info</name>
         <load_address>0x1ed77</load_address>
         <run_address>0x1ed77</run_address>
         <size>0x293</size>
         <input_file_ref idref="fl-dc"/>
      </object_component>
      <object_component id="oc-1cc">
         <name>.debug_info</name>
         <load_address>0x1f00a</load_address>
         <run_address>0x1f00a</run_address>
         <size>0x28b</size>
         <input_file_ref idref="fl-dc"/>
      </object_component>
      <object_component id="oc-1de">
         <name>.debug_info</name>
         <load_address>0x1f295</load_address>
         <run_address>0x1f295</run_address>
         <size>0x261</size>
         <input_file_ref idref="fl-dc"/>
      </object_component>
      <object_component id="oc-e5">
         <name>.debug_info</name>
         <load_address>0x1f4f6</load_address>
         <run_address>0x1f4f6</run_address>
         <size>0x25f</size>
         <input_file_ref idref="fl-dc"/>
      </object_component>
      <object_component id="oc-1e4">
         <name>.debug_info</name>
         <load_address>0x1f755</load_address>
         <run_address>0x1f755</run_address>
         <size>0x258</size>
         <input_file_ref idref="fl-dc"/>
      </object_component>
      <object_component id="oc-307">
         <name>.debug_info</name>
         <load_address>0x1f9ad</load_address>
         <run_address>0x1f9ad</run_address>
         <size>0x95</size>
      </object_component>
      <object_component id="oc-2c2">
         <name>.debug_line</name>
         <load_address>0x0</load_address>
         <run_address>0x0</run_address>
         <size>0xc3</size>
         <input_file_ref idref="fl-2"/>
      </object_component>
      <object_component id="oc-205">
         <name>.debug_line</name>
         <load_address>0xc3</load_address>
         <run_address>0xc3</run_address>
         <size>0xa9</size>
         <input_file_ref idref="fl-2"/>
      </object_component>
      <object_component id="oc-113">
         <name>.debug_line</name>
         <load_address>0x16c</load_address>
         <run_address>0x16c</run_address>
         <size>0x62</size>
         <input_file_ref idref="fl-2"/>
      </object_component>
      <object_component id="oc-10e">
         <name>.debug_line</name>
         <load_address>0x1ce</load_address>
         <run_address>0x1ce</run_address>
         <size>0x20</size>
         <input_file_ref idref="fl-2"/>
      </object_component>
      <object_component id="oc-109">
         <name>.debug_line</name>
         <load_address>0x1ee</load_address>
         <run_address>0x1ee</run_address>
         <size>0x72</size>
         <input_file_ref idref="fl-2"/>
      </object_component>
      <object_component id="oc-1aa">
         <name>.debug_line</name>
         <load_address>0x260</load_address>
         <run_address>0x260</run_address>
         <size>0x72</size>
         <input_file_ref idref="fl-2"/>
      </object_component>
      <object_component id="oc-231">
         <name>.debug_line</name>
         <load_address>0x2d2</load_address>
         <run_address>0x2d2</run_address>
         <size>0x150</size>
         <input_file_ref idref="fl-3"/>
      </object_component>
      <object_component id="oc-3b">
         <name>.debug_line</name>
         <load_address>0x422</load_address>
         <run_address>0x422</run_address>
         <size>0x149</size>
         <input_file_ref idref="fl-3"/>
      </object_component>
      <object_component id="oc-dd">
         <name>.debug_line</name>
         <load_address>0x56b</load_address>
         <run_address>0x56b</run_address>
         <size>0x107</size>
         <input_file_ref idref="fl-4"/>
      </object_component>
      <object_component id="oc-2c0">
         <name>.debug_line</name>
         <load_address>0x672</load_address>
         <run_address>0x672</run_address>
         <size>0xca</size>
         <input_file_ref idref="fl-5"/>
      </object_component>
      <object_component id="oc-fb">
         <name>.debug_line</name>
         <load_address>0x73c</load_address>
         <run_address>0x73c</run_address>
         <size>0x63d</size>
         <input_file_ref idref="fl-5"/>
      </object_component>
      <object_component id="oc-278">
         <name>.debug_line</name>
         <load_address>0xd79</load_address>
         <run_address>0xd79</run_address>
         <size>0x151</size>
         <input_file_ref idref="fl-6"/>
      </object_component>
      <object_component id="oc-269">
         <name>.debug_line</name>
         <load_address>0xeca</load_address>
         <run_address>0xeca</run_address>
         <size>0x64</size>
         <input_file_ref idref="fl-6"/>
      </object_component>
      <object_component id="oc-276">
         <name>.debug_line</name>
         <load_address>0xf2e</load_address>
         <run_address>0xf2e</run_address>
         <size>0x64</size>
         <input_file_ref idref="fl-6"/>
      </object_component>
      <object_component id="oc-26b">
         <name>.debug_line</name>
         <load_address>0xf92</load_address>
         <run_address>0xf92</run_address>
         <size>0x64</size>
         <input_file_ref idref="fl-6"/>
      </object_component>
      <object_component id="oc-267">
         <name>.debug_line</name>
         <load_address>0xff6</load_address>
         <run_address>0xff6</run_address>
         <size>0x64</size>
         <input_file_ref idref="fl-6"/>
      </object_component>
      <object_component id="oc-d1">
         <name>.debug_line</name>
         <load_address>0x105a</load_address>
         <run_address>0x105a</run_address>
         <size>0x397</size>
         <input_file_ref idref="fl-6"/>
      </object_component>
      <object_component id="oc-22a">
         <name>.debug_line</name>
         <load_address>0x13f1</load_address>
         <run_address>0x13f1</run_address>
         <size>0x18d</size>
         <input_file_ref idref="fl-7"/>
      </object_component>
      <object_component id="oc-155">
         <name>.debug_line</name>
         <load_address>0x157e</load_address>
         <run_address>0x157e</run_address>
         <size>0x68</size>
         <input_file_ref idref="fl-7"/>
      </object_component>
      <object_component id="oc-157">
         <name>.debug_line</name>
         <load_address>0x15e6</load_address>
         <run_address>0x15e6</run_address>
         <size>0x68</size>
         <input_file_ref idref="fl-7"/>
      </object_component>
      <object_component id="oc-159">
         <name>.debug_line</name>
         <load_address>0x164e</load_address>
         <run_address>0x164e</run_address>
         <size>0x68</size>
         <input_file_ref idref="fl-7"/>
      </object_component>
      <object_component id="oc-15b">
         <name>.debug_line</name>
         <load_address>0x16b6</load_address>
         <run_address>0x16b6</run_address>
         <size>0x68</size>
         <input_file_ref idref="fl-7"/>
      </object_component>
      <object_component id="oc-15d">
         <name>.debug_line</name>
         <load_address>0x171e</load_address>
         <run_address>0x171e</run_address>
         <size>0x68</size>
         <input_file_ref idref="fl-7"/>
      </object_component>
      <object_component id="oc-15f">
         <name>.debug_line</name>
         <load_address>0x1786</load_address>
         <run_address>0x1786</run_address>
         <size>0x68</size>
         <input_file_ref idref="fl-7"/>
      </object_component>
      <object_component id="oc-153">
         <name>.debug_line</name>
         <load_address>0x17ee</load_address>
         <run_address>0x17ee</run_address>
         <size>0x68</size>
         <input_file_ref idref="fl-7"/>
      </object_component>
      <object_component id="oc-163">
         <name>.debug_line</name>
         <load_address>0x1856</load_address>
         <run_address>0x1856</run_address>
         <size>0x65</size>
         <input_file_ref idref="fl-7"/>
      </object_component>
      <object_component id="oc-167">
         <name>.debug_line</name>
         <load_address>0x18bb</load_address>
         <run_address>0x18bb</run_address>
         <size>0x65</size>
         <input_file_ref idref="fl-7"/>
      </object_component>
      <object_component id="oc-161">
         <name>.debug_line</name>
         <load_address>0x1920</load_address>
         <run_address>0x1920</run_address>
         <size>0x65</size>
         <input_file_ref idref="fl-7"/>
      </object_component>
      <object_component id="oc-165">
         <name>.debug_line</name>
         <load_address>0x1985</load_address>
         <run_address>0x1985</run_address>
         <size>0x65</size>
         <input_file_ref idref="fl-7"/>
      </object_component>
      <object_component id="oc-169">
         <name>.debug_line</name>
         <load_address>0x19ea</load_address>
         <run_address>0x19ea</run_address>
         <size>0x62</size>
         <input_file_ref idref="fl-7"/>
      </object_component>
      <object_component id="oc-16b">
         <name>.debug_line</name>
         <load_address>0x1a4c</load_address>
         <run_address>0x1a4c</run_address>
         <size>0x63</size>
         <input_file_ref idref="fl-7"/>
      </object_component>
      <object_component id="oc-16d">
         <name>.debug_line</name>
         <load_address>0x1aaf</load_address>
         <run_address>0x1aaf</run_address>
         <size>0x63</size>
         <input_file_ref idref="fl-7"/>
      </object_component>
      <object_component id="oc-16f">
         <name>.debug_line</name>
         <load_address>0x1b12</load_address>
         <run_address>0x1b12</run_address>
         <size>0x63</size>
         <input_file_ref idref="fl-7"/>
      </object_component>
      <object_component id="oc-226">
         <name>.debug_line</name>
         <load_address>0x1b75</load_address>
         <run_address>0x1b75</run_address>
         <size>0x63</size>
         <input_file_ref idref="fl-7"/>
      </object_component>
      <object_component id="oc-228">
         <name>.debug_line</name>
         <load_address>0x1bd8</load_address>
         <run_address>0x1bd8</run_address>
         <size>0x38</size>
         <input_file_ref idref="fl-7"/>
      </object_component>
      <object_component id="oc-32">
         <name>.debug_line</name>
         <load_address>0x1c10</load_address>
         <run_address>0x1c10</run_address>
         <size>0x1fd0</size>
         <input_file_ref idref="fl-7"/>
      </object_component>
      <object_component id="oc-22d">
         <name>.debug_line</name>
         <load_address>0x3be0</load_address>
         <run_address>0x3be0</run_address>
         <size>0x65</size>
         <input_file_ref idref="fl-7"/>
      </object_component>
      <object_component id="oc-11e">
         <name>.debug_line</name>
         <load_address>0x3c45</load_address>
         <run_address>0x3c45</run_address>
         <size>0x41</size>
         <input_file_ref idref="fl-8"/>
      </object_component>
      <object_component id="oc-3e">
         <name>.debug_line</name>
         <load_address>0x3c86</load_address>
         <run_address>0x3c86</run_address>
         <size>0x41</size>
         <input_file_ref idref="fl-8"/>
      </object_component>
      <object_component id="oc-2c">
         <name>.debug_line</name>
         <load_address>0x3cc7</load_address>
         <run_address>0x3cc7</run_address>
         <size>0xa1</size>
         <input_file_ref idref="fl-8"/>
      </object_component>
      <object_component id="oc-49">
         <name>.debug_line</name>
         <load_address>0x3d68</load_address>
         <run_address>0x3d68</run_address>
         <size>0x20</size>
         <input_file_ref idref="fl-8"/>
      </object_component>
      <object_component id="oc-25">
         <name>.debug_line</name>
         <load_address>0x3d88</load_address>
         <run_address>0x3d88</run_address>
         <size>0x53</size>
         <input_file_ref idref="fl-c3"/>
      </object_component>
      <object_component id="oc-233">
         <name>.debug_line</name>
         <load_address>0x3ddb</load_address>
         <run_address>0x3ddb</run_address>
         <size>0x20</size>
         <input_file_ref idref="fl-c4"/>
      </object_component>
      <object_component id="oc-13">
         <name>.debug_line</name>
         <load_address>0x3dfb</load_address>
         <run_address>0x3dfb</run_address>
         <size>0xa9</size>
         <input_file_ref idref="fl-c4"/>
      </object_component>
      <object_component id="oc-44">
         <name>.debug_line</name>
         <load_address>0x3ea4</load_address>
         <run_address>0x3ea4</run_address>
         <size>0x3a</size>
         <input_file_ref idref="fl-c4"/>
      </object_component>
      <object_component id="oc-122">
         <name>.debug_line</name>
         <load_address>0x3ede</load_address>
         <run_address>0x3ede</run_address>
         <size>0x8a</size>
         <input_file_ref idref="fl-c4"/>
      </object_component>
      <object_component id="oc-12c">
         <name>.debug_line</name>
         <load_address>0x3f68</load_address>
         <run_address>0x3f68</run_address>
         <size>0x8a</size>
         <input_file_ref idref="fl-c5"/>
      </object_component>
      <object_component id="oc-1a">
         <name>.debug_line</name>
         <load_address>0x3ff2</load_address>
         <run_address>0x3ff2</run_address>
         <size>0x55</size>
         <input_file_ref idref="fl-c5"/>
      </object_component>
      <object_component id="oc-54">
         <name>.debug_line</name>
         <load_address>0x4047</load_address>
         <run_address>0x4047</run_address>
         <size>0x3a</size>
         <input_file_ref idref="fl-c5"/>
      </object_component>
      <object_component id="oc-129">
         <name>.debug_line</name>
         <load_address>0x4081</load_address>
         <run_address>0x4081</run_address>
         <size>0x8a</size>
         <input_file_ref idref="fl-c5"/>
      </object_component>
      <object_component id="oc-134">
         <name>.debug_line</name>
         <load_address>0x410b</load_address>
         <run_address>0x410b</run_address>
         <size>0x8a</size>
[...]
      </symbol>
      <symbol id="sm-619">
         <name>PortCIntHandler</name>
         <value>0x2c3d</value>
         <object_component_ref idref="oc-31"/>
      </symbol>
      <symbol id="sm-61a">
         <name>BatteryVoltage2</name>
         <value>0x20000553</value>
         <object_component_ref idref="oc-ff"/>
      </symbol>
      <symbol id="sm-61b">
         <name>BatteryVoltage1</name>
         <value>0x20000552</value>
         <object_component_ref idref="oc-ff"/>
      </symbol>
      <symbol id="sm-61c">
         <name>isErrorSys</name>
         <value>0x20000584</value>
         <object_component_ref idref="oc-ff"/>
      </symbol>
      <symbol id="sm-61d">
         <name>GPIOPinTypeHibernateRTCCLK</name>
         <value>0x289d</value>
         <object_component_ref idref="oc-31"/>
      </symbol>
      <symbol id="sm-61e">
         <name>ui32C</name>
         <value>0x20000570</value>
         <object_component_ref idref="oc-ff"/>
      </symbol>
      <symbol id="sm-61f">
         <name>GPIODMATriggerEnable</name>
         <value>0x2b2b</value>
         <object_component_ref idref="oc-31"/>
      </symbol>
      <symbol id="sm-620">
         <name>GPIOPinTypeEthernetMII</name>
         <value>0x280d</value>
         <object_component_ref idref="oc-31"/>
      </symbol>
      <symbol id="sm-621">
         <name>GPIOPinWrite</name>
         <value>0x26f1</value>
         <object_component_ref idref="oc-31"/>
      </symbol>
      <symbol id="sm-622">
         <name>SysCtlPWMClockSet</name>
         <value>0x13e7</value>
         <object_component_ref idref="oc-31"/>
      </symbol>
      <symbol id="sm-623">
         <name>mVoltage</name>
         <value>0x2000056c</value>
         <object_component_ref idref="oc-ff"/>
      </symbol>
      <symbol id="sm-624">
         <name>GPIOPadConfigSet</name>
         <value>0x2259</value>
         <object_component_ref idref="oc-31"/>
      </symbol>
      <symbol id="sm-625">
         <name>wheelCounter</name>
         <value>0x2000057c</value>
         <object_component_ref idref="oc-ff"/>
      </symbol>
      <symbol id="sm-626">
         <name>GPIOPinTypeLCD</name>
         <value>0x2909</value>
         <object_component_ref idref="oc-31"/>
      </symbol>
      <symbol id="sm-627">
         <name>g_pfnRAMVectors</name>
         <value>0x20000000</value>
         <object_component_ref idref="oc-86"/>
      </symbol>
      <symbol id="sm-628">
         <name>GPIOPinTypeSSI</name>
         <value>0x2999</value>
         <object_component_ref idref="oc-31"/>
      </symbol>
      <symbol id="sm-629">
         <name>SysCtlUSBPLLEnable</name>
         <value>0x144f</value>
         <object_component_ref idref="oc-31"/>
      </symbol>
      <symbol id="sm-62a">
         <name>SysCtlPeripheralSleepEnable</name>
         <value>0x98d</value>
         <object_component_ref idref="oc-31"/>
      </symbol>
      <symbol id="sm-62b">
         <name>SysCtlIntUnregister</name>
         <value>0xb0d</value>
         <object_component_ref idref="oc-31"/>
      </symbol>
      <symbol id="sm-62c">
         <name>GPIOPinTypeTimer</name>
         <value>0x29bd</value>
         <object_component_ref idref="oc-31"/>
      </symbol>
      <symbol id="sm-62d">
         <name>Device_Address</name>
         <value>0x20000530</value>
         <object_component_ref idref="oc-ff"/>
      </symbol>
      <symbol id="sm-62e">
         <name>GPIOPinTypeCAN</name>
         <value>0x2735</value>
         <object_component_ref idref="oc-31"/>
      </symbol>
      <symbol id="sm-62f">
         <name>SysCtlUSBPLLDisable</name>
         <value>0x145b</value>
         <object_component_ref idref="oc-31"/>
      </symbol>
      <symbol id="sm-630">
         <name>CPUcpsie</name>
         <value>0x283</value>
         <object_component_ref idref="oc-31"/>
      </symbol>
      <symbol id="sm-631">
         <name>CPUcpsid</name>
         <value>0x26d</value>
         <object_component_ref idref="oc-31"/>
      </symbol>
      <symbol id="sm-632">
         <name>isRxFlag</name>
         <value>0x2000055c</value>
         <object_component_ref idref="oc-ff"/>
      </symbol>
      <symbol id="sm-633">
         <name>mSeconds</name>
         <value>0x20000580</value>
         <object_component_ref idref="oc-ff"/>
      </symbol>
      <symbol id="sm-634">
         <name>CPUwfi</name>
         <value>0x28f</value>
         <object_component_ref idref="oc-31"/>
      </symbol>
      <symbol id="sm-635">
         <name>SysCtlPeripheralReady</name>
         <value>0x7b9</value>
         <object_component_ref idref="oc-31"/>
      </symbol>
      <symbol id="sm-636">
         <name>CANRetrySet</name>
         <value>0x1a35</value>
         <object_component_ref idref="oc-31"/>
      </symbol>
      <symbol id="sm-637">
         <name>SysCtlPIOSCCalibrate</name>
         <value>0xc21</value>
         <object_component_ref idref="oc-31"/>
      </symbol>
      <symbol id="sm-638">
         <name>SysCtlResetCauseClear</name>
         <value>0xbf7</value>
         <object_component_ref idref="oc-31"/>
      </symbol>
      <symbol id="sm-639">
         <name>SysCtlLDOSleepGet</name>
         <value>0xb85</value>
         <object_component_ref idref="oc-31"/>
      </symbol>
      <symbol id="sm-63a">
         <name>SysCtlClockFreqSet</name>
         <value>0xcd1</value>
         <object_component_ref idref="oc-31"/>
      </symbol>
      <symbol id="sm-63b">
         <name>period</name>
         <value>0x20000538</value>
         <object_component_ref idref="oc-ff"/>
      </symbol>
      <symbol id="sm-63c">
         <name>IntMasterEnable</name>
         <value>0x2ad</value>
         <object_component_ref idref="oc-31"/>
      </symbol>
      <symbol id="sm-63d">
         <name>SysCtlPeripheralReset</name>
         <value>0x879</value>
         <object_component_ref idref="oc-31"/>
      </symbol>
      <symbol id="sm-63e">
         <name>motorControllerHeat1</name>
         <value>0x20000533</value>
         <object_component_ref idref="oc-ff"/>
      </symbol>
      <symbol id="sm-63f">
         <name>motorControllerHeat2</name>
         <value>0x20000534</value>
         <object_component_ref idref="oc-ff"/>
      </symbol>
      <symbol id="sm-640">
         <name>GPIOPinTypeEPI</name>
         <value>0x27c5</value>
         <object_component_ref idref="oc-31"/>
      </symbol>
      <symbol id="sm-641">
         <name>GPIOPinTypeEthernetLED</name>
         <value>0x27e9</value>
         <object_component_ref idref="oc-31"/>
      </symbol>
      <symbol id="sm-642">
         <name>IntPendSet</name>
         <value>0x561</value>
         <object_component_ref idref="oc-31"/>
      </symbol>
      <symbol id="sm-643">
         <name>GPIOPinWakeStatus</name>
         <value>0x2abd</value>
         <object_component_ref idref="oc-31"/>
      </symbol>
      <symbol id="sm-664">
         <name>ResetISR</name>
         <value>0x4e19</value>
         <object_component_ref idref="oc-2b"/>
      </symbol>
      <symbol id="sm-665">
         <name>g_pfnVectors</name>
         <value>0x0</value>
         <object_component_ref idref="oc-f"/>
      </symbol>
      <symbol id="sm-676">
         <name>_c_int00</name>
         <value>0x4a19</value>
         <object_component_ref idref="oc-24"/>
      </symbol>
      <symbol id="sm-677">
         <name>__stack</name>
         <value>0x2000026c</value>
         <object_component_ref idref="oc-2a"/>
      </symbol>
      <symbol id="sm-695">
         <name>__TI_decompress_lzss</name>
         <value>0x4951</value>
         <object_component_ref idref="oc-12"/>
      </symbol>
      <symbol id="sm-6ac">
         <name>__TI_decompress_none</name>
         <value>0x4df3</value>
         <object_component_ref idref="oc-18"/>
      </symbol>
      <symbol id="sm-6c3">
         <name>__TI_zero_init</name>
         <value>0x4e0d</value>
         <object_component_ref idref="oc-1e"/>
      </symbol>
      <symbol id="sm-6e4">
         <name>C$$EXIT</name>
         <value>0x4a6d</value>
         <object_component_ref idref="oc-7b"/>
      </symbol>
      <symbol id="sm-6e5">
         <name>abort</name>
         <value>0x4a71</value>
         <object_component_ref idref="oc-7b"/>
      </symbol>
      <symbol id="sm-6e6">
         <name>exit</name>
         <value>0x4a79</value>
         <object_component_ref idref="oc-7b"/>
      </symbol>
      <symbol id="sm-6e7">
         <name>__TI_dtors_ptr</name>
         <value>0x2000058c</value>
         <object_component_ref idref="oc-147"/>
      </symbol>
      <symbol id="sm-6e8">
         <name>__TI_cleanup_ptr</name>
         <value>0x20000588</value>
         <object_component_ref idref="oc-147"/>
      </symbol>
      <symbol id="sm-6e9">
         <name>__TI_enable_exit_profile_output</name>
         <value>0x20000590</value>
         <object_component_ref idref="oc-147"/>
      </symbol>
      <symbol id="sm-6f4">
         <name>__aeabi_dmul</name>
         <value>0x4655</value>
         <object_component_ref idref="oc-212"/>
      </symbol>
      <symbol id="sm-6fe">
         <name>__aeabi_d2uiz</name>
         <value>0x4ba3</value>
         <object_component_ref idref="oc-217"/>
      </symbol>
      <symbol id="sm-719">
         <name>memcpy</name>
         <value>0x4751</value>
         <object_component_ref idref="oc-4b"/>
      </symbol>
      <symbol id="sm-71a">
         <name>__aeabi_memcpy</name>
         <value>0x4751</value>
         <object_component_ref idref="oc-4b"/>
      </symbol>
      <symbol id="sm-71b">
         <name>__aeabi_memcpy8</name>
         <value>0x4751</value>
         <object_component_ref idref="oc-4b"/>
      </symbol>
      <symbol id="sm-71c">
         <name>__aeabi_memcpy4</name>
         <value>0x4751</value>
         <object_component_ref idref="oc-4b"/>
      </symbol>
      <symbol id="sm-72b">
         <name>__aeabi_memset</name>
         <value>0x4869</value>
         <object_component_ref idref="oc-57"/>
      </symbol>
      <symbol id="sm-72c">
         <name>memset</name>
         <value>0x486f</value>
         <object_component_ref idref="oc-57"/>
      </symbol>
      <symbol id="sm-72d">
         <name>__aeabi_memset8</name>
         <value>0x4869</value>
         <object_component_ref idref="oc-57"/>
      </symbol>
      <symbol id="sm-72e">
         <name>__aeabi_memset4</name>
         <value>0x4869</value>
         <object_component_ref idref="oc-57"/>
      </symbol>
      <symbol id="sm-72f">
         <name>__aeabi_memclr8</name>
         <value>0x4867</value>
         <object_component_ref idref="oc-57"/>
      </symbol>
      <symbol id="sm-730">
         <name>__aeabi_memclr4</name>
         <value>0x4867</value>
         <object_component_ref idref="oc-57"/>
      </symbol>
      <symbol id="sm-731">
         <name>__aeabi_memclr</name>
         <value>0x4867</value>
         <object_component_ref idref="oc-57"/>
      </symbol>
      <symbol id="sm-73b">
         <name>__mpu_init</name>
         <value>0x4ea1</value>
         <object_component_ref idref="oc-63"/>
      </symbol>
      <symbol id="sm-745">
         <name>_system_pre_init</name>
         <value>0x4e9d</value>
         <object_component_ref idref="oc-69"/>
      </symbol>
      <symbol id="sm-74d">
         <name>main_func_sp</name>
         <value>0x200005a4</value>
         <object_component_ref idref="oc-81"/>
      </symbol>
      <symbol id="sm-75c">
         <name>__aeabi_uidivmod</name>
         <value>0x4be7</value>
         <object_component_ref idref="oc-197"/>
      </symbol>
      <symbol id="sm-75d">
         <name>__aeabi_uidiv</name>
         <value>0x4be7</value>
         <object_component_ref idref="oc-197"/>
      </symbol>
      <symbol id="sm-767">
         <name>__aeabi_ui2d</name>
         <value>0x4c75</value>
         <object_component_ref idref="oc-20d"/>
      </symbol>
      <symbol id="sm-780">
         <name>_nop</name>
         <value>0x4d43</value>
         <object_component_ref idref="oc-24c"/>
      </symbol>
      <symbol id="sm-781">
         <name>_lock</name>
         <value>0x20000594</value>
         <object_component_ref idref="oc-14a"/>
      </symbol>
      <symbol id="sm-782">
         <name>_unlock</name>
         <value>0x20000598</value>
         <object_component_ref idref="oc-14a"/>
      </symbol>
      <symbol id="sm-783">
         <name>_register_lock</name>
         <value>0x4d3b</value>
         <object_component_ref idref="oc-24c"/>
      </symbol>
      <symbol id="sm-784">
         <name>_register_unlock</name>
         <value>0x4d35</value>
         <object_component_ref idref="oc-24c"/>
      </symbol>
      <symbol id="sm-798">
         <name>_args_main</name>
         <value>0x4ccd</value>
         <object_component_ref idref="oc-75"/>
      </symbol>
      <symbol id="sm-7c2">
         <name>__TI_auto_init</name>
         <value>0x48e1</value>
         <object_component_ref idref="oc-6f"/>
      </symbol>
      <symbol id="sm-7dc">
         <name>copy_in</name>
         <value>0x4b11</value>
         <object_component_ref idref="oc-137"/>
      </symbol>
      <symbol id="sm-7e6">
         <name>__aeabi_idiv0</name>
         <value>0x4ccb</value>
         <object_component_ref idref="oc-26c"/>
      </symbol>
      <symbol id="sm-7f0">
         <name>_system_post_cinit</name>
         <value>0x4ea3</value>
         <object_component_ref idref="oc-13d"/>
      </symbol>
      <symbol id="sm-83e">
         <name>ADCProcessorTrigger</name>
         <value>0x4cb3</value>
         <object_component_ref idref="oc-2a6"/>
      </symbol>
      <symbol id="sm-83f">
         <name>ADCSequenceEnable</name>
         <value>0x4dbb</value>
         <object_component_ref idref="oc-29a"/>
      </symbol>
      <symbol id="sm-840">
         <name>ADCSequenceConfigure</name>
         <value>0x4ac1</value>
         <object_component_ref idref="oc-28e"/>
      </symbol>
      <symbol id="sm-841">
         <name>ADCSequenceStepConfigure</name>
         <value>0x47ed</value>
         <object_component_ref idref="oc-294"/>
      </symbol>
      <symbol id="sm-842">
         <name>ADCIntClear</name>
         <value>0x4e25</value>
         <object_component_ref idref="oc-2a0"/>
      </symbol>
      <symbol id="sm-843">
         <name>ADCIntStatus</name>
         <value>0x4c27</value>
         <object_component_ref idref="oc-2ac"/>
      </symbol>
      <symbol id="sm-844">
         <name>ADCSequenceDisable</name>
         <value>0x4dad</value>
         <object_component_ref idref="oc-288"/>
      </symbol>
      <symbol id="sm-845">
         <name>ADCSequenceDataGet</name>
         <value>0x4c95</value>
         <object_component_ref idref="oc-2b2"/>
      </symbol>
      <symbol id="sm-85b">
         <name>FPULazyStackingEnable</name>
         <value>0x4d7d</value>
         <object_component_ref idref="oc-f0"/>
      </symbol>
      <symbol id="sm-85c">
         <name>FPUEnable</name>
         <value>0x4d6d</value>
         <object_component_ref idref="oc-ea"/>
      </symbol>
      <symbol id="sm-889">
         <name>SysTickEnable</name>
         <value>0x4cf9</value>
         <object_component_ref idref="oc-1f5"/>
      </symbol>
      <symbol id="sm-88a">
         <name>SysTickIntEnable</name>
         <value>0x4d0d</value>
         <object_component_ref idref="oc-1ef"/>
      </symbol>
      <symbol id="sm-88b">
         <name>SysTickPeriodSet</name>
         <value>0x4d8d</value>
         <object_component_ref idref="oc-1e9"/>
      </symbol>
      <symbol id="sm-88c">
         <name>SysTickDisable</name>
         <value>0x4ce5</value>
         <object_component_ref idref="oc-1fb"/>
      </symbol>
      <symbol id="sm-8c8">
         <name>TimerMatchSet</name>
         <value>0x4d5b</value>
         <object_component_ref idref="oc-21c"/>
      </symbol>
      <symbol id="sm-8c9">
         <name>TimerLoadSet</name>
         <value>0x4d49</value>
         <object_component_ref idref="oc-1b3"/>
      </symbol>
      <symbol id="sm-8ca">
         <name>TimerEnable</name>
         <value>0x4dc9</value>
         <object_component_ref idref="oc-1b9"/>
      </symbol>
      <symbol id="sm-8cb">
         <name>TimerIntEnable</name>
         <value>0x4e75</value>
         <object_component_ref idref="oc-1bf"/>
      </symbol>
      <symbol id="sm-8cc">
         <name>TimerConfigure</name>
         <value>0x49b9</value>
         <object_component_ref idref="oc-1ad"/>
      </symbol>
      <symbol id="sm-8cd">
         <name>TimerIntClear</name>
         <value>0x4e91</value>
         <object_component_ref idref="oc-b4"/>
      </symbol>
      <symbol id="sm-928">
         <name>UARTConfigSetExpClk</name>
         <value>0x4b5d</value>
         <object_component_ref idref="oc-176"/>
      </symbol>
      <symbol id="sm-929">
         <name>UARTDisable</name>
         <value>0x4c55</value>
         <object_component_ref idref="oc-25c"/>
      </symbol>
      <symbol id="sm-92a">
         <name>UARTIntEnable</name>
         <value>0x4e7d</value>
         <object_component_ref idref="oc-19c"/>
      </symbol>
      <symbol id="sm-92b">
         <name>UARTCharsAvail</name>
         <value>0x4de5</value>
         <object_component_ref idref="oc-d2"/>
      </symbol>
      <symbol id="sm-92c">
         <name>UARTCharGetNonBlocking</name>
         <value>0x4dd7</value>
         <object_component_ref idref="oc-c6"/>
      </symbol>
      <symbol id="sm-92d">
         <name>UARTCharPut</name>
         <value>0x4e39</value>
         <object_component_ref idref="oc-182"/>
      </symbol>
      <symbol id="sm-92e">
         <name>UARTEnable</name>
         <value>0x4d21</value>
         <object_component_ref idref="oc-17c"/>
      </symbol>
      <symbol id="sm-92f">
         <name>UARTIntClear</name>
         <value>0x4e95</value>
         <object_component_ref idref="oc-c0"/>
      </symbol>
      <symbol id="sm-930">
         <name>UARTIntStatus</name>
         <value>0x4e43</value>
         <object_component_ref idref="oc-ba"/>
      </symbol>
      <symbol id="sm-931">
         <name>UARTCharGet</name>
         <value>0x4e2f</value>
         <object_component_ref idref="oc-188"/>
      </symbol>
      <symbol id="sm-976">
         <name>WatchdogIntClear</name>
         <value>0x4e8b</value>
         <object_component_ref idref="oc-e4"/>
      </symbol>
      <symbol id="sm-977">
         <name>WatchdogReloadSet</name>
         <value>0x4e99</value>
         <object_component_ref idref="oc-1c5"/>
      </symbol>
      <symbol id="sm-978">
         <name>WatchdogResetEnable</name>
         <value>0x4e6b</value>
         <object_component_ref idref="oc-1d7"/>
      </symbol>
      <symbol id="sm-979">
         <name>WatchdogEnable</name>
         <value>0x4e4d</value>
         <object_component_ref idref="oc-1e3"/>
      </symbol>
      <symbol id="sm-97a">
         <name>WatchdogIntRegister</name>
         <value>0x4d9d</value>
         <object_component_ref idref="oc-1cb"/>
      </symbol>
      <symbol id="sm-97b">
         <name>WatchdogIntStatus</name>
         <value>0x4e61</value>
         <object_component_ref idref="oc-de"/>
      </symbol>
      <symbol id="sm-97c">
         <name>WatchdogIntEnable</name>
         <value>0x4e57</value>
         <object_component_ref idref="oc-1dd"/>
      </symbol>
      <symbol id="sm-97d">
         <name>WatchdogIntTypeSet</name>
         <value>0x4e01</value>
         <object_component_ref idref="oc-1d1"/>
      </symbol>
      <symbol id="sm-97e">
         <name>__TI_static_base__</name>
         <value>0x0</value>
      </symbol>
      <symbol id="sm-981">
         <name>SHT$$INIT_ARRAY$$Limit</name>
         <value>0x0</value>
      </symbol>
      <symbol id="sm-982">
         <name>SHT$$INIT_ARRAY$$Base</name>
         <value>0x0</value>
      </symbol>
   </symbol_table>
   <title>Link successful</title>
</link_info>
