******************************************************************************
                  TI ARM Linker PC v16.9.6                     
******************************************************************************
>> Linked Sun May 20 15:29:54 2018

OUTPUT FILE NAME:   <Ae2Can.out>
ENTRY POINT SYMBOL: "_c_int00"  address: 00004f7d


MEMORY CONFIGURATION

         name            origin    length      used     unused   attr    fill
----------------------  --------  ---------  --------  --------  ----  --------
  FLASH                 00000000   00010000  00005a98  0000a568  R  X
  SRAM                  20000000   00006000  00000578  00005a88  RW X


SEGMENT ALLOCATION MAP

run origin  load origin   length   init length attrs members
----------  ----------- ---------- ----------- ----- -------
00000000    00000000    00005a98   00005a98    r-x
  00000000    00000000    0000026c   0000026c    r-- .intvecs
  0000026c    0000026c    000051f4   000051f4    r-x .text
  00005460    00005460    000005e0   000005e0    r-- .const
  00005a40    00005a40    00000058   00000058    r-- .cinit
20000000    20000000    00000578   00000000    rw-
  20000000    20000000    0000026c   00000000    rw- .vtable
  2000026c    2000026c    00000200   00000000    rw- .stack
  2000046c    2000046c    0000009c   00000000    rw- .data
  20000508    20000508    00000070   00000000    rw- .bss


SECTION ALLOCATION MAP

 output                                  attributes/
section   page    origin      length       input sections
--------  ----  ----------  ----------   ----------------
.intvecs   0    00000000    0000026c     
                  00000000    0000026c     tm4c1231d5pm_startup_ccs.obj (.intvecs)

.text      0    0000026c    000051f4     
                  0000026c    00002b14     main.obj (.text)
                  00002d80    000009e8     LoopFunctions.obj (.text)
                  00003768    00000694     UARTFunction.obj (.text)
                  00003dfc    000004c8     CANFunction.obj (.text)
                  000042c4    00000310     InitialConfiguration.obj (.text)
                  000045d4    00000288     ADCFunction.obj (.text)
                  0000485c    000001b6     rtsv7M4_T_le_v4SPD16_eabi.lib : fd_add_t2.obj (.text)
                  00004a12    00000136                                   : fd_div_t2.obj (.text)
                  00004b48    000000fc                                   : fd_mul_t2.obj (.text)
                  00004c44    0000009c                                   : memcpy_t2.obj (.text)
                  00004ce0    0000007a     driverlib.lib : adc.obj (.text:ADCSequenceStepConfigure)
                  00004d5a    0000007a     rtsv7M4_T_le_v4SPD16_eabi.lib : memset_t2.obj (.text)
                  00004dd4    00000070                                   : autoinit.obj (.text)
                  00004e44    0000006e                                   : fd_tos_t2.obj (.text)
                  00004eb2    00000068                                   : copy_decompress_lzss.obj (.text:decompress:lzss)
                  00004f1a    00000002                                   : i_div0.obj (.text)
                  00004f1c    00000060     driverlib.lib : timer.obj (.text:TimerConfigure)
                  00004f7c    00000054     rtsv7M4_T_le_v4SPD16_eabi.lib : boot.obj (.text)
                  00004fd0    00000054                                   : exit.obj (.text)
                  00005024    00000050     driverlib.lib : adc.obj (.text:ADCSequenceConfigure)
                  00005074    0000004c     rtsv7M4_T_le_v4SPD16_eabi.lib : cpy_tbl.obj (.text)
                  000050c0    00000046     driverlib.lib : uart.obj (.text:UARTConfigSetExpClk)
                  00005106    00000044     rtsv7M4_T_le_v4SPD16_eabi.lib : fd_tou_t2.obj (.text)
                  0000514a    00000040                                   : u_divt2.obj (.text)
                  0000518a    00000038                                   : fs_tod_t2.obj (.text)
                  000051c2    0000002e     driverlib.lib : adc.obj (.text:ADCIntStatus)
                  000051f0    00000020                   : uart.obj (.text:UARTDisable)
                  00005210    00000020     rtsv7M4_T_le_v4SPD16_eabi.lib : u_tofd_t2.obj (.text)
                  00005230    0000001e     driverlib.lib : adc.obj (.text:ADCSequenceDataGet)
                  0000524e    00000018                   : adc.obj (.text:ADCProcessorTrigger)
                  00005266    00000002     rtsv7M4_T_le_v4SPD16_eabi.lib : mpu_init.obj (.text)
                  00005268    00000018                                   : args_main.obj (.text)
                  00005280    00000014     driverlib.lib : systick.obj (.text:SysTickDisable)
                  00005294    00000014                   : systick.obj (.text:SysTickEnable)
                  000052a8    00000014                   : systick.obj (.text:SysTickIntEnable)
                  000052bc    00000014                   : uart.obj (.text:UARTEnable)
                  000052d0    00000014     rtsv7M4_T_le_v4SPD16_eabi.lib : _lock.obj (.text)
                  000052e4    00000012     driverlib.lib : timer.obj (.text:TimerLoadSet)
                  000052f6    00000012                   : timer.obj (.text:TimerMatchSet)
                  00005308    00000010                   : fpu.obj (.text:FPUEnable)
                  00005318    00000010                   : fpu.obj (.text:FPULazyStackingEnable)
                  00005328    00000010                   : systick.obj (.text:SysTickPeriodSet)
                  00005338    00000010                   : watchdog.obj (.text:WatchdogIntRegister)
                  00005348    0000000e                   : adc.obj (.text:ADCHardwareOversampleConfigure)
                  00005356    0000000e                   : adc.obj (.text:ADCSequenceDisable)
                  00005364    0000000e                   : adc.obj (.text:ADCSequenceEnable)
                  00005372    0000000e                   : timer.obj (.text:TimerEnable)
                  00005380    0000000e                   : uart.obj (.text:UARTCharGetNonBlocking)
                  0000538e    0000000e                   : uart.obj (.text:UARTCharPutNonBlocking)
                  0000539c    0000000e                   : uart.obj (.text:UARTCharsAvail)
                  000053aa    0000000e     rtsv7M4_T_le_v4SPD16_eabi.lib : copy_decompress_none.obj (.text:decompress:none)
                  000053b8    0000000c     driverlib.lib : watchdog.obj (.text:WatchdogIntTypeSet)
                  000053c4    0000000c     rtsv7M4_T_le_v4SPD16_eabi.lib : copy_zero_init.obj (.text:decompress:ZI)
                  000053d0    0000000c     tm4c1231d5pm_startup_ccs.obj (.text)
                  000053dc    0000000a     driverlib.lib : adc.obj (.text:ADCIntClear)
                  000053e6    0000000a                   : uart.obj (.text:UARTCharGet)
                  000053f0    0000000a                   : uart.obj (.text:UARTCharPut)
                  000053fa    0000000a                   : uart.obj (.text:UARTIntStatus)
                  00005404    0000000a                   : watchdog.obj (.text:WatchdogEnable)
                  0000540e    0000000a                   : watchdog.obj (.text:WatchdogIntEnable)
                  00005418    0000000a                   : watchdog.obj (.text:WatchdogIntStatus)
                  00005422    0000000a                   : watchdog.obj (.text:WatchdogResetEnable)
                  0000542c    00000008                   : timer.obj (.text:TimerIntEnable)
                  00005434    00000008                   : uart.obj (.text:UARTIntEnable)
                  0000543c    00000006     main.obj (.text:SysCtlDelay)
                  00005442    00000006     driverlib.lib : uart.obj (.text:UARTClockSourceSet)
                  00005448    00000006                   : watchdog.obj (.text:WatchdogIntClear)
                  0000544e    00000004                   : timer.obj (.text:TimerIntClear)
                  00005452    00000004                   : uart.obj (.text:UARTIntClear)
                  00005456    00000004                   : watchdog.obj (.text:WatchdogReloadSet)
                  0000545a    00000004     rtsv7M4_T_le_v4SPD16_eabi.lib : pre_init.obj (.text)
                  0000545e    00000002                                   : startup.obj (.text)

.const     0    00005460    000005e0     
                  00005460    000001b0     main.obj (.const:g_pppui32XTALtoVCO)
                  00005610    000000d8     main.obj (.const:g_ppui32GPIOIntMapSnowflake)
                  000056e8    000000c0     main.obj (.const:g_ppui32GPIOIntMapBlizzard)
                  000057a8    0000009c     main.obj (.const:g_pui32Regs)
                  00005844    00000090     main.obj (.const:g_pui32GPIOBaseAddrs)
                  000058d4    0000006c     main.obj (.const:g_pui32Xtals)
                  00005940    00000030     main.obj (.const:g_sXTALtoMEMTIM)
                  00005970    00000020     main.obj (.const:g_pui32Priority)
                  00005990    00000020     main.obj (.const:g_ui16CANBitValues)
                  000059b0    00000014     main.obj (.const:g_pui32Dii16Regs)
                  000059c4    00000014     main.obj (.const:g_pui32EnRegs)
                  000059d8    00000014     main.obj (.const:g_pui32PendRegs)
                  000059ec    00000014     main.obj (.const:g_pui32UnpendRegs)
                  00005a00    00000012     UARTFunction.obj (.const:.string)
                  00005a12    00000002     --HOLE-- [fill = 0]
                  00005a14    0000000c     UARTFunction.obj (.const:g_ui32UARTBase)
                  00005a20    0000000c     UARTFunction.obj (.const:g_ui32UARTPeriph)
                  00005a2c    00000008     main.obj (.const:g_pui32VCOFrequencies)
                  00005a34    00000008     main.obj (.const)
                  00005a3c    00000004     UARTFunction.obj (.const)

.cinit     0    00005a40    00000058     
                  00005a40    00000024     (.cinit..data.load) [load image, compression = lzss]
                  00005a64    0000000c     (__TI_handler_table)
                  00005a70    00000008     (.cinit..bss.load) [load image, compression = zero_init]
                  00005a78    00000008     (.cinit..vtable.load) [load image, compression = zero_init]
                  00005a80    00000018     (__TI_cinit_table)

.init_array 
*          0    00000000    00000000     UNINITIALIZED

.vtable    0    20000000    0000026c     UNINITIALIZED
                  20000000    0000026c     main.obj (.vtable)

.stack     0    2000026c    00000200     UNINITIALIZED
                  2000026c    00000200     --HOLE--

.data      0    2000046c    0000009c     UNINITIALIZED
                  2000046c    0000007c     main.obj (.data)
                  200004e8    0000000c     rtsv7M4_T_le_v4SPD16_eabi.lib : exit.obj (.data:$O1$$)
                  200004f4    00000008                                   : _lock.obj (.data:$O1$$)
                  200004fc    00000005     UARTFunction.obj (.data)
                  20000501    00000003     --HOLE--
                  20000504    00000004     rtsv7M4_T_le_v4SPD16_eabi.lib : stkdepth_vars.obj (.data)

.bss       0    20000508    00000070     UNINITIALIZED
                  20000508    00000020     (.common:Register_Uart)
                  20000528    00000014     (.common:canRxMessage)
                  2000053c    00000014     (.common:canTxMessage)
                  20000550    00000010     (.common:analogValues)
                  20000560    00000008     (.common:Received_Can_Data)
                  20000568    00000008     (.common:Register_Can)
                  20000570    00000004     (.common:UartPrefix)
                  20000574    00000004     (.common:canRxBuffer)

MODULE SUMMARY

       Module                         code    ro data   rw data
       ------                         ----    -------   -------
    .\
       main.obj                       11034   1456      856    
       LoopFunctions.obj              2536    0         0      
       UARTFunction.obj               1684    46        5      
       CANFunction.obj                1224    0         0      
       InitialConfiguration.obj       784     0         0      
       ADCFunction.obj                648     0         0      
       tm4c1231d5pm_startup_ccs.obj   12      620       0      
    +--+------------------------------+-------+---------+---------+
       Total:                         17922   2122      861    
                                                               
    D:/CodeComposer/ti/TivaWare_C_Series-2.1.4.178/driverlib/ccs/Debug/driverlib.lib
       adc.obj                        354     0         0      
       uart.obj                       212     0         0      
       timer.obj                      158     0         0      
       watchdog.obj                   78      0         0      
       systick.obj                    76      0         0      
       fpu.obj                        32      0         0      
    +--+------------------------------+-------+---------+---------+
       Total:                         910     0         0      
                                                               
    D:\CodeComposer\ti\ccsv7\tools\compiler\ti-cgt-arm_16.9.6.LTS\lib\rtsv7M4_T_le_v4SPD16_eabi.lib
       fd_add_t2.obj                  438     0         0      
       fd_div_t2.obj                  310     0         0      
       fd_mul_t2.obj                  252     0         0      
       memcpy_t2.obj                  156     0         0      
       memset_t2.obj                  122     0         0      
       autoinit.obj                   112     0         0      
       fd_tos_t2.obj                  110     0         0      
       copy_decompress_lzss.obj       104     0         0      
       exit.obj                       84      0         12     
       boot.obj                       84      0         0      
       cpy_tbl.obj                    76      0         0      
       fd_tou_t2.obj                  68      0         0      
       u_divt2.obj                    64      0         0      
       fs_tod_t2.obj                  56      0         0      
       u_tofd_t2.obj                  32      0         0      
       _lock.obj                      20      0         8      
       args_main.obj                  24      0         0      
       copy_decompress_none.obj       14      0         0      
       copy_zero_init.obj             12      0         0      
       pre_init.obj                   4       0         0      
       stkdepth_vars.obj              0       0         4      
       i_div0.obj                     2       0         0      
       mpu_init.obj                   2       0         0      
       startup.obj                    2       0         0      
    +--+------------------------------+-------+---------+---------+
       Total:                         2148    0         24     
                                                               
       Stack:                         0       0         512    
       Linker Generated:              0       88        0      
    +--+------------------------------+-------+---------+---------+
       Grand Total:                   20980   2210      1397   


LINKER GENERATED COPY TABLES

__TI_cinit_table @ 00005a80 records: 3, size/record: 8, table size: 24
	.data: load addr=00005a40, load size=00000024 bytes, run addr=2000046c, run size=0000009c bytes, compression=lzss
	.bss: load addr=00005a70, load size=00000008 bytes, run addr=20000508, run size=00000070 bytes, compression=zero_init
	.vtable: load addr=00005a78, load size=00000008 bytes, run addr=20000000, run size=0000026c bytes, compression=zero_init


LINKER GENERATED HANDLER TABLE

__TI_handler_table @ 00005a64 records: 3, size/record: 4, table size: 12
	index: 0, handler: __TI_zero_init
	index: 1, handler: __TI_decompress_lzss
	index: 2, handler: __TI_decompress_none


GLOBAL SYMBOLS: SORTED ALPHABETICALLY BY Name 

address   name                            
-------   ----                            
00005349  ADCHardwareOversampleConfigure  
000045d5  ADCInit                         
000053dd  ADCIntClear                     
000051c3  ADCIntStatus                    
0000524f  ADCProcessorTrigger             
00005025  ADCSequenceConfigure            
00005231  ADCSequenceDataGet              
00005357  ADCSequenceDisable              
00005365  ADCSequenceEnable               
00004ce1  ADCSequenceStepConfigure        
00004fd1  C$$EXIT                         
000017f9  CANBitRateSet                   
0000178d  CANBitTimingGet                 
000018bf  CANBitTimingSet                 
00001775  CANDisable                      
0000175d  CANEnable                       
00001b0b  CANErrCntrGet                   
000016e1  CANInit                         
000019fb  CANIntClear                     
0000199b  CANIntDisable                   
00001985  CANIntEnable                    
00003e6f  CANIntHandler                   
0000194d  CANIntRegister                  
000019b1  CANIntStatus                    
0000196b  CANIntUnregister                
00001fdd  CANMessageClear                 
00001dd3  CANMessageGet                   
00001b41  CANMessageSet                   
00001a67  CANRetryGet                     
00001a35  CANRetrySet                     
00001a85  CANStatusGet                    
000002a1  CPUbasepriGet                   
00000293  CPUbasepriSet                   
0000026d  CPUcpsid                        
00000283  CPUcpsie                        
00000279  CPUprimask                      
0000028f  CPUwfi                          
00003dfd  CanInit                         
00003f41  CanReceived                     
0000417d  CanWrite                        
00002ce5  CrcCalc                         
2000046c  Device_Address                  
00005309  FPUEnable                       
00005319  FPULazyStackingEnable           
00002b85  GPIOADCTriggerDisable           
00002b67  GPIOADCTriggerEnable            
00002b49  GPIODMATriggerDisable           
00002b2b  GPIODMATriggerEnable            
000020cb  GPIODirModeGet                  
0000206f  GPIODirModeSet                  
0000263b  GPIOIntClear                    
000025ff  GPIOIntDisable                  
000025e5  GPIOIntEnable                   
0000264f  GPIOIntRegister                 
00002687  GPIOIntRegisterPin              
00002619  GPIOIntStatus                   
000021bb  GPIOIntTypeGet                  
00002117  GPIOIntTypeSet                  
0000266d  GPIOIntUnregister               
000026b5  GPIOIntUnregisterPin            
00002493  GPIOPadConfigGet                
00002259  GPIOPadConfigSet                
00002acd  GPIOPinConfigure                
000026d9  GPIOPinRead                     
00002711  GPIOPinTypeADC                  
00002735  GPIOPinTypeCAN                  
00002759  GPIOPinTypeComparator           
0000277d  GPIOPinTypeComparatorOutput     
000027a1  GPIOPinTypeDIVSCLK              
000027c5  GPIOPinTypeEPI                  
000027e9  GPIOPinTypeEthernetLED          
0000280d  GPIOPinTypeEthernetMII          
00002831  GPIOPinTypeGPIOInput            
00002855  GPIOPinTypeGPIOOutput           
00002879  GPIOPinTypeGPIOOutputOD         
0000289d  GPIOPinTypeHibernateRTCCLK      
000028c1  GPIOPinTypeI2C                  
000028e5  GPIOPinTypeI2CSCL               
00002909  GPIOPinTypeLCD                  
0000292d  GPIOPinTypeOneWire              
00002951  GPIOPinTypePWM                  
00002975  GPIOPinTypeQEI                  
00002999  GPIOPinTypeSSI                  
000029bd  GPIOPinTypeTimer                
000029e1  GPIOPinTypeTrace                
00002a05  GPIOPinTypeUART                 
00002a29  GPIOPinTypeUSBAnalog            
00002a4d  GPIOPinTypeUSBDigital           
00002a71  GPIOPinTypeWakeHigh             
00002a97  GPIOPinTypeWakeLow              
00002abd  GPIOPinWakeStatus               
000026f1  GPIOPinWrite                    
0000467b  GetADCResults                   
000042c5  InitMotorPwm                    
00004361  InitialConfiguration            
0000046b  IntDisable                      
000003f9  IntEnable                       
000004dd  IntIsEnabled                    
000002bd  IntMasterDisable                
000002ad  IntMasterEnable                 
000005d1  IntPendClear                    
00000561  IntPendSet                      
000003d5  IntPriorityGet                  
0000034d  IntPriorityGroupingGet          
00000333  IntPriorityGroupingSet          
0000062b  IntPriorityMaskGet              
0000061f  IntPriorityMaskSet              
00000385  IntPrioritySet                  
000002cd  IntRegister                     
00000633  IntTrigger                      
0000031f  IntUnregister                   
00004555  LedFlash                        
00003493  LoopFunction                    
0000359b  MotorDrive                      
000036e5  MotorStop                       
000033fb  PWMClockGet                     
000033db  PWMClockSet                     
00002f25  PWMDeadBandDisable              
00002eed  PWMDeadBandEnable               
000032a1  PWMFaultIntClear                
000032d3  PWMFaultIntClearExt             
000031bb  PWMFaultIntRegister             
000031d9  PWMFaultIntUnregister           
00002d81  PWMGenConfigure                 
00002e3f  PWMGenDisable                   
00002e25  PWMGenEnable                    
000033a5  PWMGenFaultClear                
000032f1  PWMGenFaultConfigure            
0000336f  PWMGenFaultStatus               
0000334b  PWMGenFaultTriggerGet           
00003321  PWMGenFaultTriggerSet           
00003259  PWMGenIntClear                  
0000312d  PWMGenIntRegister               
0000322f  PWMGenIntStatus                 
00003211  PWMGenIntTrigDisable            
000031f3  PWMGenIntTrigEnable             
00003155  PWMGenIntUnregister             
00002dfb  PWMGenPeriodGet                 
00002dcb  PWMGenPeriodSet                 
00003289  PWMIntDisable                   
00003271  PWMIntEnable                    
000032b3  PWMIntStatus                    
00002ffb  PWMOutputFault                  
00002fc9  PWMOutputFaultLevel             
00002f97  PWMOutputInvert                 
00002f65  PWMOutputState                  
00003425  PWMOutputUpdateMode             
00002ea3  PWMPulseWidthGet                
00002e59  PWMPulseWidthSet                
00002f53  PWMSyncTimeBase                 
00002f41  PWMSyncUpdate                   
00002c53  PortCIntHandler                 
00002be5  PortEIntHandler                 
20000560  Received_Can_Data               
20000568  Register_Can                    
20000508  Register_Uart                   
000053d1  ResetISR                        
UNDEFED   SHT$$INIT_ARRAY$$Base           
UNDEFED   SHT$$INIT_ARRAY$$Limit          
000015a9  SysCtlAltClkConfig              
00000cd1  SysCtlClockFreqSet              
00001199  SysCtlClockGet                  
0000158d  SysCtlClockOutConfig            
00000fc9  SysCtlClockSet                  
00000bd5  SysCtlDeepSleep                 
0000135d  SysCtlDeepSleepClockConfigSet   
0000133f  SysCtlDeepSleepClockSet         
00000bb5  SysCtlDeepSleepPowerSet         
0000543d  SysCtlDelay                     
0000074f  SysCtlFlashSectorSizeGet        
00000723  SysCtlFlashSizeGet              
00001433  SysCtlGPIOAHBDisable            
00001417  SysCtlGPIOAHBEnable             
00000b49  SysCtlIntClear                  
00000b35  SysCtlIntDisable                
00000b1d  SysCtlIntEnable                 
00000af9  SysCtlIntRegister               
00000b59  SysCtlIntStatus                 
00000b0d  SysCtlIntUnregister             
00000b9b  SysCtlLDODeepSleepGet           
00000b8b  SysCtlLDODeepSleepSet           
00000b85  SysCtlLDOSleepGet               
00000b75  SysCtlLDOSleepSet               
00000c0b  SysCtlMOSCConfigSet             
00001571  SysCtlNMIClear                  
0000155d  SysCtlNMIStatus                 
00000c21  SysCtlPIOSCCalibrate            
00001401  SysCtlPWMClockGet               
000013e7  SysCtlPWMClockSet               
00000aa1  SysCtlPeripheralClockGating     
00000a61  SysCtlPeripheralDeepSleepDisable
00000a09  SysCtlPeripheralDeepSleepEnable 
00000949  SysCtlPeripheralDisable         
00000905  SysCtlPeripheralEnable          
00000839  SysCtlPeripheralPowerOff        
000007f9  SysCtlPeripheralPowerOn         
00000779  SysCtlPeripheralPresent         
000007b9  SysCtlPeripheralReady           
00000879  SysCtlPeripheralReset           
000009cd  SysCtlPeripheralSleepDisable    
0000098d  SysCtlPeripheralSleepEnable     
00000bc5  SysCtlReset                     
00000c81  SysCtlResetBehaviorGet          
00000c71  SysCtlResetBehaviorSet          
00000bf7  SysCtlResetCauseClear           
00000bf1  SysCtlResetCauseGet             
00000719  SysCtlSRAMSizeGet               
00000bcd  SysCtlSleep                     
00000ba1  SysCtlSleepPowerSet             
0000145b  SysCtlUSBPLLDisable             
0000144f  SysCtlUSBPLLEnable              
000014a1  SysCtlVCOGet                    
00001489  SysCtlVoltageEventClear         
0000146d  SysCtlVoltageEventConfig        
0000147d  SysCtlVoltageEventStatus        
00005281  SysTickDisable                  
00005295  SysTickEnable                   
000052a9  SysTickIntEnable                
00002ba3  SysTickIntHandler               
00005329  SysTickPeriodSet                
00004f1d  TimerConfigure                  
00005373  TimerEnable                     
0000432b  TimerInit                       
0000544f  TimerIntClear                   
0000542d  TimerIntEnable                  
000052e5  TimerLoadSet                    
000052f7  TimerMatchSet                   
00002ba5  TimerTick                       
000053e7  UARTCharGet                     
00005381  UARTCharGetNonBlocking          
000053f1  UARTCharPut                     
0000538f  UARTCharPutNonBlocking          
0000539d  UARTCharsAvail                  
00005443  UARTClockSourceSet              
000050c1  UARTConfigSetExpClk             
000051f1  UARTDisable                     
000052bd  UARTEnable                      
00005453  UARTIntClear                    
00005435  UARTIntEnable                   
00003c53  UARTIntHandler                  
000053fb  UARTIntStatus                   
00003769  UARTStdioConfig                 
000038af  UARTgetc                        
000037f5  UARTgets                        
00003bcf  UARTprintf                      
000038d5  UARTvprintf                     
000037af  UARTwrite                       
00003bf3  UartInit                        
20000570  UartPrefix                      
200004b9  Uart_Data_received              
00005405  WatchdogEnable                  
00005449  WatchdogIntClear                
0000540f  WatchdogIntEnable               
00002cc1  WatchdogIntHandler              
00005339  WatchdogIntRegister             
00005419  WatchdogIntStatus               
000053b9  WatchdogIntTypeSet              
00005457  WatchdogReloadSet               
00005423  WatchdogResetEnable             
2000046c  __STACK_END                     
00000200  __STACK_SIZE                    
2000046c  __STACK_TOP                     
00005a80  __TI_CINIT_Base                 
00005a98  __TI_CINIT_Limit                
00005a64  __TI_Handler_Table_Base         
00005a70  __TI_Handler_Table_Limit        
00004dd5  __TI_auto_init                  
200004e8  __TI_cleanup_ptr                
00004eb3  __TI_decompress_lzss            
000053ab  __TI_decompress_none            
200004ec  __TI_dtors_ptr                  
200004f0  __TI_enable_exit_profile_output 
ffffffff  __TI_pprof_out_hndl             
ffffffff  __TI_prof_data_size             
ffffffff  __TI_prof_data_start            
00000000  __TI_static_base__              
000053c5  __TI_zero_init                  
00004e45  __aeabi_d2f                     
00005107  __aeabi_d2uiz                   
00004867  __aeabi_dadd                    
00004a13  __aeabi_ddiv                    
00004b49  __aeabi_dmul                    
0000485d  __aeabi_dsub                    
0000518b  __aeabi_f2d                     
00004f1b  __aeabi_idiv0                   
00004d5b  __aeabi_memclr                  
00004d5b  __aeabi_memclr4                 
00004d5b  __aeabi_memclr8                 
00004c45  __aeabi_memcpy                  
00004c45  __aeabi_memcpy4                 
00004c45  __aeabi_memcpy8                 
00004d5d  __aeabi_memset                  
00004d5d  __aeabi_memset4                 
00004d5d  __aeabi_memset8                 
00005211  __aeabi_ui2d                    
0000514b  __aeabi_uidiv                   
0000514b  __aeabi_uidivmod                
ffffffff  __binit__                       
ffffffff  __c_args__                      
00005267  __mpu_init                      
2000026c  __stack                         
00005269  _args_main                      
00004f7d  _c_int00                        
200004f4  _lock                           
000052df  _nop                            
000052d7  _register_lock                  
000052d1  _register_unlock                
0000545f  _system_post_cinit              
0000545b  _system_pre_init                
200004f8  _unlock                         
00004fd5  abort                           
20000550  analogValues                    
200004a8  batteryCurrent1                 
200004a9  batteryCurrent2                 
200004ac  batteryHeat1                    
200004ad  batteryHeat2                    
200004aa  batteryVoltage1                 
200004ab  batteryVoltage2                 
ffffffff  binit                           
200004b8  canAddressFrom                  
200004b7  canAddressTo                    
200004b6  canCategory                     
20000574  canRxBuffer                     
20000528  canRxMessage                    
2000053c  canTxMessage                    
200004e0  clearWatchdog                   
00005075  copy_in                         
200004b0  counter                         
200004e4  crc                             
200004d8  curMotorEncoder                 
200004d4  curWheelEncoder                 
200004a0  errSpeed                        
00004fdd  exit                            
20000000  g_pfnRAMVectors                 
00000000  g_pfnVectors                    
200004b5  isErrFlag                       
200004b4  isRxFlag                        
200004cc  lastMotorEncoder                
200004d0  lastWheelEncoder                
200004c0  loopCounter                     
200004dc  mSeconds                        
200004c4  mVoltage                        
00002d21  main                            
20000504  main_func_sp                    
20000498  maxSpeed                        
00004c45  memcpy                          
00004d63  memset                          
2000049c  minSpeed                        
2000046d  mosfetHeat1                     
2000046e  mosfetHeat2                     
2000046f  motorControllerHeat1            
20000470  motorControllerHeat2            
2000048c  motorEncoder                    
2000047c  period                          
20000480  speed                           
20000474  speedMotor                      
200004a4  speedResult                     
20000494  speedValue                      
20000478  speedWheel                      
20000484  statBreak                       
20000488  statDeadSwitch                  
200004bc  uartDataCounter                 
200004c8  ui32C                           
20000490  wheelEncoder                    


GLOBAL SYMBOLS: SORTED BY Symbol Address 

address   name                            
-------   ----                            
00000000  __TI_static_base__              
00000000  g_pfnVectors                    
00000200  __STACK_SIZE                    
0000026d  CPUcpsid                        
00000279  CPUprimask                      
00000283  CPUcpsie                        
0000028f  CPUwfi                          
00000293  CPUbasepriSet                   
000002a1  CPUbasepriGet                   
000002ad  IntMasterEnable                 
000002bd  IntMasterDisable                
000002cd  IntRegister                     
0000031f  IntUnregister                   
00000333  IntPriorityGroupingSet          
0000034d  IntPriorityGroupingGet          
00000385  IntPrioritySet                  
000003d5  IntPriorityGet                  
000003f9  IntEnable                       
0000046b  IntDisable                      
000004dd  IntIsEnabled                    
00000561  IntPendSet                      
000005d1  IntPendClear                    
0000061f  IntPriorityMaskSet              
0000062b  IntPriorityMaskGet              
00000633  IntTrigger                      
00000719  SysCtlSRAMSizeGet               
00000723  SysCtlFlashSizeGet              
0000074f  SysCtlFlashSectorSizeGet        
00000779  SysCtlPeripheralPresent         
000007b9  SysCtlPeripheralReady           
000007f9  SysCtlPeripheralPowerOn         
00000839  SysCtlPeripheralPowerOff        
00000879  SysCtlPeripheralReset           
00000905  SysCtlPeripheralEnable          
00000949  SysCtlPeripheralDisable         
0000098d  SysCtlPeripheralSleepEnable     
000009cd  SysCtlPeripheralSleepDisable    
00000a09  SysCtlPeripheralDeepSleepEnable 
00000a61  SysCtlPeripheralDeepSleepDisable
00000aa1  SysCtlPeripheralClockGating     
00000af9  SysCtlIntRegister               
00000b0d  SysCtlIntUnregister             
00000b1d  SysCtlIntEnable                 
00000b35  SysCtlIntDisable                
00000b49  SysCtlIntClear                  
00000b59  SysCtlIntStatus                 
00000b75  SysCtlLDOSleepSet               
00000b85  SysCtlLDOSleepGet               
00000b8b  SysCtlLDODeepSleepSet           
00000b9b  SysCtlLDODeepSleepGet           
00000ba1  SysCtlSleepPowerSet             
00000bb5  SysCtlDeepSleepPowerSet         
00000bc5  SysCtlReset                     
00000bcd  SysCtlSleep                     
00000bd5  SysCtlDeepSleep                 
00000bf1  SysCtlResetCauseGet             
00000bf7  SysCtlResetCauseClear           
00000c0b  SysCtlMOSCConfigSet             
00000c21  SysCtlPIOSCCalibrate            
00000c71  SysCtlResetBehaviorSet          
00000c81  SysCtlResetBehaviorGet          
00000cd1  SysCtlClockFreqSet              
00000fc9  SysCtlClockSet                  
00001199  SysCtlClockGet                  
0000133f  SysCtlDeepSleepClockSet         
0000135d  SysCtlDeepSleepClockConfigSet   
000013e7  SysCtlPWMClockSet               
00001401  SysCtlPWMClockGet               
00001417  SysCtlGPIOAHBEnable             
00001433  SysCtlGPIOAHBDisable            
0000144f  SysCtlUSBPLLEnable              
0000145b  SysCtlUSBPLLDisable             
0000146d  SysCtlVoltageEventConfig        
0000147d  SysCtlVoltageEventStatus        
00001489  SysCtlVoltageEventClear         
000014a1  SysCtlVCOGet                    
0000155d  SysCtlNMIStatus                 
00001571  SysCtlNMIClear                  
0000158d  SysCtlClockOutConfig            
000015a9  SysCtlAltClkConfig              
000016e1  CANInit                         
0000175d  CANEnable                       
00001775  CANDisable                      
0000178d  CANBitTimingGet                 
000017f9  CANBitRateSet                   
000018bf  CANBitTimingSet                 
0000194d  CANIntRegister                  
0000196b  CANIntUnregister                
00001985  CANIntEnable                    
0000199b  CANIntDisable                   
000019b1  CANIntStatus                    
000019fb  CANIntClear                     
00001a35  CANRetrySet                     
00001a67  CANRetryGet                     
00001a85  CANStatusGet                    
00001b0b  CANErrCntrGet                   
00001b41  CANMessageSet                   
00001dd3  CANMessageGet                   
00001fdd  CANMessageClear                 
0000206f  GPIODirModeSet                  
000020cb  GPIODirModeGet                  
00002117  GPIOIntTypeSet                  
000021bb  GPIOIntTypeGet                  
00002259  GPIOPadConfigSet                
00002493  GPIOPadConfigGet                
000025e5  GPIOIntEnable                   
000025ff  GPIOIntDisable                  
00002619  GPIOIntStatus                   
0000263b  GPIOIntClear                    
0000264f  GPIOIntRegister                 
0000266d  GPIOIntUnregister               
00002687  GPIOIntRegisterPin              
000026b5  GPIOIntUnregisterPin            
000026d9  GPIOPinRead                     
000026f1  GPIOPinWrite                    
00002711  GPIOPinTypeADC                  
00002735  GPIOPinTypeCAN                  
00002759  GPIOPinTypeComparator           
0000277d  GPIOPinTypeComparatorOutput     
000027a1  GPIOPinTypeDIVSCLK              
000027c5  GPIOPinTypeEPI                  
000027e9  GPIOPinTypeEthernetLED          
0000280d  GPIOPinTypeEthernetMII          
00002831  GPIOPinTypeGPIOInput            
00002855  GPIOPinTypeGPIOOutput           
00002879  GPIOPinTypeGPIOOutputOD         
0000289d  GPIOPinTypeHibernateRTCCLK      
000028c1  GPIOPinTypeI2C                  
000028e5  GPIOPinTypeI2CSCL               
00002909  GPIOPinTypeLCD                  
0000292d  GPIOPinTypeOneWire              
00002951  GPIOPinTypePWM                  
00002975  GPIOPinTypeQEI                  
00002999  GPIOPinTypeSSI                  
000029bd  GPIOPinTypeTimer                
000029e1  GPIOPinTypeTrace                
00002a05  GPIOPinTypeUART                 
00002a29  GPIOPinTypeUSBAnalog            
00002a4d  GPIOPinTypeUSBDigital           
00002a71  GPIOPinTypeWakeHigh             
00002a97  GPIOPinTypeWakeLow              
00002abd  GPIOPinWakeStatus               
00002acd  GPIOPinConfigure                
00002b2b  GPIODMATriggerEnable            
00002b49  GPIODMATriggerDisable           
00002b67  GPIOADCTriggerEnable            
00002b85  GPIOADCTriggerDisable           
00002ba3  SysTickIntHandler               
00002ba5  TimerTick                       
00002be5  PortEIntHandler                 
00002c53  PortCIntHandler                 
00002cc1  WatchdogIntHandler              
00002ce5  CrcCalc                         
00002d21  main                            
00002d81  PWMGenConfigure                 
00002dcb  PWMGenPeriodSet                 
00002dfb  PWMGenPeriodGet                 
00002e25  PWMGenEnable                    
00002e3f  PWMGenDisable                   
00002e59  PWMPulseWidthSet                
00002ea3  PWMPulseWidthGet                
00002eed  PWMDeadBandEnable               
00002f25  PWMDeadBandDisable              
00002f41  PWMSyncUpdate                   
00002f53  PWMSyncTimeBase                 
00002f65  PWMOutputState                  
00002f97  PWMOutputInvert                 
00002fc9  PWMOutputFaultLevel             
00002ffb  PWMOutputFault                  
0000312d  PWMGenIntRegister               
00003155  PWMGenIntUnregister             
000031bb  PWMFaultIntRegister             
000031d9  PWMFaultIntUnregister           
000031f3  PWMGenIntTrigEnable             
00003211  PWMGenIntTrigDisable            
0000322f  PWMGenIntStatus                 
00003259  PWMGenIntClear                  
00003271  PWMIntEnable                    
00003289  PWMIntDisable                   
000032a1  PWMFaultIntClear                
000032b3  PWMIntStatus                    
000032d3  PWMFaultIntClearExt             
000032f1  PWMGenFaultConfigure            
00003321  PWMGenFaultTriggerSet           
0000334b  PWMGenFaultTriggerGet           
0000336f  PWMGenFaultStatus               
000033a5  PWMGenFaultClear                
000033db  PWMClockSet                     
000033fb  PWMClockGet                     
00003425  PWMOutputUpdateMode             
00003493  LoopFunction                    
0000359b  MotorDrive                      
000036e5  MotorStop                       
00003769  UARTStdioConfig                 
000037af  UARTwrite                       
000037f5  UARTgets                        
000038af  UARTgetc                        
000038d5  UARTvprintf                     
00003bcf  UARTprintf                      
00003bf3  UartInit                        
00003c53  UARTIntHandler                  
00003dfd  CanInit                         
00003e6f  CANIntHandler                   
00003f41  CanReceived                     
0000417d  CanWrite                        
000042c5  InitMotorPwm                    
0000432b  TimerInit                       
00004361  InitialConfiguration            
00004555  LedFlash                        
000045d5  ADCInit                         
0000467b  GetADCResults                   
0000485d  __aeabi_dsub                    
00004867  __aeabi_dadd                    
00004a13  __aeabi_ddiv                    
00004b49  __aeabi_dmul                    
00004c45  __aeabi_memcpy                  
00004c45  __aeabi_memcpy4                 
00004c45  __aeabi_memcpy8                 
00004c45  memcpy                          
00004ce1  ADCSequenceStepConfigure        
00004d5b  __aeabi_memclr                  
00004d5b  __aeabi_memclr4                 
00004d5b  __aeabi_memclr8                 
00004d5d  __aeabi_memset                  
00004d5d  __aeabi_memset4                 
00004d5d  __aeabi_memset8                 
00004d63  memset                          
00004dd5  __TI_auto_init                  
00004e45  __aeabi_d2f                     
00004eb3  __TI_decompress_lzss            
00004f1b  __aeabi_idiv0                   
00004f1d  TimerConfigure                  
00004f7d  _c_int00                        
00004fd1  C$$EXIT                         
00004fd5  abort                           
00004fdd  exit                            
00005025  ADCSequenceConfigure            
00005075  copy_in                         
000050c1  UARTConfigSetExpClk             
00005107  __aeabi_d2uiz                   
0000514b  __aeabi_uidiv                   
0000514b  __aeabi_uidivmod                
0000518b  __aeabi_f2d                     
000051c3  ADCIntStatus                    
000051f1  UARTDisable                     
00005211  __aeabi_ui2d                    
00005231  ADCSequenceDataGet              
0000524f  ADCProcessorTrigger             
00005267  __mpu_init                      
00005269  _args_main                      
00005281  SysTickDisable                  
00005295  SysTickEnable                   
000052a9  SysTickIntEnable                
000052bd  UARTEnable                      
000052d1  _register_unlock                
000052d7  _register_lock                  
000052df  _nop                            
000052e5  TimerLoadSet                    
000052f7  TimerMatchSet                   
00005309  FPUEnable                       
00005319  FPULazyStackingEnable           
00005329  SysTickPeriodSet                
00005339  WatchdogIntRegister             
00005349  ADCHardwareOversampleConfigure  
00005357  ADCSequenceDisable              
00005365  ADCSequenceEnable               
00005373  TimerEnable                     
00005381  UARTCharGetNonBlocking          
0000538f  UARTCharPutNonBlocking          
0000539d  UARTCharsAvail                  
000053ab  __TI_decompress_none            
000053b9  WatchdogIntTypeSet              
000053c5  __TI_zero_init                  
000053d1  ResetISR                        
000053dd  ADCIntClear                     
000053e7  UARTCharGet                     
000053f1  UARTCharPut                     
000053fb  UARTIntStatus                   
00005405  WatchdogEnable                  
0000540f  WatchdogIntEnable               
00005419  WatchdogIntStatus               
00005423  WatchdogResetEnable             
0000542d  TimerIntEnable                  
00005435  UARTIntEnable                   
0000543d  SysCtlDelay                     
00005443  UARTClockSourceSet              
00005449  WatchdogIntClear                
0000544f  TimerIntClear                   
00005453  UARTIntClear                    
00005457  WatchdogReloadSet               
0000545b  _system_pre_init                
0000545f  _system_post_cinit              
00005a64  __TI_Handler_Table_Base         
00005a70  __TI_Handler_Table_Limit        
00005a80  __TI_CINIT_Base                 
00005a98  __TI_CINIT_Limit                
20000000  g_pfnRAMVectors                 
2000026c  __stack                         
2000046c  Device_Address                  
2000046c  __STACK_END                     
2000046c  __STACK_TOP                     
2000046d  mosfetHeat1                     
2000046e  mosfetHeat2                     
2000046f  motorControllerHeat1            
20000470  motorControllerHeat2            
20000474  speedMotor                      
20000478  speedWheel                      
2000047c  period                          
20000480  speed                           
20000484  statBreak                       
20000488  statDeadSwitch                  
2000048c  motorEncoder                    
20000490  wheelEncoder                    
20000494  speedValue                      
20000498  maxSpeed                        
2000049c  minSpeed                        
200004a0  errSpeed                        
200004a4  speedResult                     
200004a8  batteryCurrent1                 
200004a9  batteryCurrent2                 
200004aa  batteryVoltage1                 
200004ab  batteryVoltage2                 
200004ac  batteryHeat1                    
200004ad  batteryHeat2                    
200004b0  counter                         
200004b4  isRxFlag                        
200004b5  isErrFlag                       
200004b6  canCategory                     
200004b7  canAddressTo                    
200004b8  canAddressFrom                  
200004b9  Uart_Data_received              
200004bc  uartDataCounter                 
200004c0  loopCounter                     
200004c4  mVoltage                        
200004c8  ui32C                           
200004cc  lastMotorEncoder                
200004d0  lastWheelEncoder                
200004d4  curWheelEncoder                 
200004d8  curMotorEncoder                 
200004dc  mSeconds                        
200004e0  clearWatchdog                   
200004e4  crc                             
200004e8  __TI_cleanup_ptr                
200004ec  __TI_dtors_ptr                  
200004f0  __TI_enable_exit_profile_output 
200004f4  _lock                           
200004f8  _unlock                         
20000504  main_func_sp                    
20000508  Register_Uart                   
20000528  canRxMessage                    
2000053c  canTxMessage                    
20000550  analogValues                    
20000560  Received_Can_Data               
20000568  Register_Can                    
20000570  UartPrefix                      
20000574  canRxBuffer                     
ffffffff  __TI_pprof_out_hndl             
ffffffff  __TI_prof_data_size             
ffffffff  __TI_prof_data_start            
ffffffff  __binit__                       
ffffffff  __c_args__                      
ffffffff  binit                           
UNDEFED   SHT$$INIT_ARRAY$$Base           
UNDEFED   SHT$$INIT_ARRAY$$Limit          

[364 symbols]
