******************************************************************************
                  TI ARM Linker PC v16.9.6                     
******************************************************************************
>> Linked Tue May 01 13:24:02 2018

OUTPUT FILE NAME:   <Ae2Can.out>
ENTRY POINT SYMBOL: "_c_int00"  address: 00004949


MEMORY CONFIGURATION

         name            origin    length      used     unused   attr    fill
----------------------  --------  ---------  --------  --------  ----  --------
  FLASH                 00000000   00010000  000053be  0000ac42  R  X
  SRAM                  20000000   00006000  000005a0  00005a60  RW X


SEGMENT ALLOCATION MAP

run origin  load origin   length   init length attrs members
----------  ----------- ---------- ----------- ----- -------
00000000    00000000    000053c0   000053c0    r-x
  00000000    00000000    0000026c   0000026c    r-- .intvecs
  0000026c    0000026c    00004b1a   00004b1a    r-x .text
  00004d88    00004d88    000005e0   000005e0    r-- .const
  00005368    00005368    00000058   00000058    r-- .cinit
20000000    20000000    000005a0   00000000    rw-
  20000000    20000000    0000026c   00000000    rw- .vtable
  2000026c    2000026c    00000200   00000000    rw- .stack
  2000046c    2000046c    000000c4   00000000    rw- .bss
  20000530    20000530    00000070   00000000    rw- .data


SECTION ALLOCATION MAP

 output                                  attributes/
section   page    origin      length       input sections
--------  ----  ----------  ----------   ----------------
.intvecs   0    00000000    0000026c     
                  00000000    0000026c     tm4c1231d5pm_startup_ccs.obj (.intvecs)

.text      0    0000026c    00004b1a     
                  0000026c    00002ad8     main.obj (.text)
                  00002d44    0000093c     Loop_Functions.obj (.text)
                  00003680    00000620     UART_Function.obj (.text)
                  00003ca0    0000049c     CAN_Function.obj (.text)
                  0000413c    00000330     InitialConfiguration.obj (.text)
                  0000446c    00000118     ADC_Function.obj (.text)
                  00004584    000000fc     rtsv7M4_T_le_v4SPD16_eabi.lib : fd_mul_t2.obj (.text)
                  00004680    0000009c                                   : memcpy_t2.obj (.text)
                  0000471c    0000007a     driverlib.lib : adc.obj (.text:ADCSequenceStepConfigure)
                  00004796    0000007a     rtsv7M4_T_le_v4SPD16_eabi.lib : memset_t2.obj (.text)
                  00004810    00000070                                   : autoinit.obj (.text)
                  00004880    00000068                                   : copy_decompress_lzss.obj (.text:decompress:lzss)
                  000048e8    00000060     driverlib.lib : timer.obj (.text:TimerConfigure)
                  00004948    00000054     rtsv7M4_T_le_v4SPD16_eabi.lib : boot.obj (.text)
                  0000499c    00000054                                   : exit.obj (.text)
                  000049f0    00000050     driverlib.lib : adc.obj (.text:ADCSequenceConfigure)
                  00004a40    0000004c     rtsv7M4_T_le_v4SPD16_eabi.lib : cpy_tbl.obj (.text)
                  00004a8c    00000046     driverlib.lib : uart.obj (.text:UARTConfigSetExpClk)
                  00004ad2    00000044     rtsv7M4_T_le_v4SPD16_eabi.lib : fd_tou_t2.obj (.text)
                  00004b16    00000040                                   : u_divt2.obj (.text)
                  00004b56    0000002e     driverlib.lib : adc.obj (.text:ADCIntStatus)
                  00004b84    00000020                   : uart.obj (.text:UARTDisable)
                  00004ba4    00000020     rtsv7M4_T_le_v4SPD16_eabi.lib : u_tofd_t2.obj (.text)
                  00004bc4    0000001e     driverlib.lib : adc.obj (.text:ADCSequenceDataGet)
                  00004be2    00000018                   : adc.obj (.text:ADCProcessorTrigger)
                  00004bfa    00000002     rtsv7M4_T_le_v4SPD16_eabi.lib : i_div0.obj (.text)
                  00004bfc    00000018                                   : args_main.obj (.text)
                  00004c14    00000014     driverlib.lib : systick.obj (.text:SysTickDisable)
                  00004c28    00000014                   : systick.obj (.text:SysTickEnable)
                  00004c3c    00000014                   : systick.obj (.text:SysTickIntEnable)
                  00004c50    00000014                   : uart.obj (.text:UARTEnable)
                  00004c64    00000014     rtsv7M4_T_le_v4SPD16_eabi.lib : _lock.obj (.text)
                  00004c78    00000012     driverlib.lib : timer.obj (.text:TimerLoadSet)
                  00004c8a    00000012                   : timer.obj (.text:TimerMatchSet)
                  00004c9c    00000010                   : fpu.obj (.text:FPUEnable)
                  00004cac    00000010                   : fpu.obj (.text:FPULazyStackingEnable)
                  00004cbc    00000010                   : systick.obj (.text:SysTickPeriodSet)
                  00004ccc    0000000e                   : adc.obj (.text:ADCSequenceDisable)
                  00004cda    0000000e                   : adc.obj (.text:ADCSequenceEnable)
                  00004ce8    0000000e                   : timer.obj (.text:TimerEnable)
                  00004cf6    0000000e                   : uart.obj (.text:UARTCharGetNonBlocking)
                  00004d04    0000000e                   : uart.obj (.text:UARTCharsAvail)
                  00004d12    0000000e     rtsv7M4_T_le_v4SPD16_eabi.lib : copy_decompress_none.obj (.text:decompress:none)
                  00004d20    0000000c                                   : copy_zero_init.obj (.text:decompress:ZI)
                  00004d2c    0000000c     tm4c1231d5pm_startup_ccs.obj (.text)
                  00004d38    0000000a     driverlib.lib : adc.obj (.text:ADCIntClear)
                  00004d42    0000000a                   : uart.obj (.text:UARTCharGet)
                  00004d4c    0000000a                   : uart.obj (.text:UARTCharPut)
                  00004d56    0000000a                   : uart.obj (.text:UARTIntStatus)
                  00004d60    00000008                   : timer.obj (.text:TimerIntEnable)
                  00004d68    00000008                   : uart.obj (.text:UARTIntEnable)
                  00004d70    00000006     main.obj (.text:SysCtlDelay)
                  00004d76    00000004     driverlib.lib : timer.obj (.text:TimerIntClear)
                  00004d7a    00000004                   : uart.obj (.text:UARTIntClear)
                  00004d7e    00000004     rtsv7M4_T_le_v4SPD16_eabi.lib : pre_init.obj (.text)
                  00004d82    00000002                                   : mpu_init.obj (.text)
                  00004d84    00000002                                   : startup.obj (.text)

.const     0    00004d88    000005e0     
                  00004d88    000001b0     main.obj (.const:g_pppui32XTALtoVCO)
                  00004f38    000000d8     main.obj (.const:g_ppui32GPIOIntMapSnowflake)
                  00005010    000000c0     main.obj (.const:g_ppui32GPIOIntMapBlizzard)
                  000050d0    0000009c     main.obj (.const:g_pui32Regs)
                  0000516c    00000090     main.obj (.const:g_pui32GPIOBaseAddrs)
                  000051fc    0000006c     main.obj (.const:g_pui32Xtals)
                  00005268    00000030     main.obj (.const:g_sXTALtoMEMTIM)
                  00005298    00000020     main.obj (.const:g_pui32Priority)
                  000052b8    00000020     main.obj (.const:g_ui16CANBitValues)
                  000052d8    00000014     main.obj (.const:g_pui32Dii16Regs)
                  000052ec    00000014     main.obj (.const:g_pui32EnRegs)
                  00005300    00000014     main.obj (.const:g_pui32PendRegs)
                  00005314    00000014     main.obj (.const:g_pui32UnpendRegs)
                  00005328    00000012     UART_Function.obj (.const:.string)
                  0000533a    00000002     --HOLE-- [fill = 0]
                  0000533c    0000000c     UART_Function.obj (.const:g_ui32UARTBase)
                  00005348    0000000c     UART_Function.obj (.const:g_ui32UARTPeriph)
                  00005354    00000008     main.obj (.const:g_pui32VCOFrequencies)
                  0000535c    00000008     main.obj (.const)
                  00005364    00000004     UART_Function.obj (.const)

.cinit     0    00005368    00000058     
                  00005368    0000001f     (.cinit..data.load) [load image, compression = lzss]
                  00005387    00000001     --HOLE-- [fill = 0]
                  00005388    0000000c     (__TI_handler_table)
                  00005394    00000004     --HOLE-- [fill = 0]
                  00005398    00000008     (.cinit..bss.load) [load image, compression = zero_init]
                  000053a0    00000008     (.cinit..vtable.load) [load image, compression = zero_init]
                  000053a8    00000018     (__TI_cinit_table)

.init_array 
*          0    00000000    00000000     UNINITIALIZED

.vtable    0    20000000    0000026c     UNINITIALIZED
                  20000000    0000026c     main.obj (.vtable)

.stack     0    2000026c    00000200     UNINITIALIZED
                  2000026c    00000200     --HOLE--

.bss       0    2000046c    000000c4     UNINITIALIZED
                  2000046c    0000003c     (.common:Received_Uart_Data)
                  200004a8    0000003c     (.common:Register_Uart)
                  200004e4    00000014     (.common:canRxMessage)
                  200004f8    00000014     (.common:canTxMessage)
                  2000050c    00000010     (.common:analogValues)
                  2000051c    00000008     (.common:Received_Can_Data)
                  20000524    00000008     (.common:Register_Can)
                  2000052c    00000004     (.common:canRxBuffer)

.data      0    20000530    00000070     UNINITIALIZED
                  20000530    00000050     main.obj (.data)
                  20000580    0000000c     rtsv7M4_T_le_v4SPD16_eabi.lib : exit.obj (.data:$O1$$)
                  2000058c    00000008                                   : _lock.obj (.data:$O1$$)
                  20000594    00000005     UART_Function.obj (.data)
                  20000599    00000003     --HOLE--
                  2000059c    00000004     rtsv7M4_T_le_v4SPD16_eabi.lib : stkdepth_vars.obj (.data)

MODULE SUMMARY

       Module                         code    ro data   rw data
       ------                         ----    -------   -------
    .\
       main.obj                       10974   1456      896    
       Loop_Functions.obj             2364    0         0      
       UART_Function.obj              1568    46        5      
       CAN_Function.obj               1180    0         0      
       InitialConfiguration.obj       816     0         0      
       tm4c1231d5pm_startup_ccs.obj   12      620       0      
       ADC_Function.obj               280     0         0      
    +--+------------------------------+-------+---------+---------+
       Total:                         17194   2122      901    
                                                               
    D:/CodeComposer/ti/TivaWare_C_Series-2.1.4.178/driverlib/ccs/Debug/driverlib.lib
       adc.obj                        340     0         0      
       uart.obj                       192     0         0      
       timer.obj                      158     0         0      
       systick.obj                    76      0         0      
       fpu.obj                        32      0         0      
    +--+------------------------------+-------+---------+---------+
       Total:                         798     0         0      
                                                               
    D:\CodeComposer\ti\ccsv7\tools\compiler\ti-cgt-arm_16.9.6.LTS\lib\rtsv7M4_T_le_v4SPD16_eabi.lib
       fd_mul_t2.obj                  252     0         0      
       memcpy_t2.obj                  156     0         0      
       memset_t2.obj                  122     0         0      
       autoinit.obj                   112     0         0      
       copy_decompress_lzss.obj       104     0         0      
       exit.obj                       84      0         12     
       boot.obj                       84      0         0      
       cpy_tbl.obj                    76      0         0      
       fd_tou_t2.obj                  68      0         0      
       u_divt2.obj                    64      0         0      
       u_tofd_t2.obj                  32      0         0      
       _lock.obj                      20      0         8      
       args_main.obj                  24      0         0      
       copy_decompress_none.obj       14      0         0      
       copy_zero_init.obj             12      0         0      
       pre_init.obj                   4       0         0      
       stkdepth_vars.obj              0       0         4      
       i_div0.obj                     2       0         0      
       mpu_init.obj                   2       0         0      
       startup.obj                    2       0         0      
    +--+------------------------------+-------+---------+---------+
       Total:                         1234    0         24     
                                                               
       Stack:                         0       0         512    
       Linker Generated:              0       83        0      
    +--+------------------------------+-------+---------+---------+
       Grand Total:                   19226   2205      1437   


LINKER GENERATED COPY TABLES

__TI_cinit_table @ 000053a8 records: 3, size/record: 8, table size: 24
	.data: load addr=00005368, load size=0000001f bytes, run addr=20000530, run size=00000070 bytes, compression=lzss
	.bss: load addr=00005398, load size=00000008 bytes, run addr=2000046c, run size=000000c4 bytes, compression=zero_init
	.vtable: load addr=000053a0, load size=00000008 bytes, run addr=20000000, run size=0000026c bytes, compression=zero_init


LINKER GENERATED HANDLER TABLE

__TI_handler_table @ 00005388 records: 3, size/record: 4, table size: 12
	index: 0, handler: __TI_zero_init
	index: 1, handler: __TI_decompress_lzss
	index: 2, handler: __TI_decompress_none


GLOBAL SYMBOLS: SORTED ALPHABETICALLY BY Name 

address   name                            
-------   ----                            
0000446d  ADCInit                         
00004d39  ADCIntClear                     
00004b57  ADCIntStatus                    
00004be3  ADCProcessorTrigger             
000049f1  ADCSequenceConfigure            
00004bc5  ADCSequenceDataGet              
00004ccd  ADCSequenceDisable              
00004cdb  ADCSequenceEnable               
0000471d  ADCSequenceStepConfigure        
20000550  BatteryCurrent1                 
20000551  BatteryCurrent2                 
20000554  BatteryHeat1                    
20000555  BatteryHeat2                    
20000552  BatteryVoltage1                 
20000553  BatteryVoltage2                 
0000499d  C$$EXIT                         
000017f9  CANBitRateSet                   
0000178d  CANBitTimingGet                 
000018bf  CANBitTimingSet                 
00001775  CANDisable                      
0000175d  CANEnable                       
00001b0b  CANErrCntrGet                   
000016e1  CANInit                         
000019fb  CANIntClear                     
0000199b  CANIntDisable                   
00001985  CANIntEnable                    
00003d13  CANIntHandler                   
0000194d  CANIntRegister                  
000019b1  CANIntStatus                    
0000196b  CANIntUnregister                
00001fdd  CANMessageClear                 
00001dd3  CANMessageGet                   
00001b41  CANMessageSet                   
00001a67  CANRetryGet                     
00001a35  CANRetrySet                     
00001a85  CANStatusGet                    
000002a1  CPUbasepriGet                   
00000293  CPUbasepriSet                   
0000026d  CPUcpsid                        
00000283  CPUcpsie                        
00000279  CPUprimask                      
0000028f  CPUwfi                          
00003ca1  CanInit                         
00003ded  CanReceived                     
00003ff9  CanWrite                        
20000530  Device_Address                  
00004c9d  FPUEnable                       
00004cad  FPULazyStackingEnable           
00002b85  GPIOADCTriggerDisable           
00002b67  GPIOADCTriggerEnable            
00002b49  GPIODMATriggerDisable           
00002b2b  GPIODMATriggerEnable            
000020cb  GPIODirModeGet                  
0000206f  GPIODirModeSet                  
0000263b  GPIOIntClear                    
000025ff  GPIOIntDisable                  
000025e5  GPIOIntEnable                   
0000264f  GPIOIntRegister                 
00002687  GPIOIntRegisterPin              
00002619  GPIOIntStatus                   
000021bb  GPIOIntTypeGet                  
00002117  GPIOIntTypeSet                  
0000266d  GPIOIntUnregister               
000026b5  GPIOIntUnregisterPin            
00002493  GPIOPadConfigGet                
00002259  GPIOPadConfigSet                
00002acd  GPIOPinConfigure                
000026d9  GPIOPinRead                     
00002711  GPIOPinTypeADC                  
00002735  GPIOPinTypeCAN                  
00002759  GPIOPinTypeComparator           
0000277d  GPIOPinTypeComparatorOutput     
000027a1  GPIOPinTypeDIVSCLK              
000027c5  GPIOPinTypeEPI                  
000027e9  GPIOPinTypeEthernetLED          
0000280d  GPIOPinTypeEthernetMII          
00002831  GPIOPinTypeGPIOInput            
00002855  GPIOPinTypeGPIOOutput           
00002879  GPIOPinTypeGPIOOutputOD         
0000289d  GPIOPinTypeHibernateRTCCLK      
000028c1  GPIOPinTypeI2C                  
000028e5  GPIOPinTypeI2CSCL               
00002909  GPIOPinTypeLCD                  
0000292d  GPIOPinTypeOneWire              
00002951  GPIOPinTypePWM                  
00002975  GPIOPinTypeQEI                  
00002999  GPIOPinTypeSSI                  
000029bd  GPIOPinTypeTimer                
000029e1  GPIOPinTypeTrace                
00002a05  GPIOPinTypeUART                 
00002a29  GPIOPinTypeUSBAnalog            
00002a4d  GPIOPinTypeUSBDigital           
00002a71  GPIOPinTypeWakeHigh             
00002a97  GPIOPinTypeWakeLow              
00002abd  GPIOPinWakeStatus               
000026f1  GPIOPinWrite                    
0000451f  GetADCResults                   
0000413d  InitMotorPwm                    
000041a3  InitTimer                       
000041d9  InitialConfiguration            
0000046b  IntDisable                      
000003f9  IntEnable                       
000004dd  IntIsEnabled                    
000002bd  IntMasterDisable                
000002ad  IntMasterEnable                 
000005d1  IntPendClear                    
00000561  IntPendSet                      
000003d5  IntPriorityGet                  
0000034d  IntPriorityGroupingGet          
00000333  IntPriorityGroupingSet          
0000062b  IntPriorityMaskGet              
0000061f  IntPriorityMaskSet              
00000385  IntPrioritySet                  
000002cd  IntRegister                     
00000633  IntTrigger                      
0000031f  IntUnregister                   
000043eb  LedFlash                        
00003457  LoopFunction                    
000035ab  MotorDrive                      
000035dd  MotorStop                       
000033bf  PWMClockGet                     
0000339f  PWMClockSet                     
00002ee9  PWMDeadBandDisable              
00002eb1  PWMDeadBandEnable               
00003265  PWMFaultIntClear                
00003297  PWMFaultIntClearExt             
0000317f  PWMFaultIntRegister             
0000319d  PWMFaultIntUnregister           
00002d45  PWMGenConfigure                 
00002e03  PWMGenDisable                   
00002de9  PWMGenEnable                    
00003369  PWMGenFaultClear                
000032b5  PWMGenFaultConfigure            
00003333  PWMGenFaultStatus               
0000330f  PWMGenFaultTriggerGet           
000032e5  PWMGenFaultTriggerSet           
0000321d  PWMGenIntClear                  
000030f1  PWMGenIntRegister               
000031f3  PWMGenIntStatus                 
000031d5  PWMGenIntTrigDisable            
000031b7  PWMGenIntTrigEnable             
00003119  PWMGenIntUnregister             
00002dbf  PWMGenPeriodGet                 
00002d8f  PWMGenPeriodSet                 
0000324d  PWMIntDisable                   
00003235  PWMIntEnable                    
00003277  PWMIntStatus                    
00002fbf  PWMOutputFault                  
00002f8d  PWMOutputFaultLevel             
00002f5b  PWMOutputInvert                 
00002f29  PWMOutputState                  
000033e9  PWMOutputUpdateMode             
00002e67  PWMPulseWidthGet                
00002e1d  PWMPulseWidthSet                
00002f17  PWMSyncTimeBase                 
00002f05  PWMSyncUpdate                   
00002c31  PortCIntHandler                 
00002bcf  PortEIntHandler                 
2000051c  Received_Can_Data               
2000046c  Received_Uart_Data              
20000524  Register_Can                    
200004a8  Register_Uart                   
00004d2d  ResetISR                        
UNDEFED   SHT$$INIT_ARRAY$$Base           
UNDEFED   SHT$$INIT_ARRAY$$Limit          
000015a9  SysCtlAltClkConfig              
00000cd1  SysCtlClockFreqSet              
00001199  SysCtlClockGet                  
0000158d  SysCtlClockOutConfig            
00000fc9  SysCtlClockSet                  
00000bd5  SysCtlDeepSleep                 
0000135d  SysCtlDeepSleepClockConfigSet   
0000133f  SysCtlDeepSleepClockSet         
00000bb5  SysCtlDeepSleepPowerSet         
00004d71  SysCtlDelay                     
0000074f  SysCtlFlashSectorSizeGet        
00000723  SysCtlFlashSizeGet              
00001433  SysCtlGPIOAHBDisable            
00001417  SysCtlGPIOAHBEnable             
00000b49  SysCtlIntClear                  
00000b35  SysCtlIntDisable                
00000b1d  SysCtlIntEnable                 
00000af9  SysCtlIntRegister               
00000b59  SysCtlIntStatus                 
00000b0d  SysCtlIntUnregister             
00000b9b  SysCtlLDODeepSleepGet           
00000b8b  SysCtlLDODeepSleepSet           
00000b85  SysCtlLDOSleepGet               
00000b75  SysCtlLDOSleepSet               
00000c0b  SysCtlMOSCConfigSet             
00001571  SysCtlNMIClear                  
0000155d  SysCtlNMIStatus                 
00000c21  SysCtlPIOSCCalibrate            
00001401  SysCtlPWMClockGet               
000013e7  SysCtlPWMClockSet               
00000aa1  SysCtlPeripheralClockGating     
00000a61  SysCtlPeripheralDeepSleepDisable
00000a09  SysCtlPeripheralDeepSleepEnable 
00000949  SysCtlPeripheralDisable         
00000905  SysCtlPeripheralEnable          
00000839  SysCtlPeripheralPowerOff        
000007f9  SysCtlPeripheralPowerOn         
00000779  SysCtlPeripheralPresent         
000007b9  SysCtlPeripheralReady           
00000879  SysCtlPeripheralReset           
000009cd  SysCtlPeripheralSleepDisable    
0000098d  SysCtlPeripheralSleepEnable     
00000bc5  SysCtlReset                     
00000c81  SysCtlResetBehaviorGet          
00000c71  SysCtlResetBehaviorSet          
00000bf7  SysCtlResetCauseClear           
00000bf1  SysCtlResetCauseGet             
00000719  SysCtlSRAMSizeGet               
00000bcd  SysCtlSleep                     
00000ba1  SysCtlSleepPowerSet             
0000145b  SysCtlUSBPLLDisable             
0000144f  SysCtlUSBPLLEnable              
000014a1  SysCtlVCOGet                    
00001489  SysCtlVoltageEventClear         
0000146d  SysCtlVoltageEventConfig        
0000147d  SysCtlVoltageEventStatus        
00004c15  SysTickDisable                  
00004c29  SysTickEnable                   
00004c3d  SysTickIntEnable                
00002ba3  SysTickIntHandler               
00004cbd  SysTickPeriodSet                
000048e9  TimerConfigure                  
00004ce9  TimerEnable                     
00004d77  TimerIntClear                   
00004d61  TimerIntEnable                  
00004c79  TimerLoadSet                    
00004c8b  TimerMatchSet                   
00002ba5  TimerTick                       
00004d43  UARTCharGet                     
00004cf7  UARTCharGetNonBlocking          
00004d4d  UARTCharPut                     
00004d05  UARTCharsAvail                  
00004a8d  UARTConfigSetExpClk             
00004b85  UARTDisable                     
00004c51  UARTEnable                      
00004d7b  UARTIntClear                    
00004d69  UARTIntEnable                   
00002c91  UARTIntHandler                  
00004d57  UARTIntStatus                   
00003681  UARTStdioConfig                 
000037c7  UARTgetc                        
0000370d  UARTgets                        
00003ae7  UARTprintf                      
000037ed  UARTvprintf                     
000036c7  UARTwrite                       
00003b0b  UartInit                        
00003b4f  UartReceived                    
20000561  Uart_Data_received              
2000046c  __STACK_END                     
00000200  __STACK_SIZE                    
2000046c  __STACK_TOP                     
000053a8  __TI_CINIT_Base                 
000053c0  __TI_CINIT_Limit                
00005388  __TI_Handler_Table_Base         
00005394  __TI_Handler_Table_Limit        
00004811  __TI_auto_init                  
20000580  __TI_cleanup_ptr                
00004881  __TI_decompress_lzss            
00004d13  __TI_decompress_none            
20000584  __TI_dtors_ptr                  
20000588  __TI_enable_exit_profile_output 
ffffffff  __TI_pprof_out_hndl             
ffffffff  __TI_prof_data_size             
ffffffff  __TI_prof_data_start            
00000000  __TI_static_base__              
00004d21  __TI_zero_init                  
00004ad3  __aeabi_d2uiz                   
00004585  __aeabi_dmul                    
00004bfb  __aeabi_idiv0                   
00004797  __aeabi_memclr                  
00004797  __aeabi_memclr4                 
00004797  __aeabi_memclr8                 
00004681  __aeabi_memcpy                  
00004681  __aeabi_memcpy4                 
00004681  __aeabi_memcpy8                 
00004799  __aeabi_memset                  
00004799  __aeabi_memset4                 
00004799  __aeabi_memset8                 
00004ba5  __aeabi_ui2d                    
00004b17  __aeabi_uidiv                   
00004b17  __aeabi_uidivmod                
ffffffff  __binit__                       
ffffffff  __c_args__                      
00004d83  __mpu_init                      
2000026c  __stack                         
00004bfd  _args_main                      
00004949  _c_int00                        
2000058c  _lock                           
00004c73  _nop                            
00004c6b  _register_lock                  
00004c65  _register_unlock                
00004d85  _system_post_cinit              
00004d7f  _system_pre_init                
20000590  _unlock                         
000049a1  abort                           
2000050c  analogValues                    
ffffffff  binit                           
20000560  canAddressFrom                  
2000055f  canAddressTo                    
2000055e  canCategory                     
2000052c  canRxBuffer                     
200004e4  canRxMessage                    
200004f8  canTxMessage                    
00004a41  copy_in                         
20000558  counter                         
20000570  curEncoder                      
000043a1  delayMs                         
000043c9  delayUs                         
000049a9  exit                            
20000000  g_pfnRAMVectors                 
00000000  g_pfnVectors                    
2000055d  isErrFlag                       
2000055c  isRxFlag                        
2000056c  lastEncoder                     
2000057c  lastTime                        
20000578  mSeconds                        
00002ced  main                            
2000059c  main_func_sp                    
00004681  memcpy                          
0000479f  memset                          
20000531  mosfetHeat1                     
20000532  mosfetHeat2                     
20000533  motorControllerHeat1            
20000534  motorControllerHeat2            
20000538  period                          
2000053c  speed                           
20000548  speedEncoder                    
20000535  speedMotor1                     
20000536  speedMotor2                     
2000054c  speedValue                      
20000540  statBreak                       
20000544  statDeadSwitch                  
20000564  uartDataCounter                 
20000568  ui32C                           
20000574  wheelCounter                    


GLOBAL SYMBOLS: SORTED BY Symbol Address 

address   name                            
-------   ----                            
00000000  __TI_static_base__              
00000000  g_pfnVectors                    
00000200  __STACK_SIZE                    
0000026d  CPUcpsid                        
00000279  CPUprimask                      
00000283  CPUcpsie                        
0000028f  CPUwfi                          
00000293  CPUbasepriSet                   
000002a1  CPUbasepriGet                   
000002ad  IntMasterEnable                 
000002bd  IntMasterDisable                
000002cd  IntRegister                     
0000031f  IntUnregister                   
00000333  IntPriorityGroupingSet          
0000034d  IntPriorityGroupingGet          
00000385  IntPrioritySet                  
000003d5  IntPriorityGet                  
000003f9  IntEnable                       
0000046b  IntDisable                      
000004dd  IntIsEnabled                    
00000561  IntPendSet                      
000005d1  IntPendClear                    
0000061f  IntPriorityMaskSet              
0000062b  IntPriorityMaskGet              
00000633  IntTrigger                      
00000719  SysCtlSRAMSizeGet               
00000723  SysCtlFlashSizeGet              
0000074f  SysCtlFlashSectorSizeGet        
00000779  SysCtlPeripheralPresent         
000007b9  SysCtlPeripheralReady           
000007f9  SysCtlPeripheralPowerOn         
00000839  SysCtlPeripheralPowerOff        
00000879  SysCtlPeripheralReset           
00000905  SysCtlPeripheralEnable          
00000949  SysCtlPeripheralDisable         
0000098d  SysCtlPeripheralSleepEnable     
000009cd  SysCtlPeripheralSleepDisable    
00000a09  SysCtlPeripheralDeepSleepEnable 
00000a61  SysCtlPeripheralDeepSleepDisable
00000aa1  SysCtlPeripheralClockGating     
00000af9  SysCtlIntRegister               
00000b0d  SysCtlIntUnregister             
00000b1d  SysCtlIntEnable                 
00000b35  SysCtlIntDisable                
00000b49  SysCtlIntClear                  
00000b59  SysCtlIntStatus                 
00000b75  SysCtlLDOSleepSet               
00000b85  SysCtlLDOSleepGet               
00000b8b  SysCtlLDODeepSleepSet           
00000b9b  SysCtlLDODeepSleepGet           
00000ba1  SysCtlSleepPowerSet             
00000bb5  SysCtlDeepSleepPowerSet         
00000bc5  SysCtlReset                     
00000bcd  SysCtlSleep                     
00000bd5  SysCtlDeepSleep                 
00000bf1  SysCtlResetCauseGet             
00000bf7  SysCtlResetCauseClear           
00000c0b  SysCtlMOSCConfigSet             
00000c21  SysCtlPIOSCCalibrate            
00000c71  SysCtlResetBehaviorSet          
00000c81  SysCtlResetBehaviorGet          
00000cd1  SysCtlClockFreqSet              
00000fc9  SysCtlClockSet                  
00001199  SysCtlClockGet                  
0000133f  SysCtlDeepSleepClockSet         
0000135d  SysCtlDeepSleepClockConfigSet   
000013e7  SysCtlPWMClockSet               
00001401  SysCtlPWMClockGet               
00001417  SysCtlGPIOAHBEnable             
00001433  SysCtlGPIOAHBDisable            
0000144f  SysCtlUSBPLLEnable              
0000145b  SysCtlUSBPLLDisable             
0000146d  SysCtlVoltageEventConfig        
0000147d  SysCtlVoltageEventStatus        
00001489  SysCtlVoltageEventClear         
000014a1  SysCtlVCOGet                    
0000155d  SysCtlNMIStatus                 
00001571  SysCtlNMIClear                  
0000158d  SysCtlClockOutConfig            
000015a9  SysCtlAltClkConfig              
000016e1  CANInit                         
0000175d  CANEnable                       
00001775  CANDisable                      
0000178d  CANBitTimingGet                 
000017f9  CANBitRateSet                   
000018bf  CANBitTimingSet                 
0000194d  CANIntRegister                  
0000196b  CANIntUnregister                
00001985  CANIntEnable                    
0000199b  CANIntDisable                   
000019b1  CANIntStatus                    
000019fb  CANIntClear                     
00001a35  CANRetrySet                     
00001a67  CANRetryGet                     
00001a85  CANStatusGet                    
00001b0b  CANErrCntrGet                   
00001b41  CANMessageSet                   
00001dd3  CANMessageGet                   
00001fdd  CANMessageClear                 
0000206f  GPIODirModeSet                  
000020cb  GPIODirModeGet                  
00002117  GPIOIntTypeSet                  
000021bb  GPIOIntTypeGet                  
00002259  GPIOPadConfigSet                
00002493  GPIOPadConfigGet                
000025e5  GPIOIntEnable                   
000025ff  GPIOIntDisable                  
00002619  GPIOIntStatus                   
0000263b  GPIOIntClear                    
0000264f  GPIOIntRegister                 
0000266d  GPIOIntUnregister               
00002687  GPIOIntRegisterPin              
000026b5  GPIOIntUnregisterPin            
000026d9  GPIOPinRead                     
000026f1  GPIOPinWrite                    
00002711  GPIOPinTypeADC                  
00002735  GPIOPinTypeCAN                  
00002759  GPIOPinTypeComparator           
0000277d  GPIOPinTypeComparatorOutput     
000027a1  GPIOPinTypeDIVSCLK              
000027c5  GPIOPinTypeEPI                  
000027e9  GPIOPinTypeEthernetLED          
0000280d  GPIOPinTypeEthernetMII          
00002831  GPIOPinTypeGPIOInput            
00002855  GPIOPinTypeGPIOOutput           
00002879  GPIOPinTypeGPIOOutputOD         
0000289d  GPIOPinTypeHibernateRTCCLK      
000028c1  GPIOPinTypeI2C                  
000028e5  GPIOPinTypeI2CSCL               
00002909  GPIOPinTypeLCD                  
0000292d  GPIOPinTypeOneWire              
00002951  GPIOPinTypePWM                  
00002975  GPIOPinTypeQEI                  
00002999  GPIOPinTypeSSI                  
000029bd  GPIOPinTypeTimer                
000029e1  GPIOPinTypeTrace                
00002a05  GPIOPinTypeUART                 
00002a29  GPIOPinTypeUSBAnalog            
00002a4d  GPIOPinTypeUSBDigital           
00002a71  GPIOPinTypeWakeHigh             
00002a97  GPIOPinTypeWakeLow              
00002abd  GPIOPinWakeStatus               
00002acd  GPIOPinConfigure                
00002b2b  GPIODMATriggerEnable            
00002b49  GPIODMATriggerDisable           
00002b67  GPIOADCTriggerEnable            
00002b85  GPIOADCTriggerDisable           
00002ba3  SysTickIntHandler               
00002ba5  TimerTick                       
00002bcf  PortEIntHandler                 
00002c31  PortCIntHandler                 
00002c91  UARTIntHandler                  
00002ced  main                            
00002d45  PWMGenConfigure                 
00002d8f  PWMGenPeriodSet                 
00002dbf  PWMGenPeriodGet                 
00002de9  PWMGenEnable                    
00002e03  PWMGenDisable                   
00002e1d  PWMPulseWidthSet                
00002e67  PWMPulseWidthGet                
00002eb1  PWMDeadBandEnable               
00002ee9  PWMDeadBandDisable              
00002f05  PWMSyncUpdate                   
00002f17  PWMSyncTimeBase                 
00002f29  PWMOutputState                  
00002f5b  PWMOutputInvert                 
00002f8d  PWMOutputFaultLevel             
00002fbf  PWMOutputFault                  
000030f1  PWMGenIntRegister               
00003119  PWMGenIntUnregister             
0000317f  PWMFaultIntRegister             
0000319d  PWMFaultIntUnregister           
000031b7  PWMGenIntTrigEnable             
000031d5  PWMGenIntTrigDisable            
000031f3  PWMGenIntStatus                 
0000321d  PWMGenIntClear                  
00003235  PWMIntEnable                    
0000324d  PWMIntDisable                   
00003265  PWMFaultIntClear                
00003277  PWMIntStatus                    
00003297  PWMFaultIntClearExt             
000032b5  PWMGenFaultConfigure            
000032e5  PWMGenFaultTriggerSet           
0000330f  PWMGenFaultTriggerGet           
00003333  PWMGenFaultStatus               
00003369  PWMGenFaultClear                
0000339f  PWMClockSet                     
000033bf  PWMClockGet                     
000033e9  PWMOutputUpdateMode             
00003457  LoopFunction                    
000035ab  MotorDrive                      
000035dd  MotorStop                       
00003681  UARTStdioConfig                 
000036c7  UARTwrite                       
0000370d  UARTgets                        
000037c7  UARTgetc                        
000037ed  UARTvprintf                     
00003ae7  UARTprintf                      
00003b0b  UartInit                        
00003b4f  UartReceived                    
00003ca1  CanInit                         
00003d13  CANIntHandler                   
00003ded  CanReceived                     
00003ff9  CanWrite                        
0000413d  InitMotorPwm                    
000041a3  InitTimer                       
000041d9  InitialConfiguration            
000043a1  delayMs                         
000043c9  delayUs                         
000043eb  LedFlash                        
0000446d  ADCInit                         
0000451f  GetADCResults                   
00004585  __aeabi_dmul                    
00004681  __aeabi_memcpy                  
00004681  __aeabi_memcpy4                 
00004681  __aeabi_memcpy8                 
00004681  memcpy                          
0000471d  ADCSequenceStepConfigure        
00004797  __aeabi_memclr                  
00004797  __aeabi_memclr4                 
00004797  __aeabi_memclr8                 
00004799  __aeabi_memset                  
00004799  __aeabi_memset4                 
00004799  __aeabi_memset8                 
0000479f  memset                          
00004811  __TI_auto_init                  
00004881  __TI_decompress_lzss            
000048e9  TimerConfigure                  
00004949  _c_int00                        
0000499d  C$$EXIT                         
000049a1  abort                           
000049a9  exit                            
000049f1  ADCSequenceConfigure            
00004a41  copy_in                         
00004a8d  UARTConfigSetExpClk             
00004ad3  __aeabi_d2uiz                   
00004b17  __aeabi_uidiv                   
00004b17  __aeabi_uidivmod                
00004b57  ADCIntStatus                    
00004b85  UARTDisable                     
00004ba5  __aeabi_ui2d                    
00004bc5  ADCSequenceDataGet              
00004be3  ADCProcessorTrigger             
00004bfb  __aeabi_idiv0                   
00004bfd  _args_main                      
00004c15  SysTickDisable                  
00004c29  SysTickEnable                   
00004c3d  SysTickIntEnable                
00004c51  UARTEnable                      
00004c65  _register_unlock                
00004c6b  _register_lock                  
00004c73  _nop                            
00004c79  TimerLoadSet                    
00004c8b  TimerMatchSet                   
00004c9d  FPUEnable                       
00004cad  FPULazyStackingEnable           
00004cbd  SysTickPeriodSet                
00004ccd  ADCSequenceDisable              
00004cdb  ADCSequenceEnable               
00004ce9  TimerEnable                     
00004cf7  UARTCharGetNonBlocking          
00004d05  UARTCharsAvail                  
00004d13  __TI_decompress_none            
00004d21  __TI_zero_init                  
00004d2d  ResetISR                        
00004d39  ADCIntClear                     
00004d43  UARTCharGet                     
00004d4d  UARTCharPut                     
00004d57  UARTIntStatus                   
00004d61  TimerIntEnable                  
00004d69  UARTIntEnable                   
00004d71  SysCtlDelay                     
00004d77  TimerIntClear                   
00004d7b  UARTIntClear                    
00004d7f  _system_pre_init                
00004d83  __mpu_init                      
00004d85  _system_post_cinit              
00005388  __TI_Handler_Table_Base         
00005394  __TI_Handler_Table_Limit        
000053a8  __TI_CINIT_Base                 
000053c0  __TI_CINIT_Limit                
20000000  g_pfnRAMVectors                 
2000026c  __stack                         
2000046c  Received_Uart_Data              
2000046c  __STACK_END                     
2000046c  __STACK_TOP                     
200004a8  Register_Uart                   
200004e4  canRxMessage                    
200004f8  canTxMessage                    
2000050c  analogValues                    
2000051c  Received_Can_Data               
20000524  Register_Can                    
2000052c  canRxBuffer                     
20000530  Device_Address                  
20000531  mosfetHeat1                     
20000532  mosfetHeat2                     
20000533  motorControllerHeat1            
20000534  motorControllerHeat2            
20000535  speedMotor1                     
20000536  speedMotor2                     
20000538  period                          
2000053c  speed                           
20000540  statBreak                       
20000544  statDeadSwitch                  
20000548  speedEncoder                    
2000054c  speedValue                      
20000550  BatteryCurrent1                 
20000551  BatteryCurrent2                 
20000552  BatteryVoltage1                 
20000553  BatteryVoltage2                 
20000554  BatteryHeat1                    
20000555  BatteryHeat2                    
20000558  counter                         
2000055c  isRxFlag                        
2000055d  isErrFlag                       
2000055e  canCategory                     
2000055f  canAddressTo                    
20000560  canAddressFrom                  
20000561  Uart_Data_received              
20000564  uartDataCounter                 
20000568  ui32C                           
2000056c  lastEncoder                     
20000570  curEncoder                      
20000574  wheelCounter                    
20000578  mSeconds                        
2000057c  lastTime                        
20000580  __TI_cleanup_ptr                
20000584  __TI_dtors_ptr                  
20000588  __TI_enable_exit_profile_output 
2000058c  _lock                           
20000590  _unlock                         
2000059c  main_func_sp                    
ffffffff  __TI_pprof_out_hndl             
ffffffff  __TI_prof_data_size             
ffffffff  __TI_prof_data_start            
ffffffff  __binit__                       
ffffffff  __c_args__                      
ffffffff  binit                           
UNDEFED   SHT$$INIT_ARRAY$$Base           
UNDEFED   SHT$$INIT_ARRAY$$Limit          

[340 symbols]
