******************************************************************************
                  TI ARM Linker PC v16.9.6                     
******************************************************************************
>> Linked Sat May 19 19:09:26 2018

OUTPUT FILE NAME:   <Ae2Can.out>
ENTRY POINT SYMBOL: "_c_int00"  address: 00004a1d


MEMORY CONFIGURATION

         name            origin    length      used     unused   attr    fill
----------------------  --------  ---------  --------  --------  ----  --------
  FLASH                 00000000   00010000  00005506  0000aafa  R  X
  SRAM                  20000000   00006000  0000056c  00005a94  RW X


SEGMENT ALLOCATION MAP

run origin  load origin   length   init length attrs members
----------  ----------- ---------- ----------- ----- -------
00000000    00000000    00005508   00005508    r-x
  00000000    00000000    0000026c   0000026c    r-- .intvecs
  0000026c    0000026c    00004c62   00004c62    r-x .text
  00004ed0    00004ed0    000005e0   000005e0    r-- .const
  000054b0    000054b0    00000058   00000058    r-- .cinit
20000000    20000000    0000056c   00000000    rw-
  20000000    20000000    0000026c   00000000    rw- .vtable
  2000026c    2000026c    00000200   00000000    rw- .stack
  2000046c    2000046c    00000090   00000000    rw- .data
  200004fc    200004fc    00000070   00000000    rw- .bss


SECTION ALLOCATION MAP

 output                                  attributes/
section   page    origin      length       input sections
--------  ----  ----------  ----------   ----------------
.intvecs   0    00000000    0000026c     
                  00000000    0000026c     tm4c1231d5pm_startup_ccs.obj (.intvecs)

.text      0    0000026c    00004c62     
                  0000026c    00002b14     main.obj (.text)
                  00002d80    00000914     LoopFunctions.obj (.text)
                  00003694    00000680     UARTFunction.obj (.text)
                  00003d14    00000440     CANFunction.obj (.text)
                  00004154    00000310     InitialConfiguration.obj (.text)
                  00004464    000001f4     ADCFunction.obj (.text)
                  00004658    000000fc     rtsv7M4_T_le_v4SPD16_eabi.lib : fd_mul_t2.obj (.text)
                  00004754    0000009c                                   : memcpy_t2.obj (.text)
                  000047f0    0000007a     driverlib.lib : adc.obj (.text:ADCSequenceStepConfigure)
                  0000486a    0000007a     rtsv7M4_T_le_v4SPD16_eabi.lib : memset_t2.obj (.text)
                  000048e4    00000070                                   : autoinit.obj (.text)
                  00004954    00000068                                   : copy_decompress_lzss.obj (.text:decompress:lzss)
                  000049bc    00000060     driverlib.lib : timer.obj (.text:TimerConfigure)
                  00004a1c    00000054     rtsv7M4_T_le_v4SPD16_eabi.lib : boot.obj (.text)
                  00004a70    00000054                                   : exit.obj (.text)
                  00004ac4    00000050     driverlib.lib : adc.obj (.text:ADCSequenceConfigure)
                  00004b14    0000004c     rtsv7M4_T_le_v4SPD16_eabi.lib : cpy_tbl.obj (.text)
                  00004b60    00000046     driverlib.lib : uart.obj (.text:UARTConfigSetExpClk)
                  00004ba6    00000044     rtsv7M4_T_le_v4SPD16_eabi.lib : fd_tou_t2.obj (.text)
                  00004bea    00000040                                   : u_divt2.obj (.text)
                  00004c2a    0000002e     driverlib.lib : adc.obj (.text:ADCIntStatus)
                  00004c58    00000020                   : uart.obj (.text:UARTDisable)
                  00004c78    00000020     rtsv7M4_T_le_v4SPD16_eabi.lib : u_tofd_t2.obj (.text)
                  00004c98    0000001e     driverlib.lib : adc.obj (.text:ADCSequenceDataGet)
                  00004cb6    00000018                   : adc.obj (.text:ADCProcessorTrigger)
                  00004cce    00000002     rtsv7M4_T_le_v4SPD16_eabi.lib : i_div0.obj (.text)
                  00004cd0    00000018                                   : args_main.obj (.text)
                  00004ce8    00000014     driverlib.lib : systick.obj (.text:SysTickDisable)
                  00004cfc    00000014                   : systick.obj (.text:SysTickEnable)
                  00004d10    00000014                   : systick.obj (.text:SysTickIntEnable)
                  00004d24    00000014                   : uart.obj (.text:UARTEnable)
                  00004d38    00000014     rtsv7M4_T_le_v4SPD16_eabi.lib : _lock.obj (.text)
                  00004d4c    00000012     driverlib.lib : timer.obj (.text:TimerLoadSet)
                  00004d5e    00000012                   : timer.obj (.text:TimerMatchSet)
                  00004d70    00000010                   : fpu.obj (.text:FPUEnable)
                  00004d80    00000010                   : fpu.obj (.text:FPULazyStackingEnable)
                  00004d90    00000010                   : systick.obj (.text:SysTickPeriodSet)
                  00004da0    00000010                   : watchdog.obj (.text:WatchdogIntRegister)
                  00004db0    0000000e                   : adc.obj (.text:ADCHardwareOversampleConfigure)
                  00004dbe    0000000e                   : adc.obj (.text:ADCSequenceDisable)
                  00004dcc    0000000e                   : adc.obj (.text:ADCSequenceEnable)
                  00004dda    0000000e                   : timer.obj (.text:TimerEnable)
                  00004de8    0000000e                   : uart.obj (.text:UARTCharGetNonBlocking)
                  00004df6    0000000e                   : uart.obj (.text:UARTCharPutNonBlocking)
                  00004e04    0000000e                   : uart.obj (.text:UARTCharsAvail)
                  00004e12    0000000e     rtsv7M4_T_le_v4SPD16_eabi.lib : copy_decompress_none.obj (.text:decompress:none)
                  00004e20    0000000c     driverlib.lib : watchdog.obj (.text:WatchdogIntTypeSet)
                  00004e2c    0000000c     rtsv7M4_T_le_v4SPD16_eabi.lib : copy_zero_init.obj (.text:decompress:ZI)
                  00004e38    0000000c     tm4c1231d5pm_startup_ccs.obj (.text)
                  00004e44    0000000a     driverlib.lib : adc.obj (.text:ADCIntClear)
                  00004e4e    0000000a                   : uart.obj (.text:UARTCharGet)
                  00004e58    0000000a                   : uart.obj (.text:UARTCharPut)
                  00004e62    0000000a                   : uart.obj (.text:UARTFIFOEnable)
                  00004e6c    0000000a                   : uart.obj (.text:UARTIntStatus)
                  00004e76    0000000a                   : watchdog.obj (.text:WatchdogEnable)
                  00004e80    0000000a                   : watchdog.obj (.text:WatchdogIntEnable)
                  00004e8a    0000000a                   : watchdog.obj (.text:WatchdogIntStatus)
                  00004e94    0000000a                   : watchdog.obj (.text:WatchdogResetEnable)
                  00004e9e    00000008                   : timer.obj (.text:TimerIntEnable)
                  00004ea6    00000008                   : uart.obj (.text:UARTIntEnable)
                  00004eae    00000006     main.obj (.text:SysCtlDelay)
                  00004eb4    00000006     driverlib.lib : watchdog.obj (.text:WatchdogIntClear)
                  00004eba    00000004                   : timer.obj (.text:TimerIntClear)
                  00004ebe    00000004                   : uart.obj (.text:UARTIntClear)
                  00004ec2    00000004                   : watchdog.obj (.text:WatchdogReloadSet)
                  00004ec6    00000004     rtsv7M4_T_le_v4SPD16_eabi.lib : pre_init.obj (.text)
                  00004eca    00000002                                   : mpu_init.obj (.text)
                  00004ecc    00000002                                   : startup.obj (.text)

.const     0    00004ed0    000005e0     
                  00004ed0    000001b0     main.obj (.const:g_pppui32XTALtoVCO)
                  00005080    000000d8     main.obj (.const:g_ppui32GPIOIntMapSnowflake)
                  00005158    000000c0     main.obj (.const:g_ppui32GPIOIntMapBlizzard)
                  00005218    0000009c     main.obj (.const:g_pui32Regs)
                  000052b4    00000090     main.obj (.const:g_pui32GPIOBaseAddrs)
                  00005344    0000006c     main.obj (.const:g_pui32Xtals)
                  000053b0    00000030     main.obj (.const:g_sXTALtoMEMTIM)
                  000053e0    00000020     main.obj (.const:g_pui32Priority)
                  00005400    00000020     main.obj (.const:g_ui16CANBitValues)
                  00005420    00000014     main.obj (.const:g_pui32Dii16Regs)
                  00005434    00000014     main.obj (.const:g_pui32EnRegs)
                  00005448    00000014     main.obj (.const:g_pui32PendRegs)
                  0000545c    00000014     main.obj (.const:g_pui32UnpendRegs)
                  00005470    00000012     UARTFunction.obj (.const:.string)
                  00005482    00000002     --HOLE-- [fill = 0]
                  00005484    0000000c     UARTFunction.obj (.const:g_ui32UARTBase)
                  00005490    0000000c     UARTFunction.obj (.const:g_ui32UARTPeriph)
                  0000549c    00000008     main.obj (.const:g_pui32VCOFrequencies)
                  000054a4    00000008     main.obj (.const)
                  000054ac    00000004     UARTFunction.obj (.const)

.cinit     0    000054b0    00000058     
                  000054b0    00000023     (.cinit..data.load) [load image, compression = lzss]
                  000054d3    00000001     --HOLE-- [fill = 0]
                  000054d4    0000000c     (__TI_handler_table)
                  000054e0    00000008     (.cinit..bss.load) [load image, compression = zero_init]
                  000054e8    00000008     (.cinit..vtable.load) [load image, compression = zero_init]
                  000054f0    00000018     (__TI_cinit_table)

.init_array 
*          0    00000000    00000000     UNINITIALIZED

.vtable    0    20000000    0000026c     UNINITIALIZED
                  20000000    0000026c     main.obj (.vtable)

.stack     0    2000026c    00000200     UNINITIALIZED
                  2000026c    00000200     --HOLE--

.data      0    2000046c    00000090     UNINITIALIZED
                  2000046c    00000070     main.obj (.data)
                  200004dc    0000000c     rtsv7M4_T_le_v4SPD16_eabi.lib : exit.obj (.data:$O1$$)
                  200004e8    00000008                                   : _lock.obj (.data:$O1$$)
                  200004f0    00000005     UARTFunction.obj (.data)
                  200004f5    00000003     --HOLE--
                  200004f8    00000004     rtsv7M4_T_le_v4SPD16_eabi.lib : stkdepth_vars.obj (.data)

.bss       0    200004fc    00000070     UNINITIALIZED
                  200004fc    00000020     (.common:Register_Uart)
                  2000051c    00000014     (.common:canRxMessage)
                  20000530    00000014     (.common:canTxMessage)
                  20000544    00000010     (.common:analogValues)
                  20000554    00000008     (.common:Received_Can_Data)
                  2000055c    00000008     (.common:Register_Can)
                  20000564    00000004     (.common:UartPrefix)
                  20000568    00000004     (.common:canRxBuffer)

MODULE SUMMARY

       Module                         code    ro data   rw data
       ------                         ----    -------   -------
    .\
       main.obj                       11034   1456      844    
       LoopFunctions.obj              2324    0         0      
       UARTFunction.obj               1664    46        5      
       CANFunction.obj                1088    0         0      
       InitialConfiguration.obj       784     0         0      
       tm4c1231d5pm_startup_ccs.obj   12      620       0      
       ADCFunction.obj                500     0         0      
    +--+------------------------------+-------+---------+---------+
       Total:                         17406   2122      849    
                                                               
    D:/CodeComposer/ti/TivaWare_C_Series-2.1.4.178/driverlib/ccs/Debug/driverlib.lib
       adc.obj                        354     0         0      
       uart.obj                       216     0         0      
       timer.obj                      158     0         0      
       watchdog.obj                   78      0         0      
       systick.obj                    76      0         0      
       fpu.obj                        32      0         0      
    +--+------------------------------+-------+---------+---------+
       Total:                         914     0         0      
                                                               
    D:\CodeComposer\ti\ccsv7\tools\compiler\ti-cgt-arm_16.9.6.LTS\lib\rtsv7M4_T_le_v4SPD16_eabi.lib
       fd_mul_t2.obj                  252     0         0      
       memcpy_t2.obj                  156     0         0      
       memset_t2.obj                  122     0         0      
       autoinit.obj                   112     0         0      
       copy_decompress_lzss.obj       104     0         0      
       exit.obj                       84      0         12     
       boot.obj                       84      0         0      
       cpy_tbl.obj                    76      0         0      
       fd_tou_t2.obj                  68      0         0      
       u_divt2.obj                    64      0         0      
       u_tofd_t2.obj                  32      0         0      
       _lock.obj                      20      0         8      
       args_main.obj                  24      0         0      
       copy_decompress_none.obj       14      0         0      
       copy_zero_init.obj             12      0         0      
       pre_init.obj                   4       0         0      
       stkdepth_vars.obj              0       0         4      
       i_div0.obj                     2       0         0      
       mpu_init.obj                   2       0         0      
       startup.obj                    2       0         0      
    +--+------------------------------+-------+---------+---------+
       Total:                         1234    0         24     
                                                               
       Stack:                         0       0         512    
       Linker Generated:              0       87        0      
    +--+------------------------------+-------+---------+---------+
       Grand Total:                   19554   2209      1385   


LINKER GENERATED COPY TABLES

__TI_cinit_table @ 000054f0 records: 3, size/record: 8, table size: 24
	.data: load addr=000054b0, load size=00000023 bytes, run addr=2000046c, run size=00000090 bytes, compression=lzss
	.bss: load addr=000054e0, load size=00000008 bytes, run addr=200004fc, run size=00000070 bytes, compression=zero_init
	.vtable: load addr=000054e8, load size=00000008 bytes, run addr=20000000, run size=0000026c bytes, compression=zero_init


LINKER GENERATED HANDLER TABLE

__TI_handler_table @ 000054d4 records: 3, size/record: 4, table size: 12
	index: 0, handler: __TI_zero_init
	index: 1, handler: __TI_decompress_lzss
	index: 2, handler: __TI_decompress_none


GLOBAL SYMBOLS: SORTED ALPHABETICALLY BY Name 

address   name                            
-------   ----                            
00004db1  ADCHardwareOversampleConfigure  
00004465  ADCInit                         
00004e45  ADCIntClear                     
00004c2b  ADCIntStatus                    
00004cb7  ADCProcessorTrigger             
00004ac5  ADCSequenceConfigure            
00004c99  ADCSequenceDataGet              
00004dbf  ADCSequenceDisable              
00004dcd  ADCSequenceEnable               
000047f1  ADCSequenceStepConfigure        
00004a71  C$$EXIT                         
000017f9  CANBitRateSet                   
0000178d  CANBitTimingGet                 
000018bf  CANBitTimingSet                 
00001775  CANDisable                      
0000175d  CANEnable                       
00001b0b  CANErrCntrGet                   
000016e1  CANInit                         
000019fb  CANIntClear                     
0000199b  CANIntDisable                   
00001985  CANIntEnable                    
00003d87  CANIntHandler                   
0000194d  CANIntRegister                  
000019b1  CANIntStatus                    
0000196b  CANIntUnregister                
00001fdd  CANMessageClear                 
00001dd3  CANMessageGet                   
00001b41  CANMessageSet                   
00001a67  CANRetryGet                     
00001a35  CANRetrySet                     
00001a85  CANStatusGet                    
000002a1  CPUbasepriGet                   
00000293  CPUbasepriSet                   
0000026d  CPUcpsid                        
00000283  CPUcpsie                        
00000279  CPUprimask                      
0000028f  CPUwfi                          
00003d15  CanInit                         
00003e27  CanReceived                     
00004025  CanWrite                        
00002ce5  CrcCalc                         
2000046c  Device_Address                  
00004d71  FPUEnable                       
00004d81  FPULazyStackingEnable           
00002b85  GPIOADCTriggerDisable           
00002b67  GPIOADCTriggerEnable            
00002b49  GPIODMATriggerDisable           
00002b2b  GPIODMATriggerEnable            
000020cb  GPIODirModeGet                  
0000206f  GPIODirModeSet                  
0000263b  GPIOIntClear                    
000025ff  GPIOIntDisable                  
000025e5  GPIOIntEnable                   
0000264f  GPIOIntRegister                 
00002687  GPIOIntRegisterPin              
00002619  GPIOIntStatus                   
000021bb  GPIOIntTypeGet                  
00002117  GPIOIntTypeSet                  
0000266d  GPIOIntUnregister               
000026b5  GPIOIntUnregisterPin            
00002493  GPIOPadConfigGet                
00002259  GPIOPadConfigSet                
00002acd  GPIOPinConfigure                
000026d9  GPIOPinRead                     
00002711  GPIOPinTypeADC                  
00002735  GPIOPinTypeCAN                  
00002759  GPIOPinTypeComparator           
0000277d  GPIOPinTypeComparatorOutput     
000027a1  GPIOPinTypeDIVSCLK              
000027c5  GPIOPinTypeEPI                  
000027e9  GPIOPinTypeEthernetLED          
0000280d  GPIOPinTypeEthernetMII          
00002831  GPIOPinTypeGPIOInput            
00002855  GPIOPinTypeGPIOOutput           
00002879  GPIOPinTypeGPIOOutputOD         
0000289d  GPIOPinTypeHibernateRTCCLK      
000028c1  GPIOPinTypeI2C                  
000028e5  GPIOPinTypeI2CSCL               
00002909  GPIOPinTypeLCD                  
0000292d  GPIOPinTypeOneWire              
00002951  GPIOPinTypePWM                  
00002975  GPIOPinTypeQEI                  
00002999  GPIOPinTypeSSI                  
000029bd  GPIOPinTypeTimer                
000029e1  GPIOPinTypeTrace                
00002a05  GPIOPinTypeUART                 
00002a29  GPIOPinTypeUSBAnalog            
00002a4d  GPIOPinTypeUSBDigital           
00002a71  GPIOPinTypeWakeHigh             
00002a97  GPIOPinTypeWakeLow              
00002abd  GPIOPinWakeStatus               
000026f1  GPIOPinWrite                    
00004503  GetADCResults                   
00004155  InitMotorPwm                    
000041f1  InitialConfiguration            
0000046b  IntDisable                      
000003f9  IntEnable                       
000004dd  IntIsEnabled                    
000002bd  IntMasterDisable                
000002ad  IntMasterEnable                 
000005d1  IntPendClear                    
00000561  IntPendSet                      
000003d5  IntPriorityGet                  
0000034d  IntPriorityGroupingGet          
00000333  IntPriorityGroupingSet          
0000062b  IntPriorityMaskGet              
0000061f  IntPriorityMaskSet              
00000385  IntPrioritySet                  
000002cd  IntRegister                     
00000633  IntTrigger                      
0000031f  IntUnregister                   
000043e5  LedFlash                        
00003493  LoopFunction                    
0000358f  MotorDrive                      
0000361b  MotorStop                       
000033fb  PWMClockGet                     
000033db  PWMClockSet                     
00002f25  PWMDeadBandDisable              
00002eed  PWMDeadBandEnable               
000032a1  PWMFaultIntClear                
000032d3  PWMFaultIntClearExt             
000031bb  PWMFaultIntRegister             
000031d9  PWMFaultIntUnregister           
00002d81  PWMGenConfigure                 
00002e3f  PWMGenDisable                   
00002e25  PWMGenEnable                    
000033a5  PWMGenFaultClear                
000032f1  PWMGenFaultConfigure            
0000336f  PWMGenFaultStatus               
0000334b  PWMGenFaultTriggerGet           
00003321  PWMGenFaultTriggerSet           
00003259  PWMGenIntClear                  
0000312d  PWMGenIntRegister               
0000322f  PWMGenIntStatus                 
00003211  PWMGenIntTrigDisable            
000031f3  PWMGenIntTrigEnable             
00003155  PWMGenIntUnregister             
00002dfb  PWMGenPeriodGet                 
00002dcb  PWMGenPeriodSet                 
00003289  PWMIntDisable                   
00003271  PWMIntEnable                    
000032b3  PWMIntStatus                    
00002ffb  PWMOutputFault                  
00002fc9  PWMOutputFaultLevel             
00002f97  PWMOutputInvert                 
00002f65  PWMOutputState                  
00003425  PWMOutputUpdateMode             
00002ea3  PWMPulseWidthGet                
00002e59  PWMPulseWidthSet                
00002f53  PWMSyncTimeBase                 
00002f41  PWMSyncUpdate                   
00002c53  PortCIntHandler                 
00002be5  PortEIntHandler                 
20000554  Received_Can_Data               
2000055c  Register_Can                    
200004fc  Register_Uart                   
00004e39  ResetISR                        
UNDEFED   SHT$$INIT_ARRAY$$Base           
UNDEFED   SHT$$INIT_ARRAY$$Limit          
000015a9  SysCtlAltClkConfig              
00000cd1  SysCtlClockFreqSet              
00001199  SysCtlClockGet                  
0000158d  SysCtlClockOutConfig            
00000fc9  SysCtlClockSet                  
00000bd5  SysCtlDeepSleep                 
0000135d  SysCtlDeepSleepClockConfigSet   
0000133f  SysCtlDeepSleepClockSet         
00000bb5  SysCtlDeepSleepPowerSet         
00004eaf  SysCtlDelay                     
0000074f  SysCtlFlashSectorSizeGet        
00000723  SysCtlFlashSizeGet              
00001433  SysCtlGPIOAHBDisable            
00001417  SysCtlGPIOAHBEnable             
00000b49  SysCtlIntClear                  
00000b35  SysCtlIntDisable                
00000b1d  SysCtlIntEnable                 
00000af9  SysCtlIntRegister               
00000b59  SysCtlIntStatus                 
00000b0d  SysCtlIntUnregister             
00000b9b  SysCtlLDODeepSleepGet           
00000b8b  SysCtlLDODeepSleepSet           
00000b85  SysCtlLDOSleepGet               
00000b75  SysCtlLDOSleepSet               
00000c0b  SysCtlMOSCConfigSet             
00001571  SysCtlNMIClear                  
0000155d  SysCtlNMIStatus                 
00000c21  SysCtlPIOSCCalibrate            
00001401  SysCtlPWMClockGet               
000013e7  SysCtlPWMClockSet               
00000aa1  SysCtlPeripheralClockGating     
00000a61  SysCtlPeripheralDeepSleepDisable
00000a09  SysCtlPeripheralDeepSleepEnable 
00000949  SysCtlPeripheralDisable         
00000905  SysCtlPeripheralEnable          
00000839  SysCtlPeripheralPowerOff        
000007f9  SysCtlPeripheralPowerOn         
00000779  SysCtlPeripheralPresent         
000007b9  SysCtlPeripheralReady           
00000879  SysCtlPeripheralReset           
000009cd  SysCtlPeripheralSleepDisable    
0000098d  SysCtlPeripheralSleepEnable     
00000bc5  SysCtlReset                     
00000c81  SysCtlResetBehaviorGet          
00000c71  SysCtlResetBehaviorSet          
00000bf7  SysCtlResetCauseClear           
00000bf1  SysCtlResetCauseGet             
00000719  SysCtlSRAMSizeGet               
00000bcd  SysCtlSleep                     
00000ba1  SysCtlSleepPowerSet             
0000145b  SysCtlUSBPLLDisable             
0000144f  SysCtlUSBPLLEnable              
000014a1  SysCtlVCOGet                    
00001489  SysCtlVoltageEventClear         
0000146d  SysCtlVoltageEventConfig        
0000147d  SysCtlVoltageEventStatus        
00004ce9  SysTickDisable                  
00004cfd  SysTickEnable                   
00004d11  SysTickIntEnable                
00002ba3  SysTickIntHandler               
00004d91  SysTickPeriodSet                
000049bd  TimerConfigure                  
00004ddb  TimerEnable                     
000041bb  TimerInit                       
00004ebb  TimerIntClear                   
00004e9f  TimerIntEnable                  
00004d4d  TimerLoadSet                    
00004d5f  TimerMatchSet                   
00002ba5  TimerTick                       
00004e4f  UARTCharGet                     
00004de9  UARTCharGetNonBlocking          
00004e59  UARTCharPut                     
00004df7  UARTCharPutNonBlocking          
00004e05  UARTCharsAvail                  
00004b61  UARTConfigSetExpClk             
00004c59  UARTDisable                     
00004d25  UARTEnable                      
00004e63  UARTFIFOEnable                  
00004ebf  UARTIntClear                    
00004ea7  UARTIntEnable                   
00003b6b  UARTIntHandler                  
00004e6d  UARTIntStatus                   
00003695  UARTStdioConfig                 
000037db  UARTgetc                        
00003721  UARTgets                        
00003afb  UARTprintf                      
00003801  UARTvprintf                     
000036db  UARTwrite                       
00003b1f  UartInit                        
20000564  UartPrefix                      
200004ad  Uart_Data_received              
00004e77  WatchdogEnable                  
00004eb5  WatchdogIntClear                
00004e81  WatchdogIntEnable               
00002cc1  WatchdogIntHandler              
00004da1  WatchdogIntRegister             
00004e8b  WatchdogIntStatus               
00004e21  WatchdogIntTypeSet              
00004ec3  WatchdogReloadSet               
00004e95  WatchdogResetEnable             
2000046c  __STACK_END                     
00000200  __STACK_SIZE                    
2000046c  __STACK_TOP                     
000054f0  __TI_CINIT_Base                 
00005508  __TI_CINIT_Limit                
000054d4  __TI_Handler_Table_Base         
000054e0  __TI_Handler_Table_Limit        
000048e5  __TI_auto_init                  
200004dc  __TI_cleanup_ptr                
00004955  __TI_decompress_lzss            
00004e13  __TI_decompress_none            
200004e0  __TI_dtors_ptr                  
200004e4  __TI_enable_exit_profile_output 
ffffffff  __TI_pprof_out_hndl             
ffffffff  __TI_prof_data_size             
ffffffff  __TI_prof_data_start            
00000000  __TI_static_base__              
00004e2d  __TI_zero_init                  
00004ba7  __aeabi_d2uiz                   
00004659  __aeabi_dmul                    
00004ccf  __aeabi_idiv0                   
0000486b  __aeabi_memclr                  
0000486b  __aeabi_memclr4                 
0000486b  __aeabi_memclr8                 
00004755  __aeabi_memcpy                  
00004755  __aeabi_memcpy4                 
00004755  __aeabi_memcpy8                 
0000486d  __aeabi_memset                  
0000486d  __aeabi_memset4                 
0000486d  __aeabi_memset8                 
00004c79  __aeabi_ui2d                    
00004beb  __aeabi_uidiv                   
00004beb  __aeabi_uidivmod                
ffffffff  __binit__                       
ffffffff  __c_args__                      
00004ecb  __mpu_init                      
2000026c  __stack                         
00004cd1  _args_main                      
00004a1d  _c_int00                        
200004e8  _lock                           
00004d47  _nop                            
00004d3f  _register_lock                  
00004d39  _register_unlock                
00004ecd  _system_post_cinit              
00004ec7  _system_pre_init                
200004ec  _unlock                         
00004a75  abort                           
20000544  analogValues                    
2000049c  batteryCurrent1                 
2000049d  batteryCurrent2                 
200004a0  batteryHeat                     
2000049e  batteryVoltage1                 
2000049f  batteryVoltage2                 
ffffffff  binit                           
200004ac  canAddressFrom                  
200004ab  canAddressTo                    
200004aa  canCategory                     
20000568  canRxBuffer                     
2000051c  canRxMessage                    
20000530  canTxMessage                    
200004d4  clearWatchdog                   
00004b15  copy_in                         
200004a4  counter                         
200004d8  crc                             
200004cc  curMotorEncoder                 
200004c8  curWheelEncoder                 
20000498  errSpeed                        
00004a7d  exit                            
20000000  g_pfnRAMVectors                 
00000000  g_pfnVectors                    
200004a9  isErrFlag                       
200004a8  isRxFlag                        
200004c0  lastMotorEncoder                
200004c4  lastWheelEncoder                
200004b4  loopCounter                     
200004d0  mSeconds                        
200004b8  mVoltage                        
00002d21  main                            
200004f8  main_func_sp                    
20000490  maxSpeed                        
00004755  memcpy                          
00004873  memset                          
20000494  minSpeed                        
2000046d  mosfetHeat                      
2000046e  motorControllerHeat             
20000484  motorEncoder                    
20000474  period                          
20000478  speed                           
2000046f  speedMotor                      
2000048c  speedValue                      
20000470  speedWheel                      
2000047c  statBreak                       
20000480  statDeadSwitch                  
200004b0  uartDataCounter                 
200004bc  ui32C                           
20000488  wheelEncoder                    


GLOBAL SYMBOLS: SORTED BY Symbol Address 

address   name                            
-------   ----                            
00000000  __TI_static_base__              
00000000  g_pfnVectors                    
00000200  __STACK_SIZE                    
0000026d  CPUcpsid                        
00000279  CPUprimask                      
00000283  CPUcpsie                        
0000028f  CPUwfi                          
00000293  CPUbasepriSet                   
000002a1  CPUbasepriGet                   
000002ad  IntMasterEnable                 
000002bd  IntMasterDisable                
000002cd  IntRegister                     
0000031f  IntUnregister                   
00000333  IntPriorityGroupingSet          
0000034d  IntPriorityGroupingGet          
00000385  IntPrioritySet                  
000003d5  IntPriorityGet                  
000003f9  IntEnable                       
0000046b  IntDisable                      
000004dd  IntIsEnabled                    
00000561  IntPendSet                      
000005d1  IntPendClear                    
0000061f  IntPriorityMaskSet              
0000062b  IntPriorityMaskGet              
00000633  IntTrigger                      
00000719  SysCtlSRAMSizeGet               
00000723  SysCtlFlashSizeGet              
0000074f  SysCtlFlashSectorSizeGet        
00000779  SysCtlPeripheralPresent         
000007b9  SysCtlPeripheralReady           
000007f9  SysCtlPeripheralPowerOn         
00000839  SysCtlPeripheralPowerOff        
00000879  SysCtlPeripheralReset           
00000905  SysCtlPeripheralEnable          
00000949  SysCtlPeripheralDisable         
0000098d  SysCtlPeripheralSleepEnable     
000009cd  SysCtlPeripheralSleepDisable    
00000a09  SysCtlPeripheralDeepSleepEnable 
00000a61  SysCtlPeripheralDeepSleepDisable
00000aa1  SysCtlPeripheralClockGating     
00000af9  SysCtlIntRegister               
00000b0d  SysCtlIntUnregister             
00000b1d  SysCtlIntEnable                 
00000b35  SysCtlIntDisable                
00000b49  SysCtlIntClear                  
00000b59  SysCtlIntStatus                 
00000b75  SysCtlLDOSleepSet               
00000b85  SysCtlLDOSleepGet               
00000b8b  SysCtlLDODeepSleepSet           
00000b9b  SysCtlLDODeepSleepGet           
00000ba1  SysCtlSleepPowerSet             
00000bb5  SysCtlDeepSleepPowerSet         
00000bc5  SysCtlReset                     
00000bcd  SysCtlSleep                     
00000bd5  SysCtlDeepSleep                 
00000bf1  SysCtlResetCauseGet             
00000bf7  SysCtlResetCauseClear           
00000c0b  SysCtlMOSCConfigSet             
00000c21  SysCtlPIOSCCalibrate            
00000c71  SysCtlResetBehaviorSet          
00000c81  SysCtlResetBehaviorGet          
00000cd1  SysCtlClockFreqSet              
00000fc9  SysCtlClockSet                  
00001199  SysCtlClockGet                  
0000133f  SysCtlDeepSleepClockSet         
0000135d  SysCtlDeepSleepClockConfigSet   
000013e7  SysCtlPWMClockSet               
00001401  SysCtlPWMClockGet               
00001417  SysCtlGPIOAHBEnable             
00001433  SysCtlGPIOAHBDisable            
0000144f  SysCtlUSBPLLEnable              
0000145b  SysCtlUSBPLLDisable             
0000146d  SysCtlVoltageEventConfig        
0000147d  SysCtlVoltageEventStatus        
00001489  SysCtlVoltageEventClear         
000014a1  SysCtlVCOGet                    
0000155d  SysCtlNMIStatus                 
00001571  SysCtlNMIClear                  
0000158d  SysCtlClockOutConfig            
000015a9  SysCtlAltClkConfig              
000016e1  CANInit                         
0000175d  CANEnable                       
00001775  CANDisable                      
0000178d  CANBitTimingGet                 
000017f9  CANBitRateSet                   
000018bf  CANBitTimingSet                 
0000194d  CANIntRegister                  
0000196b  CANIntUnregister                
00001985  CANIntEnable                    
0000199b  CANIntDisable                   
000019b1  CANIntStatus                    
000019fb  CANIntClear                     
00001a35  CANRetrySet                     
00001a67  CANRetryGet                     
00001a85  CANStatusGet                    
00001b0b  CANErrCntrGet                   
00001b41  CANMessageSet                   
00001dd3  CANMessageGet                   
00001fdd  CANMessageClear                 
0000206f  GPIODirModeSet                  
000020cb  GPIODirModeGet                  
00002117  GPIOIntTypeSet                  
000021bb  GPIOIntTypeGet                  
00002259  GPIOPadConfigSet                
00002493  GPIOPadConfigGet                
000025e5  GPIOIntEnable                   
000025ff  GPIOIntDisable                  
00002619  GPIOIntStatus                   
0000263b  GPIOIntClear                    
0000264f  GPIOIntRegister                 
0000266d  GPIOIntUnregister               
00002687  GPIOIntRegisterPin              
000026b5  GPIOIntUnregisterPin            
000026d9  GPIOPinRead                     
000026f1  GPIOPinWrite                    
00002711  GPIOPinTypeADC                  
00002735  GPIOPinTypeCAN                  
00002759  GPIOPinTypeComparator           
0000277d  GPIOPinTypeComparatorOutput     
000027a1  GPIOPinTypeDIVSCLK              
000027c5  GPIOPinTypeEPI                  
000027e9  GPIOPinTypeEthernetLED          
0000280d  GPIOPinTypeEthernetMII          
00002831  GPIOPinTypeGPIOInput            
00002855  GPIOPinTypeGPIOOutput           
00002879  GPIOPinTypeGPIOOutputOD         
0000289d  GPIOPinTypeHibernateRTCCLK      
000028c1  GPIOPinTypeI2C                  
000028e5  GPIOPinTypeI2CSCL               
00002909  GPIOPinTypeLCD                  
0000292d  GPIOPinTypeOneWire              
00002951  GPIOPinTypePWM                  
00002975  GPIOPinTypeQEI                  
00002999  GPIOPinTypeSSI                  
000029bd  GPIOPinTypeTimer                
000029e1  GPIOPinTypeTrace                
00002a05  GPIOPinTypeUART                 
00002a29  GPIOPinTypeUSBAnalog            
00002a4d  GPIOPinTypeUSBDigital           
00002a71  GPIOPinTypeWakeHigh             
00002a97  GPIOPinTypeWakeLow              
00002abd  GPIOPinWakeStatus               
00002acd  GPIOPinConfigure                
00002b2b  GPIODMATriggerEnable            
00002b49  GPIODMATriggerDisable           
00002b67  GPIOADCTriggerEnable            
00002b85  GPIOADCTriggerDisable           
00002ba3  SysTickIntHandler               
00002ba5  TimerTick                       
00002be5  PortEIntHandler                 
00002c53  PortCIntHandler                 
00002cc1  WatchdogIntHandler              
00002ce5  CrcCalc                         
00002d21  main                            
00002d81  PWMGenConfigure                 
00002dcb  PWMGenPeriodSet                 
00002dfb  PWMGenPeriodGet                 
00002e25  PWMGenEnable                    
00002e3f  PWMGenDisable                   
00002e59  PWMPulseWidthSet                
00002ea3  PWMPulseWidthGet                
00002eed  PWMDeadBandEnable               
00002f25  PWMDeadBandDisable              
00002f41  PWMSyncUpdate                   
00002f53  PWMSyncTimeBase                 
00002f65  PWMOutputState                  
00002f97  PWMOutputInvert                 
00002fc9  PWMOutputFaultLevel             
00002ffb  PWMOutputFault                  
0000312d  PWMGenIntRegister               
00003155  PWMGenIntUnregister             
000031bb  PWMFaultIntRegister             
000031d9  PWMFaultIntUnregister           
000031f3  PWMGenIntTrigEnable             
00003211  PWMGenIntTrigDisable            
0000322f  PWMGenIntStatus                 
00003259  PWMGenIntClear                  
00003271  PWMIntEnable                    
00003289  PWMIntDisable                   
000032a1  PWMFaultIntClear                
000032b3  PWMIntStatus                    
000032d3  PWMFaultIntClearExt             
000032f1  PWMGenFaultConfigure            
00003321  PWMGenFaultTriggerSet           
0000334b  PWMGenFaultTriggerGet           
0000336f  PWMGenFaultStatus               
000033a5  PWMGenFaultClear                
000033db  PWMClockSet                     
000033fb  PWMClockGet                     
00003425  PWMOutputUpdateMode             
00003493  LoopFunction                    
0000358f  MotorDrive                      
0000361b  MotorStop                       
00003695  UARTStdioConfig                 
000036db  UARTwrite                       
00003721  UARTgets                        
000037db  UARTgetc                        
00003801  UARTvprintf                     
00003afb  UARTprintf                      
00003b1f  UartInit                        
00003b6b  UARTIntHandler                  
00003d15  CanInit                         
00003d87  CANIntHandler                   
00003e27  CanReceived                     
00004025  CanWrite                        
00004155  InitMotorPwm                    
000041bb  TimerInit                       
000041f1  InitialConfiguration            
000043e5  LedFlash                        
00004465  ADCInit                         
00004503  GetADCResults                   
00004659  __aeabi_dmul                    
00004755  __aeabi_memcpy                  
00004755  __aeabi_memcpy4                 
00004755  __aeabi_memcpy8                 
00004755  memcpy                          
000047f1  ADCSequenceStepConfigure        
0000486b  __aeabi_memclr                  
0000486b  __aeabi_memclr4                 
0000486b  __aeabi_memclr8                 
0000486d  __aeabi_memset                  
0000486d  __aeabi_memset4                 
0000486d  __aeabi_memset8                 
00004873  memset                          
000048e5  __TI_auto_init                  
00004955  __TI_decompress_lzss            
000049bd  TimerConfigure                  
00004a1d  _c_int00                        
00004a71  C$$EXIT                         
00004a75  abort                           
00004a7d  exit                            
00004ac5  ADCSequenceConfigure            
00004b15  copy_in                         
00004b61  UARTConfigSetExpClk             
00004ba7  __aeabi_d2uiz                   
00004beb  __aeabi_uidiv                   
00004beb  __aeabi_uidivmod                
00004c2b  ADCIntStatus                    
00004c59  UARTDisable                     
00004c79  __aeabi_ui2d                    
00004c99  ADCSequenceDataGet              
00004cb7  ADCProcessorTrigger             
00004ccf  __aeabi_idiv0                   
00004cd1  _args_main                      
00004ce9  SysTickDisable                  
00004cfd  SysTickEnable                   
00004d11  SysTickIntEnable                
00004d25  UARTEnable                      
00004d39  _register_unlock                
00004d3f  _register_lock                  
00004d47  _nop                            
00004d4d  TimerLoadSet                    
00004d5f  TimerMatchSet                   
00004d71  FPUEnable                       
00004d81  FPULazyStackingEnable           
00004d91  SysTickPeriodSet                
00004da1  WatchdogIntRegister             
00004db1  ADCHardwareOversampleConfigure  
00004dbf  ADCSequenceDisable              
00004dcd  ADCSequenceEnable               
00004ddb  TimerEnable                     
00004de9  UARTCharGetNonBlocking          
00004df7  UARTCharPutNonBlocking          
00004e05  UARTCharsAvail                  
00004e13  __TI_decompress_none            
00004e21  WatchdogIntTypeSet              
00004e2d  __TI_zero_init                  
00004e39  ResetISR                        
00004e45  ADCIntClear                     
00004e4f  UARTCharGet                     
00004e59  UARTCharPut                     
00004e63  UARTFIFOEnable                  
00004e6d  UARTIntStatus                   
00004e77  WatchdogEnable                  
00004e81  WatchdogIntEnable               
00004e8b  WatchdogIntStatus               
00004e95  WatchdogResetEnable             
00004e9f  TimerIntEnable                  
00004ea7  UARTIntEnable                   
00004eaf  SysCtlDelay                     
00004eb5  WatchdogIntClear                
00004ebb  TimerIntClear                   
00004ebf  UARTIntClear                    
00004ec3  WatchdogReloadSet               
00004ec7  _system_pre_init                
00004ecb  __mpu_init                      
00004ecd  _system_post_cinit              
000054d4  __TI_Handler_Table_Base         
000054e0  __TI_Handler_Table_Limit        
000054f0  __TI_CINIT_Base                 
00005508  __TI_CINIT_Limit                
20000000  g_pfnRAMVectors                 
2000026c  __stack                         
2000046c  Device_Address                  
2000046c  __STACK_END                     
2000046c  __STACK_TOP                     
2000046d  mosfetHeat                      
2000046e  motorControllerHeat             
2000046f  speedMotor                      
20000470  speedWheel                      
20000474  period                          
20000478  speed                           
2000047c  statBreak                       
20000480  statDeadSwitch                  
20000484  motorEncoder                    
20000488  wheelEncoder                    
2000048c  speedValue                      
20000490  maxSpeed                        
20000494  minSpeed                        
20000498  errSpeed                        
2000049c  batteryCurrent1                 
2000049d  batteryCurrent2                 
2000049e  batteryVoltage1                 
2000049f  batteryVoltage2                 
200004a0  batteryHeat                     
200004a4  counter                         
200004a8  isRxFlag                        
200004a9  isErrFlag                       
200004aa  canCategory                     
200004ab  canAddressTo                    
200004ac  canAddressFrom                  
200004ad  Uart_Data_received              
200004b0  uartDataCounter                 
200004b4  loopCounter                     
200004b8  mVoltage                        
200004bc  ui32C                           
200004c0  lastMotorEncoder                
200004c4  lastWheelEncoder                
200004c8  curWheelEncoder                 
200004cc  curMotorEncoder                 
200004d0  mSeconds                        
200004d4  clearWatchdog                   
200004d8  crc                             
200004dc  __TI_cleanup_ptr                
200004e0  __TI_dtors_ptr                  
200004e4  __TI_enable_exit_profile_output 
200004e8  _lock                           
200004ec  _unlock                         
200004f8  main_func_sp                    
200004fc  Register_Uart                   
2000051c  canRxMessage                    
20000530  canTxMessage                    
20000544  analogValues                    
20000554  Received_Can_Data               
2000055c  Register_Can                    
20000564  UartPrefix                      
20000568  canRxBuffer                     
ffffffff  __TI_pprof_out_hndl             
ffffffff  __TI_prof_data_size             
ffffffff  __TI_prof_data_start            
ffffffff  __binit__                       
ffffffff  __c_args__                      
ffffffff  binit                           
UNDEFED   SHT$$INIT_ARRAY$$Base           
UNDEFED   SHT$$INIT_ARRAY$$Limit          

[355 symbols]
