<?xml version="1.0"?>
<link_info>
   <banner>TI ARM Linker PC v16.9.6.LTS</banner>
   <copyright>Copyright (c) 1996-2017 Texas Instruments Incorporated</copyright>
   <link_time>0x5b016a42</link_time>
   <link_errors>0x0</link_errors>
   <output_file>Ae2Can.out</output_file>
   <entry_point>
      <name>_c_int00</name>
      <address>0x4f7d</address>
   </entry_point>
   <input_file_list>
      <input_file id="fl-2">
         <path>.\</path>
         <kind>object</kind>
         <file>ADCFunction.obj</file>
         <name>ADCFunction.obj</name>
      </input_file>
      <input_file id="fl-3">
         <path>.\</path>
         <kind>object</kind>
         <file>CANFunction.obj</file>
         <name>CANFunction.obj</name>
      </input_file>
      <input_file id="fl-4">
         <path>.\</path>
         <kind>object</kind>
         <file>InitialConfiguration.obj</file>
         <name>InitialConfiguration.obj</name>
      </input_file>
      <input_file id="fl-5">
         <path>.\</path>
         <kind>object</kind>
         <file>LoopFunctions.obj</file>
         <name>LoopFunctions.obj</name>
      </input_file>
      <input_file id="fl-6">
         <path>.\</path>
         <kind>object</kind>
         <file>UARTFunction.obj</file>
         <name>UARTFunction.obj</name>
      </input_file>
      <input_file id="fl-7">
         <path>.\</path>
         <kind>object</kind>
         <file>main.obj</file>
         <name>main.obj</name>
      </input_file>
      <input_file id="fl-8">
         <path>.\</path>
         <kind>object</kind>
         <file>tm4c1231d5pm_startup_ccs.obj</file>
         <name>tm4c1231d5pm_startup_ccs.obj</name>
      </input_file>
      <input_file id="fl-d">
         <kind>object</kind>
         <file>&lt;internal&gt;</file>
         <name>&lt;internal&gt;</name>
      </input_file>
      <input_file id="fl-c3">
         <path>D:\CodeComposer\ti\ccsv7\tools\compiler\ti-cgt-arm_16.9.6.LTS\lib\</path>
         <kind>archive</kind>
         <file>rtsv7M4_T_le_v4SPD16_eabi.lib</file>
         <name>boot.obj</name>
      </input_file>
      <input_file id="fl-c4">
         <path>D:\CodeComposer\ti\ccsv7\tools\compiler\ti-cgt-arm_16.9.6.LTS\lib\</path>
         <kind>archive</kind>
         <file>rtsv7M4_T_le_v4SPD16_eabi.lib</file>
         <name>copy_decompress_lzss.obj</name>
      </input_file>
      <input_file id="fl-c5">
         <path>D:\CodeComposer\ti\ccsv7\tools\compiler\ti-cgt-arm_16.9.6.LTS\lib\</path>
         <kind>archive</kind>
         <file>rtsv7M4_T_le_v4SPD16_eabi.lib</file>
         <name>copy_decompress_none.obj</name>
      </input_file>
      <input_file id="fl-c6">
         <path>D:\CodeComposer\ti\ccsv7\tools\compiler\ti-cgt-arm_16.9.6.LTS\lib\</path>
         <kind>archive</kind>
         <file>rtsv7M4_T_le_v4SPD16_eabi.lib</file>
         <name>copy_zero_init.obj</name>
      </input_file>
      <input_file id="fl-c7">
         <path>D:\CodeComposer\ti\ccsv7\tools\compiler\ti-cgt-arm_16.9.6.LTS\lib\</path>
         <kind>archive</kind>
         <file>rtsv7M4_T_le_v4SPD16_eabi.lib</file>
         <name>exit.obj</name>
      </input_file>
      <input_file id="fl-c8">
         <path>D:\CodeComposer\ti\ccsv7\tools\compiler\ti-cgt-arm_16.9.6.LTS\lib\</path>
         <kind>archive</kind>
         <file>rtsv7M4_T_le_v4SPD16_eabi.lib</file>
         <name>fd_add_t2.obj</name>
      </input_file>
      <input_file id="fl-c9">
         <path>D:\CodeComposer\ti\ccsv7\tools\compiler\ti-cgt-arm_16.9.6.LTS\lib\</path>
         <kind>archive</kind>
         <file>rtsv7M4_T_le_v4SPD16_eabi.lib</file>
         <name>fd_div_t2.obj</name>
      </input_file>
      <input_file id="fl-ca">
         <path>D:\CodeComposer\ti\ccsv7\tools\compiler\ti-cgt-arm_16.9.6.LTS\lib\</path>
         <kind>archive</kind>
         <file>rtsv7M4_T_le_v4SPD16_eabi.lib</file>
         <name>fd_mul_t2.obj</name>
      </input_file>
      <input_file id="fl-cb">
         <path>D:\CodeComposer\ti\ccsv7\tools\compiler\ti-cgt-arm_16.9.6.LTS\lib\</path>
         <kind>archive</kind>
         <file>rtsv7M4_T_le_v4SPD16_eabi.lib</file>
         <name>fd_tos_t2.obj</name>
      </input_file>
      <input_file id="fl-cc">
         <path>D:\CodeComposer\ti\ccsv7\tools\compiler\ti-cgt-arm_16.9.6.LTS\lib\</path>
         <kind>archive</kind>
         <file>rtsv7M4_T_le_v4SPD16_eabi.lib</file>
         <name>fd_tou_t2.obj</name>
      </input_file>
      <input_file id="fl-cd">
         <path>D:\CodeComposer\ti\ccsv7\tools\compiler\ti-cgt-arm_16.9.6.LTS\lib\</path>
         <kind>archive</kind>
         <file>rtsv7M4_T_le_v4SPD16_eabi.lib</file>
         <name>fs_tod_t2.obj</name>
      </input_file>
      <input_file id="fl-ce">
         <path>D:\CodeComposer\ti\ccsv7\tools\compiler\ti-cgt-arm_16.9.6.LTS\lib\</path>
         <kind>archive</kind>
         <file>rtsv7M4_T_le_v4SPD16_eabi.lib</file>
         <name>memcpy_t2.obj</name>
      </input_file>
      <input_file id="fl-cf">
         <path>D:\CodeComposer\ti\ccsv7\tools\compiler\ti-cgt-arm_16.9.6.LTS\lib\</path>
         <kind>archive</kind>
         <file>rtsv7M4_T_le_v4SPD16_eabi.lib</file>
         <name>memset_t2.obj</name>
      </input_file>
      <input_file id="fl-d0">
         <path>D:\CodeComposer\ti\ccsv7\tools\compiler\ti-cgt-arm_16.9.6.LTS\lib\</path>
         <kind>archive</kind>
         <file>rtsv7M4_T_le_v4SPD16_eabi.lib</file>
         <name>mpu_init.obj</name>
      </input_file>
      <input_file id="fl-d1">
         <path>D:\CodeComposer\ti\ccsv7\tools\compiler\ti-cgt-arm_16.9.6.LTS\lib\</path>
         <kind>archive</kind>
         <file>rtsv7M4_T_le_v4SPD16_eabi.lib</file>
         <name>pre_init.obj</name>
      </input_file>
      <input_file id="fl-d2">
         <path>D:\CodeComposer\ti\ccsv7\tools\compiler\ti-cgt-arm_16.9.6.LTS\lib\</path>
         <kind>archive</kind>
         <file>rtsv7M4_T_le_v4SPD16_eabi.lib</file>
         <name>stkdepth_vars.obj</name>
      </input_file>
      <input_file id="fl-d3">
         <path>D:\CodeComposer\ti\ccsv7\tools\compiler\ti-cgt-arm_16.9.6.LTS\lib\</path>
         <kind>archive</kind>
         <file>rtsv7M4_T_le_v4SPD16_eabi.lib</file>
         <name>u_divt2.obj</name>
      </input_file>
      <input_file id="fl-d4">
         <path>D:\CodeComposer\ti\ccsv7\tools\compiler\ti-cgt-arm_16.9.6.LTS\lib\</path>
         <kind>archive</kind>
         <file>rtsv7M4_T_le_v4SPD16_eabi.lib</file>
         <name>u_tofd_t2.obj</name>
      </input_file>
      <input_file id="fl-d5">
         <path>D:\CodeComposer\ti\ccsv7\tools\compiler\ti-cgt-arm_16.9.6.LTS\lib\</path>
         <kind>archive</kind>
         <file>rtsv7M4_T_le_v4SPD16_eabi.lib</file>
         <name>_lock.obj</name>
      </input_file>
      <input_file id="fl-d6">
         <path>D:\CodeComposer\ti\ccsv7\tools\compiler\ti-cgt-arm_16.9.6.LTS\lib\</path>
         <kind>archive</kind>
         <file>rtsv7M4_T_le_v4SPD16_eabi.lib</file>
         <name>args_main.obj</name>
      </input_file>
      <input_file id="fl-d7">
         <path>D:\CodeComposer\ti\ccsv7\tools\compiler\ti-cgt-arm_16.9.6.LTS\lib\</path>
         <kind>archive</kind>
         <file>rtsv7M4_T_le_v4SPD16_eabi.lib</file>
         <name>autoinit.obj</name>
      </input_file>
      <input_file id="fl-d8">
         <path>D:\CodeComposer\ti\ccsv7\tools\compiler\ti-cgt-arm_16.9.6.LTS\lib\</path>
         <kind>archive</kind>
         <file>rtsv7M4_T_le_v4SPD16_eabi.lib</file>
         <name>cpy_tbl.obj</name>
      </input_file>
      <input_file id="fl-d9">
         <path>D:\CodeComposer\ti\ccsv7\tools\compiler\ti-cgt-arm_16.9.6.LTS\lib\</path>
         <kind>archive</kind>
         <file>rtsv7M4_T_le_v4SPD16_eabi.lib</file>
         <name>i_div0.obj</name>
      </input_file>
      <input_file id="fl-da">
         <path>D:\CodeComposer\ti\ccsv7\tools\compiler\ti-cgt-arm_16.9.6.LTS\lib\</path>
         <kind>archive</kind>
         <file>rtsv7M4_T_le_v4SPD16_eabi.lib</file>
         <name>startup.obj</name>
      </input_file>
      <input_file id="fl-db">
         <path>D:\CodeComposer\ti\TivaWare_C_Series-2.1.4.178\driverlib\ccs\Debug\</path>
         <kind>archive</kind>
         <file>driverlib.lib</file>
         <name>adc.obj</name>
      </input_file>
      <input_file id="fl-dc">
         <path>D:\CodeComposer\ti\TivaWare_C_Series-2.1.4.178\driverlib\ccs\Debug\</path>
         <kind>archive</kind>
         <file>driverlib.lib</file>
         <name>fpu.obj</name>
      </input_file>
      <input_file id="fl-dd">
         <path>D:\CodeComposer\ti\TivaWare_C_Series-2.1.4.178\driverlib\ccs\Debug\</path>
         <kind>archive</kind>
         <file>driverlib.lib</file>
         <name>systick.obj</name>
      </input_file>
      <input_file id="fl-de">
         <path>D:\CodeComposer\ti\TivaWare_C_Series-2.1.4.178\driverlib\ccs\Debug\</path>
         <kind>archive</kind>
         <file>driverlib.lib</file>
         <name>timer.obj</name>
      </input_file>
      <input_file id="fl-df">
         <path>D:\CodeComposer\ti\TivaWare_C_Series-2.1.4.178\driverlib\ccs\Debug\</path>
         <kind>archive</kind>
         <file>driverlib.lib</file>
         <name>uart.obj</name>
      </input_file>
      <input_file id="fl-e0">
         <path>D:\CodeComposer\ti\TivaWare_C_Series-2.1.4.178\driverlib\ccs\Debug\</path>
         <kind>archive</kind>
         <file>driverlib.lib</file>
         <name>watchdog.obj</name>
      </input_file>
   </input_file_list>
   <object_component_list>
      <object_component id="oc-f">
         <name>.intvecs</name>
         <load_address>0x0</load_address>
         <run_address>0x0</run_address>
         <size>0x26c</size>
         <input_file_ref idref="fl-8"/>
      </object_component>
      <object_component id="oc-31">
         <name>.text</name>
         <load_address>0x26c</load_address>
         <run_address>0x26c</run_address>
         <size>0x2b14</size>
         <input_file_ref idref="fl-7"/>
      </object_component>
      <object_component id="oc-de">
         <name>.text</name>
         <load_address>0x2d80</load_address>
         <run_address>0x2d80</run_address>
         <size>0x9e8</size>
         <input_file_ref idref="fl-5"/>
      </object_component>
      <object_component id="oc-37">
         <name>.text</name>
         <load_address>0x3768</load_address>
         <run_address>0x3768</run_address>
         <size>0x694</size>
         <input_file_ref idref="fl-6"/>
      </object_component>
      <object_component id="oc-3d">
         <name>.text</name>
         <load_address>0x3dfc</load_address>
         <run_address>0x3dfc</run_address>
         <size>0x4c8</size>
         <input_file_ref idref="fl-3"/>
      </object_component>
      <object_component id="oc-d8">
         <name>.text</name>
         <load_address>0x42c4</load_address>
         <run_address>0x42c4</run_address>
         <size>0x310</size>
         <input_file_ref idref="fl-4"/>
      </object_component>
      <object_component id="oc-213">
         <name>.text</name>
         <load_address>0x45d4</load_address>
         <run_address>0x45d4</run_address>
         <size>0x288</size>
         <input_file_ref idref="fl-2"/>
      </object_component>
      <object_component id="oc-2d6">
         <name>.text</name>
         <load_address>0x485c</load_address>
         <run_address>0x485c</run_address>
         <size>0x1b6</size>
         <input_file_ref idref="fl-c8"/>
      </object_component>
      <object_component id="oc-2d1">
         <name>.text</name>
         <load_address>0x4a12</load_address>
         <run_address>0x4a12</run_address>
         <size>0x136</size>
         <input_file_ref idref="fl-c9"/>
      </object_component>
      <object_component id="oc-21f">
         <name>.text</name>
         <load_address>0x4b48</load_address>
         <run_address>0x4b48</run_address>
         <size>0xfc</size>
         <input_file_ref idref="fl-ca"/>
      </object_component>
      <object_component id="oc-51">
         <name>.text</name>
         <load_address>0x4c44</load_address>
         <run_address>0x4c44</run_address>
         <size>0x9c</size>
         <input_file_ref idref="fl-ce"/>
      </object_component>
      <object_component id="oc-2ad">
         <name>.text:ADCSequenceStepConfigure</name>
         <load_address>0x4ce0</load_address>
         <run_address>0x4ce0</run_address>
         <size>0x7a</size>
         <input_file_ref idref="fl-db"/>
      </object_component>
      <object_component id="oc-5d">
         <name>.text</name>
         <load_address>0x4d5a</load_address>
         <run_address>0x4d5a</run_address>
         <size>0x7a</size>
         <input_file_ref idref="fl-cf"/>
      </object_component>
      <object_component id="oc-75">
         <name>.text</name>
         <load_address>0x4dd4</load_address>
         <run_address>0x4dd4</run_address>
         <size>0x70</size>
         <input_file_ref idref="fl-d7"/>
      </object_component>
      <object_component id="oc-224">
         <name>.text</name>
         <load_address>0x4e44</load_address>
         <run_address>0x4e44</run_address>
         <size>0x6e</size>
         <input_file_ref idref="fl-cb"/>
      </object_component>
      <object_component id="oc-12">
         <name>.text:decompress:lzss</name>
         <load_address>0x4eb2</load_address>
         <run_address>0x4eb2</run_address>
         <size>0x68</size>
         <input_file_ref idref="fl-c4"/>
      </object_component>
      <object_component id="oc-24c">
         <name>.text</name>
         <load_address>0x4f1a</load_address>
         <run_address>0x4f1a</run_address>
         <size>0x2</size>
         <input_file_ref idref="fl-d9"/>
      </object_component>
      <object_component id="oc-1bf">
         <name>.text:TimerConfigure</name>
         <load_address>0x4f1c</load_address>
         <run_address>0x4f1c</run_address>
         <size>0x60</size>
         <input_file_ref idref="fl-de"/>
      </object_component>
      <object_component id="oc-24">
         <name>.text</name>
         <load_address>0x4f7c</load_address>
         <run_address>0x4f7c</run_address>
         <size>0x54</size>
         <input_file_ref idref="fl-c3"/>
      </object_component>
      <object_component id="oc-81">
         <name>.text</name>
         <load_address>0x4fd0</load_address>
         <run_address>0x4fd0</run_address>
         <size>0x54</size>
         <input_file_ref idref="fl-c7"/>
      </object_component>
      <object_component id="oc-2a7">
         <name>.text:ADCSequenceConfigure</name>
         <load_address>0x5024</load_address>
         <run_address>0x5024</run_address>
         <size>0x50</size>
         <input_file_ref idref="fl-db"/>
      </object_component>
      <object_component id="oc-17f">
         <name>.text</name>
         <load_address>0x5074</load_address>
         <run_address>0x5074</run_address>
         <size>0x4c</size>
         <input_file_ref idref="fl-d8"/>
      </object_component>
      <object_component id="oc-fc">
         <name>.text:UARTConfigSetExpClk</name>
         <load_address>0x50c0</load_address>
         <run_address>0x50c0</run_address>
         <size>0x46</size>
         <input_file_ref idref="fl-df"/>
      </object_component>
      <object_component id="oc-2db">
         <name>.text</name>
         <load_address>0x5106</load_address>
         <run_address>0x5106</run_address>
         <size>0x44</size>
         <input_file_ref idref="fl-cc"/>
      </object_component>
      <object_component id="oc-11d">
         <name>.text</name>
         <load_address>0x514a</load_address>
         <run_address>0x514a</run_address>
         <size>0x40</size>
         <input_file_ref idref="fl-d3"/>
      </object_component>
      <object_component id="oc-229">
         <name>.text</name>
         <load_address>0x518a</load_address>
         <run_address>0x518a</run_address>
         <size>0x38</size>
         <input_file_ref idref="fl-cd"/>
      </object_component>
      <object_component id="oc-2c5">
         <name>.text:ADCIntStatus</name>
         <load_address>0x51c2</load_address>
         <run_address>0x51c2</run_address>
         <size>0x2e</size>
         <input_file_ref idref="fl-db"/>
      </object_component>
      <object_component id="oc-122">
         <name>.text:UARTDisable</name>
         <load_address>0x51f0</load_address>
         <run_address>0x51f0</run_address>
         <size>0x20</size>
         <input_file_ref idref="fl-df"/>
      </object_component>
      <object_component id="oc-21a">
         <name>.text</name>
         <load_address>0x5210</load_address>
         <run_address>0x5210</run_address>
         <size>0x20</size>
         <input_file_ref idref="fl-d4"/>
      </object_component>
      <object_component id="oc-2cb">
         <name>.text:ADCSequenceDataGet</name>
         <load_address>0x5230</load_address>
         <run_address>0x5230</run_address>
         <size>0x1e</size>
         <input_file_ref idref="fl-db"/>
      </object_component>
      <object_component id="oc-2bf">
         <name>.text:ADCProcessorTrigger</name>
         <load_address>0x524e</load_address>
         <run_address>0x524e</run_address>
         <size>0x18</size>
         <input_file_ref idref="fl-db"/>
      </object_component>
      <object_component id="oc-69">
         <name>.text</name>
         <load_address>0x5266</load_address>
         <run_address>0x5266</run_address>
         <size>0x2</size>
         <input_file_ref idref="fl-d0"/>
      </object_component>
      <object_component id="oc-7b">
         <name>.text</name>
         <load_address>0x5268</load_address>
         <run_address>0x5268</run_address>
         <size>0x18</size>
         <input_file_ref idref="fl-d6"/>
      </object_component>
      <object_component id="oc-20d">
         <name>.text:SysTickDisable</name>
         <load_address>0x5280</load_address>
         <run_address>0x5280</run_address>
         <size>0x14</size>
         <input_file_ref idref="fl-dd"/>
      </object_component>
      <object_component id="oc-207">
         <name>.text:SysTickEnable</name>
         <load_address>0x5294</load_address>
         <run_address>0x5294</run_address>
         <size>0x14</size>
         <input_file_ref idref="fl-dd"/>
      </object_component>
      <object_component id="oc-201">
         <name>.text:SysTickIntEnable</name>
         <load_address>0x52a8</load_address>
         <run_address>0x52a8</run_address>
         <size>0x14</size>
         <input_file_ref idref="fl-dd"/>
      </object_component>
      <object_component id="oc-102">
         <name>.text:UARTEnable</name>
         <load_address>0x52bc</load_address>
         <run_address>0x52bc</run_address>
         <size>0x14</size>
         <input_file_ref idref="fl-df"/>
      </object_component>
      <object_component id="oc-27c">
         <name>.text</name>
         <load_address>0x52d0</load_address>
         <run_address>0x52d0</run_address>
         <size>0x14</size>
         <input_file_ref idref="fl-d5"/>
      </object_component>
      <object_component id="oc-1c5">
         <name>.text:TimerLoadSet</name>
         <load_address>0x52e4</load_address>
         <run_address>0x52e4</run_address>
         <size>0x12</size>
         <input_file_ref idref="fl-de"/>
      </object_component>
      <object_component id="oc-22e">
         <name>.text:TimerMatchSet</name>
         <load_address>0x52f6</load_address>
         <run_address>0x52f6</run_address>
         <size>0x12</size>
         <input_file_ref idref="fl-de"/>
      </object_component>
      <object_component id="oc-cc">
         <name>.text:FPUEnable</name>
         <load_address>0x5308</load_address>
         <run_address>0x5308</run_address>
         <size>0x10</size>
         <input_file_ref idref="fl-dc"/>
      </object_component>
      <object_component id="oc-d2">
         <name>.text:FPULazyStackingEnable</name>
         <load_address>0x5318</load_address>
         <run_address>0x5318</run_address>
         <size>0x10</size>
         <input_file_ref idref="fl-dc"/>
      </object_component>
      <object_component id="oc-1fb">
         <name>.text:SysTickPeriodSet</name>
         <load_address>0x5328</load_address>
         <run_address>0x5328</run_address>
         <size>0x10</size>
         <input_file_ref idref="fl-dd"/>
      </object_component>
      <object_component id="oc-1dd">
         <name>.text:WatchdogIntRegister</name>
         <load_address>0x5338</load_address>
         <run_address>0x5338</run_address>
         <size>0x10</size>
         <input_file_ref idref="fl-e0"/>
      </object_component>
      <object_component id="oc-29b">
         <name>.text:ADCHardwareOversampleConfigure</name>
         <load_address>0x5348</load_address>
         <run_address>0x5348</run_address>
         <size>0xe</size>
         <input_file_ref idref="fl-db"/>
      </object_component>
      <object_component id="oc-2a1">
         <name>.text:ADCSequenceDisable</name>
         <load_address>0x5356</load_address>
         <run_address>0x5356</run_address>
         <size>0xe</size>
         <input_file_ref idref="fl-db"/>
      </object_component>
      <object_component id="oc-2b3">
         <name>.text:ADCSequenceEnable</name>
         <load_address>0x5364</load_address>
         <run_address>0x5364</run_address>
         <size>0xe</size>
         <input_file_ref idref="fl-db"/>
      </object_component>
      <object_component id="oc-1cb">
         <name>.text:TimerEnable</name>
         <load_address>0x5372</load_address>
         <run_address>0x5372</run_address>
         <size>0xe</size>
         <input_file_ref idref="fl-de"/>
      </object_component>
      <object_component id="oc-146">
         <name>.text:UARTCharGetNonBlocking</name>
         <load_address>0x5380</load_address>
         <run_address>0x5380</run_address>
         <size>0xe</size>
         <input_file_ref idref="fl-df"/>
      </object_component>
      <object_component id="oc-14c">
         <name>.text:UARTCharPutNonBlocking</name>
         <load_address>0x538e</load_address>
         <run_address>0x538e</run_address>
         <size>0xe</size>
         <input_file_ref idref="fl-df"/>
      </object_component>
      <object_component id="oc-140">
         <name>.text:UARTCharsAvail</name>
         <load_address>0x539c</load_address>
         <run_address>0x539c</run_address>
         <size>0xe</size>
         <input_file_ref idref="fl-df"/>
      </object_component>
      <object_component id="oc-18">
         <name>.text:decompress:none</name>
         <load_address>0x53aa</load_address>
         <run_address>0x53aa</run_address>
         <size>0xe</size>
         <input_file_ref idref="fl-c5"/>
      </object_component>
      <object_component id="oc-1e3">
         <name>.text:WatchdogIntTypeSet</name>
         <load_address>0x53b8</load_address>
         <run_address>0x53b8</run_address>
         <size>0xc</size>
         <input_file_ref idref="fl-e0"/>
      </object_component>
      <object_component id="oc-1e">
         <name>.text:decompress:ZI</name>
         <load_address>0x53c4</load_address>
         <run_address>0x53c4</run_address>
         <size>0xc</size>
         <input_file_ref idref="fl-c6"/>
      </object_component>
      <object_component id="oc-2b">
         <name>.text</name>
         <load_address>0x53d0</load_address>
         <run_address>0x53d0</run_address>
         <size>0xc</size>
         <input_file_ref idref="fl-8"/>
      </object_component>
      <object_component id="oc-2b9">
         <name>.text:ADCIntClear</name>
         <load_address>0x53dc</load_address>
         <run_address>0x53dc</run_address>
         <size>0xa</size>
         <input_file_ref idref="fl-db"/>
      </object_component>
      <object_component id="oc-10e">
         <name>.text:UARTCharGet</name>
         <load_address>0x53e6</load_address>
         <run_address>0x53e6</run_address>
         <size>0xa</size>
         <input_file_ref idref="fl-df"/>
      </object_component>
      <object_component id="oc-108">
         <name>.text:UARTCharPut</name>
         <load_address>0x53f0</load_address>
         <run_address>0x53f0</run_address>
         <size>0xa</size>
         <input_file_ref idref="fl-df"/>
      </object_component>
      <object_component id="oc-134">
         <name>.text:UARTIntStatus</name>
         <load_address>0x53fa</load_address>
         <run_address>0x53fa</run_address>
         <size>0xa</size>
         <input_file_ref idref="fl-df"/>
      </object_component>
      <object_component id="oc-1f5">
         <name>.text:WatchdogEnable</name>
         <load_address>0x5404</load_address>
         <run_address>0x5404</run_address>
         <size>0xa</size>
         <input_file_ref idref="fl-e0"/>
      </object_component>
      <object_component id="oc-1ef">
         <name>.text:WatchdogIntEnable</name>
         <load_address>0x540e</load_address>
         <run_address>0x540e</run_address>
         <size>0xa</size>
         <input_file_ref idref="fl-e0"/>
      </object_component>
      <object_component id="oc-c0">
         <name>.text:WatchdogIntStatus</name>
         <load_address>0x5418</load_address>
         <run_address>0x5418</run_address>
         <size>0xa</size>
         <input_file_ref idref="fl-e0"/>
      </object_component>
      <object_component id="oc-1e9">
         <name>.text:WatchdogResetEnable</name>
         <load_address>0x5422</load_address>
         <run_address>0x5422</run_address>
         <size>0xa</size>
         <input_file_ref idref="fl-e0"/>
      </object_component>
      <object_component id="oc-1d1">
         <name>.text:TimerIntEnable</name>
         <load_address>0x542c</load_address>
         <run_address>0x542c</run_address>
         <size>0x8</size>
         <input_file_ref idref="fl-de"/>
      </object_component>
      <object_component id="oc-12e">
         <name>.text:UARTIntEnable</name>
         <load_address>0x5434</load_address>
         <run_address>0x5434</run_address>
         <size>0x8</size>
         <input_file_ref idref="fl-df"/>
      </object_component>
      <object_component id="oc-ad">
         <name>.text:SysCtlDelay</name>
         <load_address>0x543c</load_address>
         <run_address>0x543c</run_address>
         <size>0x6</size>
         <input_file_ref idref="fl-7"/>
      </object_component>
      <object_component id="oc-128">
         <name>.text:UARTClockSourceSet</name>
         <load_address>0x5442</load_address>
         <run_address>0x5442</run_address>
         <size>0x6</size>
         <input_file_ref idref="fl-df"/>
      </object_component>
      <object_component id="oc-c6">
         <name>.text:WatchdogIntClear</name>
         <load_address>0x5448</load_address>
         <run_address>0x5448</run_address>
         <size>0x6</size>
         <input_file_ref idref="fl-e0"/>
      </object_component>
      <object_component id="oc-ba">
         <name>.text:TimerIntClear</name>
         <load_address>0x544e</load_address>
         <run_address>0x544e</run_address>
         <size>0x4</size>
         <input_file_ref idref="fl-de"/>
      </object_component>
      <object_component id="oc-13a">
         <name>.text:UARTIntClear</name>
         <load_address>0x5452</load_address>
         <run_address>0x5452</run_address>
         <size>0x4</size>
         <input_file_ref idref="fl-df"/>
      </object_component>
      <object_component id="oc-1d7">
         <name>.text:WatchdogReloadSet</name>
         <load_address>0x5456</load_address>
         <run_address>0x5456</run_address>
         <size>0x4</size>
         <input_file_ref idref="fl-e0"/>
      </object_component>
      <object_component id="oc-6f">
         <name>.text</name>
         <load_address>0x545a</load_address>
         <run_address>0x545a</run_address>
         <size>0x4</size>
         <input_file_ref idref="fl-d1"/>
      </object_component>
      <object_component id="oc-185">
         <name>.text</name>
         <load_address>0x545e</load_address>
         <run_address>0x545e</run_address>
         <size>0x2</size>
         <input_file_ref idref="fl-da"/>
      </object_component>
      <object_component id="oc-aa">
         <name>.const:g_pppui32XTALtoVCO</name>
         <load_address>0x5460</load_address>
         <run_address>0x5460</run_address>
         <size>0x1b0</size>
         <input_file_ref idref="fl-7"/>
      </object_component>
      <object_component id="oc-b7">
         <name>.const:g_ppui32GPIOIntMapSnowflake</name>
         <load_address>0x5610</load_address>
         <run_address>0x5610</run_address>
         <size>0xd8</size>
         <input_file_ref idref="fl-7"/>
      </object_component>
      <object_component id="oc-b1">
         <name>.const:g_ppui32GPIOIntMapBlizzard</name>
         <load_address>0x56e8</load_address>
         <run_address>0x56e8</run_address>
         <size>0xc0</size>
         <input_file_ref idref="fl-7"/>
      </object_component>
      <object_component id="oc-92">
         <name>.const:g_pui32Regs</name>
         <load_address>0x57a8</load_address>
         <run_address>0x57a8</run_address>
         <size>0x9c</size>
         <input_file_ref idref="fl-7"/>
      </object_component>
      <object_component id="oc-e4">
         <name>.const:g_pui32GPIOBaseAddrs</name>
         <load_address>0x5844</load_address>
         <run_address>0x5844</run_address>
         <size>0x90</size>
         <input_file_ref idref="fl-7"/>
      </object_component>
      <object_component id="oc-a4">
         <name>.const:g_pui32Xtals</name>
         <load_address>0x58d4</load_address>
         <run_address>0x58d4</run_address>
         <size>0x6c</size>
         <input_file_ref idref="fl-7"/>
      </object_component>
      <object_component id="oc-a1">
         <name>.const:g_sXTALtoMEMTIM</name>
         <load_address>0x5940</load_address>
         <run_address>0x5940</run_address>
         <size>0x30</size>
         <input_file_ref idref="fl-7"/>
      </object_component>
      <object_component id="oc-8f">
         <name>.const:g_pui32Priority</name>
         <load_address>0x5970</load_address>
         <run_address>0x5970</run_address>
         <size>0x20</size>
         <input_file_ref idref="fl-7"/>
      </object_component>
      <object_component id="oc-ae">
         <name>.const:g_ui16CANBitValues</name>
         <load_address>0x5990</load_address>
         <run_address>0x5990</run_address>
         <size>0x20</size>
         <input_file_ref idref="fl-7"/>
      </object_component>
      <object_component id="oc-98">
         <name>.const:g_pui32Dii16Regs</name>
         <load_address>0x59b0</load_address>
         <run_address>0x59b0</run_address>
         <size>0x14</size>
         <input_file_ref idref="fl-7"/>
      </object_component>
      <object_component id="oc-95">
         <name>.const:g_pui32EnRegs</name>
         <load_address>0x59c4</load_address>
         <run_address>0x59c4</run_address>
         <size>0x14</size>
         <input_file_ref idref="fl-7"/>
      </object_component>
      <object_component id="oc-9b">
         <name>.const:g_pui32PendRegs</name>
         <load_address>0x59d8</load_address>
         <run_address>0x59d8</run_address>
         <size>0x14</size>
         <input_file_ref idref="fl-7"/>
      </object_component>
      <object_component id="oc-9e">
         <name>.const:g_pui32UnpendRegs</name>
         <load_address>0x59ec</load_address>
         <run_address>0x59ec</run_address>
         <size>0x14</size>
         <input_file_ref idref="fl-7"/>
      </object_component>
      <object_component id="oc-25b">
         <name>.const:.string</name>
         <load_address>0x5a00</load_address>
         <run_address>0x5a00</run_address>
         <size>0x12</size>
         <input_file_ref idref="fl-6"/>
      </object_component>
      <object_component id="oc-11a">
         <name>.const:g_ui32UARTBase</name>
         <load_address>0x5a14</load_address>
         <run_address>0x5a14</run_address>
         <size>0xc</size>
         <input_file_ref idref="fl-6"/>
      </object_component>
      <object_component id="oc-114">
         <name>.const:g_ui32UARTPeriph</name>
         <load_address>0x5a20</load_address>
         <run_address>0x5a20</run_address>
         <size>0xc</size>
         <input_file_ref idref="fl-6"/>
      </object_component>
      <object_component id="oc-a7">
         <name>.const:g_pui32VCOFrequencies</name>
         <load_address>0x5a2c</load_address>
         <run_address>0x5a2c</run_address>
         <size>0x8</size>
         <input_file_ref idref="fl-7"/>
      </object_component>
      <object_component id="oc-b4">
         <name>.const</name>
         <load_address>0x5a34</load_address>
         <run_address>0x5a34</run_address>
         <size>0x8</size>
         <input_file_ref idref="fl-7"/>
      </object_component>
      <object_component id="oc-152">
         <name>.const</name>
         <load_address>0x5a3c</load_address>
         <run_address>0x5a3c</run_address>
         <size>0x4</size>
         <input_file_ref idref="fl-6"/>
      </object_component>
      <object_component id="oc-331">
         <name>.cinit..data.load</name>
         <load_address>0x5a40</load_address>
         <run_address>0x5a40</run_address>
         <size>0x24</size>
      </object_component>
      <object_component id="oc-32e">
         <name>__TI_handler_table</name>
         <load_address>0x5a64</load_address>
         <run_address>0x5a64</run_address>
         <size>0xc</size>
      </object_component>
      <object_component id="oc-332">
         <name>.cinit..bss.load</name>
         <load_address>0x5a70</load_address>
         <run_address>0x5a70</run_address>
         <size>0x8</size>
      </object_component>
      <object_component id="oc-330">
         <name>.cinit..vtable.load</name>
         <load_address>0x5a78</load_address>
         <run_address>0x5a78</run_address>
         <size>0x8</size>
      </object_component>
      <object_component id="oc-32f">
         <name>__TI_cinit_table</name>
         <load_address>0x5a80</load_address>
         <run_address>0x5a80</run_address>
         <size>0x18</size>
      </object_component>
      <object_component id="oc-8c">
         <name>.vtable</name>
         <uninitialized>true</uninitialized>
         <run_address>0x20000000</run_address>
         <size>0x26c</size>
         <input_file_ref idref="fl-7"/>
      </object_component>
      <object_component id="oc-117">
         <name>.data</name>
         <load_address>0x200004fc</load_address>
         <run_address>0x200004fc</run_address>
         <size>0x5</size>
         <input_file_ref idref="fl-6"/>
      </object_component>
      <object_component id="oc-e7">
         <name>.data</name>
         <load_address>0x2000046c</load_address>
         <run_address>0x2000046c</run_address>
         <size>0x7c</size>
         <input_file_ref idref="fl-7"/>
      </object_component>
      <object_component id="oc-18f">
         <name>.data:$O1$$</name>
         <load_address>0x200004e8</load_address>
         <run_address>0x200004e8</run_address>
         <size>0xc</size>
         <input_file_ref idref="fl-c7"/>
      </object_component>
      <object_component id="oc-87">
         <name>.data</name>
         <load_address>0x20000504</load_address>
         <run_address>0x20000504</run_address>
         <size>0x4</size>
         <input_file_ref idref="fl-d2"/>
      </object_component>
      <object_component id="oc-192">
         <name>.data:$O1$$</name>
         <load_address>0x200004f4</load_address>
         <run_address>0x200004f4</run_address>
         <size>0x8</size>
         <input_file_ref idref="fl-d5"/>
      </object_component>
      <object_component id="oc-156">
         <name>.common:Register_Uart</name>
         <uninitialized>true</uninitialized>
         <run_address>0x20000508</run_address>
         <size>0x20</size>
      </object_component>
      <object_component id="oc-161">
         <name>.common:Register_Can</name>
         <uninitialized>true</uninitialized>
         <run_address>0x20000568</run_address>
         <size>0x8</size>
      </object_component>
      <object_component id="oc-160">
         <name>.common:Received_Can_Data</name>
         <uninitialized>true</uninitialized>
         <run_address>0x20000560</run_address>
         <size>0x8</size>
      </object_component>
      <object_component id="oc-155">
         <name>.common:UartPrefix</name>
         <uninitialized>true</uninitialized>
         <run_address>0x20000570</run_address>
         <size>0x4</size>
      </object_component>
      <object_component id="oc-162">
         <name>.common:canTxMessage</name>
         <uninitialized>true</uninitialized>
         <run_address>0x2000053c</run_address>
         <size>0x14</size>
      </object_component>
      <object_component id="oc-15e">
         <name>.common:canRxMessage</name>
         <uninitialized>true</uninitialized>
         <run_address>0x20000528</run_address>
         <size>0x14</size>
      </object_component>
      <object_component id="oc-15f">
         <name>.common:canRxBuffer</name>
         <uninitialized>true</uninitialized>
         <run_address>0x20000574</run_address>
         <size>0x4</size>
      </object_component>
      <object_component id="oc-2e0">
         <name>.common:analogValues</name>
         <uninitialized>true</uninitialized>
         <run_address>0x20000550</run_address>
         <size>0x10</size>
      </object_component>
      <object_component id="oc-2a">
         <name>.stack</name>
         <uninitialized>true</uninitialized>
         <run_address>0x2000026c</run_address>
         <size>0x0</size>
         <input_file_ref idref="fl-c3"/>
      </object_component>
      <object_component id="oc-333">
         <name>.stack</name>
         <uninitialized>true</uninitialized>
         <run_address>0x2000026c</run_address>
         <size>0x0</size>
      </object_component>
      <object_component id="oc-240">
         <name>.debug_info</name>
         <load_address>0x0</load_address>
         <run_address>0x0</run_address>
         <size>0x657</size>
         <input_file_ref idref="fl-2"/>
      </object_component>
      <object_component id="oc-214">
         <name>.debug_info</name>
         <load_address>0x657</load_address>
         <run_address>0x657</run_address>
         <size>0x4fc</size>
         <input_file_ref idref="fl-2"/>
      </object_component>
      <object_component id="oc-f7">
         <name>.debug_info</name>
         <load_address>0xb53</load_address>
         <run_address>0xb53</run_address>
         <size>0x1b3</size>
         <input_file_ref idref="fl-2"/>
      </object_component>
      <object_component id="oc-f0">
         <name>.debug_info</name>
         <load_address>0xd06</load_address>
         <run_address>0xd06</run_address>
         <size>0x8b</size>
         <input_file_ref idref="fl-2"/>
      </object_component>
      <object_component id="oc-eb">
         <name>.debug_info</name>
         <load_address>0xd91</load_address>
         <run_address>0xd91</run_address>
         <size>0x18b</size>
         <input_file_ref idref="fl-2"/>
      </object_component>
      <object_component id="oc-159">
         <name>.debug_info</name>
         <load_address>0xf1c</load_address>
         <run_address>0xf1c</run_address>
         <size>0x4e</size>
         <input_file_ref idref="fl-2"/>
      </object_component>
      <object_component id="oc-164">
         <name>.debug_info</name>
         <load_address>0xf6a</load_address>
         <run_address>0xf6a</run_address>
         <size>0x943</size>
         <input_file_ref idref="fl-3"/>
      </object_component>
      <object_component id="oc-3e">
         <name>.debug_info</name>
         <load_address>0x18ad</load_address>
         <run_address>0x18ad</run_address>
         <size>0x494</size>
         <input_file_ref idref="fl-3"/>
      </object_component>
      <object_component id="oc-d9">
         <name>.debug_info</name>
         <load_address>0x1d41</load_address>
         <run_address>0x1d41</run_address>
         <size>0x9ed</size>
         <input_file_ref idref="fl-4"/>
      </object_component>
      <object_component id="oc-235">
         <name>.debug_info</name>
         <load_address>0x272e</load_address>
         <run_address>0x272e</run_address>
         <size>0x59a</size>
         <input_file_ref idref="fl-5"/>
      </object_component>
      <object_component id="oc-df">
         <name>.debug_info</name>
         <load_address>0x2cc8</load_address>
         <run_address>0x2cc8</run_address>
         <size>0x37a9</size>
         <input_file_ref idref="fl-5"/>
      </object_component>
      <object_component id="oc-158">
         <name>.debug_info</name>
         <load_address>0x6471</load_address>
         <run_address>0x6471</run_address>
         <size>0x6fa</size>
         <input_file_ref idref="fl-6"/>
      </object_component>
      <object_component id="oc-118">
         <name>.debug_info</name>
         <load_address>0x6b6b</load_address>
         <run_address>0x6b6b</run_address>
         <size>0xce</size>
         <input_file_ref idref="fl-6"/>
      </object_component>
      <object_component id="oc-153">
         <name>.debug_info</name>
         <load_address>0x6c39</load_address>
         <run_address>0x6c39</run_address>
         <size>0xc8</size>
         <input_file_ref idref="fl-6"/>
      </object_component>
      <object_component id="oc-11b">
         <name>.debug_info</name>
         <load_address>0x6d01</load_address>
         <run_address>0x6d01</run_address>
         <size>0xd6</size>
         <input_file_ref idref="fl-6"/>
      </object_component>
      <object_component id="oc-115">
         <name>.debug_info</name>
         <load_address>0x6dd7</load_address>
         <run_address>0x6dd7</run_address>
         <size>0xda</size>
         <input_file_ref idref="fl-6"/>
      </object_component>
      <object_component id="oc-38">
         <name>.debug_info</name>
         <load_address>0x6eb1</load_address>
         <run_address>0x6eb1</run_address>
         <size>0xd44</size>
         <input_file_ref idref="fl-6"/>
      </object_component>
      <object_component id="oc-f5">
         <name>.debug_info</name>
         <load_address>0x7bf5</load_address>
         <run_address>0x7bf5</run_address>
         <size>0x69f</size>
         <input_file_ref idref="fl-7"/>
      </object_component>
      <object_component id="oc-90">
         <name>.debug_info</name>
         <load_address>0x8294</load_address>
         <run_address>0x8294</run_address>
         <size>0xd0</size>
         <input_file_ref idref="fl-7"/>
      </object_component>
      <object_component id="oc-93">
         <name>.debug_info</name>
         <load_address>0x8364</load_address>
         <run_address>0x8364</run_address>
         <size>0xc8</size>
         <input_file_ref idref="fl-7"/>
      </object_component>
      <object_component id="oc-96">
         <name>.debug_info</name>
         <load_address>0x842c</load_address>
         <run_address>0x842c</run_address>
         <size>0xcc</size>
         <input_file_ref idref="fl-7"/>
      </object_component>
      <object_component id="oc-99">
         <name>.debug_info</name>
         <load_address>0x84f8</load_address>
         <run_address>0x84f8</run_address>
         <size>0xd2</size>
         <input_file_ref idref="fl-7"/>
      </object_component>
      <object_component id="oc-9c">
         <name>.debug_info</name>
         <load_address>0x85ca</load_address>
         <run_address>0x85ca</run_address>
         <size>0xd0</size>
         <input_file_ref idref="fl-7"/>
      </object_component>
      <object_component id="oc-9f">
         <name>.debug_info</name>
         <load_address>0x869a</load_address>
         <run_address>0x869a</run_address>
         <size>0xd4</size>
         <input_file_ref idref="fl-7"/>
      </object_component>
      <object_component id="oc-8d">
         <name>.debug_info</name>
         <load_address>0x876e</load_address>
         <run_address>0x876e</run_address>
         <size>0xd1</size>
         <input_file_ref idref="fl-7"/>
      </object_component>
      <object_component id="oc-a5">
         <name>.debug_info</name>
         <load_address>0x883f</load_address>
         <run_address>0x883f</run_address>
         <size>0xca</size>
         <input_file_ref idref="fl-7"/>
      </object_component>
      <object_component id="oc-ab">
         <name>.debug_info</name>
         <load_address>0x8909</load_address>
         <run_address>0x8909</run_address>
         <size>0xd6</size>
         <input_file_ref idref="fl-7"/>
      </object_component>
      <object_component id="oc-a2">
         <name>.debug_info</name>
         <load_address>0x89df</load_address>
         <run_address>0x89df</run_address>
         <size>0xd0</size>
         <input_file_ref idref="fl-7"/>
      </object_component>
      <object_component id="oc-a8">
         <name>.debug_info</name>
         <load_address>0x8aaf</load_address>
         <run_address>0x8aaf</run_address>
         <size>0xdd</size>
         <input_file_ref idref="fl-7"/>
      </object_component>
      <object_component id="oc-af">
         <name>.debug_info</name>
         <load_address>0x8b8c</load_address>
         <run_address>0x8b8c</run_address>
         <size>0xd6</size>
         <input_file_ref idref="fl-7"/>
      </object_component>
      <object_component id="oc-b2">
         <name>.debug_info</name>
         <load_address>0x8c62</load_address>
         <run_address>0x8c62</run_address>
         <size>0xe6</size>
         <input_file_ref idref="fl-7"/>
      </object_component>
      <object_component id="oc-b5">
         <name>.debug_info</name>
         <load_address>0x8d48</load_address>
         <run_address>0x8d48</run_address>
         <size>0x134</size>
         <input_file_ref idref="fl-7"/>
      </object_component>
      <object_component id="oc-b8">
         <name>.debug_info</name>
         <load_address>0x8e7c</load_address>
         <run_address>0x8e7c</run_address>
         <size>0xe8</size>
         <input_file_ref idref="fl-7"/>
      </object_component>
      <object_component id="oc-e5">
         <name>.debug_info</name>
         <load_address>0x8f64</load_address>
         <run_address>0x8f64</run_address>
         <size>0xda</size>
         <input_file_ref idref="fl-7"/>
      </object_component>
      <object_component id="oc-e8">
         <name>.debug_info</name>
         <load_address>0x903e</load_address>
         <run_address>0x903e</run_address>
         <size>0x73a</size>
         <input_file_ref idref="fl-7"/>
      </object_component>
      <object_component id="oc-33">
         <name>.debug_info</name>
         <load_address>0x9778</load_address>
         <run_address>0x9778</run_address>
         <size>0xb95e</size>
         <input_file_ref idref="fl-7"/>
      </object_component>
      <object_component id="oc-23c">
         <name>.debug_info</name>
         <load_address>0x150d6</load_address>
         <run_address>0x150d6</run_address>
         <size>0x51</size>
         <input_file_ref idref="fl-7"/>
      </object_component>
      <object_component id="oc-45">
         <name>.debug_info</name>
         <load_address>0x15127</load_address>
         <run_address>0x15127</run_address>
         <size>0x390</size>
         <input_file_ref idref="fl-8"/>
      </object_component>
      <object_component id="oc-10">
         <name>.debug_info</name>
         <load_address>0x154b7</load_address>
         <run_address>0x154b7</run_address>
         <size>0xdf</size>
         <input_file_ref idref="fl-8"/>
      </object_component>
      <object_component id="oc-2f">
         <name>.debug_info</name>
         <load_address>0x15596</load_address>
         <run_address>0x15596</run_address>
         <size>0x25b</size>
         <input_file_ref idref="fl-8"/>
      </object_component>
      <object_component id="oc-4c">
         <name>.debug_info</name>
         <load_address>0x157f1</load_address>
         <run_address>0x157f1</run_address>
         <size>0x84</size>
         <input_file_ref idref="fl-8"/>
      </object_component>
      <object_component id="oc-27">
         <name>.debug_info</name>
         <load_address>0x15875</load_address>
         <run_address>0x15875</run_address>
         <size>0x160</size>
         <input_file_ref idref="fl-c3"/>
      </object_component>
      <object_component id="oc-16c">
         <name>.debug_info</name>
         <load_address>0x159d5</load_address>
         <run_address>0x159d5</run_address>
         <size>0x293</size>
         <input_file_ref idref="fl-c4"/>
      </object_component>
      <object_component id="oc-14">
         <name>.debug_info</name>
         <load_address>0x15c68</load_address>
         <run_address>0x15c68</run_address>
         <size>0x245</size>
         <input_file_ref idref="fl-c4"/>
      </object_component>
      <object_component id="oc-47">
         <name>.debug_info</name>
         <load_address>0x15ead</load_address>
         <run_address>0x15ead</run_address>
         <size>0x60</size>
         <input_file_ref idref="fl-c4"/>
      </object_component>
      <object_component id="oc-167">
         <name>.debug_info</name>
         <load_address>0x15f0d</load_address>
         <run_address>0x15f0d</run_address>
         <size>0x46</size>
         <input_file_ref idref="fl-c4"/>
      </object_component>
      <object_component id="oc-5c">
         <name>.debug_info</name>
         <load_address>0x15f53</load_address>
         <run_address>0x15f53</run_address>
         <size>0x2da</size>
         <input_file_ref idref="fl-c5"/>
      </object_component>
      <object_component id="oc-1a">
         <name>.debug_info</name>
         <load_address>0x1622d</load_address>
         <run_address>0x1622d</run_address>
         <size>0x1df</size>
         <input_file_ref idref="fl-c5"/>
      </object_component>
      <object_component id="oc-57">
         <name>.debug_info</name>
         <load_address>0x1640c</load_address>
         <run_address>0x1640c</run_address>
         <size>0x46</size>
         <input_file_ref idref="fl-c5"/>
      </object_component>
      <object_component id="oc-16e">
         <name>.debug_info</name>
         <load_address>0x16452</load_address>
         <run_address>0x16452</run_address>
         <size>0x2c</size>
         <input_file_ref idref="fl-c5"/>
      </object_component>
      <object_component id="oc-68">
         <name>.debug_info</name>
         <load_address>0x1647e</load_address>
         <run_address>0x1647e</run_address>
         <size>0x2c9</size>
         <input_file_ref idref="fl-c6"/>
      </object_component>
      <object_component id="oc-21">
         <name>.debug_info</name>
         <load_address>0x16747</load_address>
         <run_address>0x16747</run_address>
         <size>0x1aa</size>
         <input_file_ref idref="fl-c6"/>
      </object_component>
      <object_component id="oc-63">
         <name>.debug_info</name>
         <load_address>0x168f1</load_address>
         <run_address>0x168f1</run_address>
         <size>0x46</size>
         <input_file_ref idref="fl-c6"/>
      </object_component>
      <object_component id="oc-176">
         <name>.debug_info</name>
         <load_address>0x16937</load_address>
         <run_address>0x16937</run_address>
         <size>0x2c</size>
         <input_file_ref idref="fl-c6"/>
      </object_component>
      <object_component id="oc-196">
         <name>.debug_info</name>
         <load_address>0x16963</load_address>
         <run_address>0x16963</run_address>
         <size>0x3ce</size>
         <input_file_ref idref="fl-c7"/>
      </object_component>
      <object_component id="oc-190">
         <name>.debug_info</name>
         <load_address>0x16d31</load_address>
         <run_address>0x16d31</run_address>
         <size>0x185</size>
         <input_file_ref idref="fl-c7"/>
      </object_component>
      <object_component id="oc-84">
         <name>.debug_info</name>
         <load_address>0x16eb6</load_address>
         <run_address>0x16eb6</run_address>
         <size>0x214</size>
         <input_file_ref idref="fl-c7"/>
      </object_component>
      <object_component id="oc-2d9">
         <name>.debug_info</name>
         <load_address>0x170ca</load_address>
         <run_address>0x170ca</run_address>
         <size>0x144</size>
         <input_file_ref idref="fl-c8"/>
      </object_component>
      <object_component id="oc-2d2">
         <name>.debug_info</name>
         <load_address>0x1720e</load_address>
         <run_address>0x1720e</run_address>
         <size>0x132</size>
         <input_file_ref idref="fl-c9"/>
      </object_component>
      <object_component id="oc-222">
         <name>.debug_info</name>
         <load_address>0x17340</load_address>
         <run_address>0x17340</run_address>
         <size>0x132</size>
         <input_file_ref idref="fl-ca"/>
      </object_component>
      <object_component id="oc-226">
         <name>.debug_info</name>
         <load_address>0x17472</load_address>
         <run_address>0x17472</run_address>
         <size>0x136</size>
         <input_file_ref idref="fl-cb"/>
      </object_component>
      <object_component id="oc-2dc">
         <name>.debug_info</name>
         <load_address>0x175a8</load_address>
         <run_address>0x175a8</run_address>
         <size>0x131</size>
         <input_file_ref idref="fl-cc"/>
      </object_component>
      <object_component id="oc-22b">
         <name>.debug_info</name>
         <load_address>0x176d9</load_address>
         <run_address>0x176d9</run_address>
         <size>0x124</size>
         <input_file_ref idref="fl-cd"/>
      </object_component>
      <object_component id="oc-54">
         <name>.debug_info</name>
         <load_address>0x177fd</load_address>
         <run_address>0x177fd</run_address>
         <size>0x111</size>
         <input_file_ref idref="fl-ce"/>
      </object_component>
      <object_component id="oc-5f">
         <name>.debug_info</name>
         <load_address>0x1790e</load_address>
         <run_address>0x1790e</run_address>
         <size>0x13f</size>
         <input_file_ref idref="fl-cf"/>
      </object_component>
      <object_component id="oc-6c">
         <name>.debug_info</name>
         <load_address>0x17a4d</load_address>
         <run_address>0x17a4d</run_address>
         <size>0x138</size>
         <input_file_ref idref="fl-d0"/>
      </object_component>
      <object_component id="oc-71">
         <name>.debug_info</name>
         <load_address>0x17b85</load_address>
         <run_address>0x17b85</run_address>
         <size>0x148</size>
         <input_file_ref idref="fl-d1"/>
      </object_component>
      <object_component id="oc-88">
         <name>.debug_info</name>
         <load_address>0x17ccd</load_address>
         <run_address>0x17ccd</run_address>
         <size>0x109</size>
         <input_file_ref idref="fl-d2"/>
      </object_component>
      <object_component id="oc-11e">
         <name>.debug_info</name>
         <load_address>0x17dd6</load_address>
         <run_address>0x17dd6</run_address>
         <size>0x13a</size>
         <input_file_ref idref="fl-d3"/>
      </object_component>
      <object_component id="oc-21b">
         <name>.debug_info</name>
         <load_address>0x17f10</load_address>
         <run_address>0x17f10</run_address>
         <size>0x126</size>
         <input_file_ref idref="fl-d4"/>
      </object_component>
      <object_component id="oc-284">
         <name>.debug_info</name>
         <load_address>0x18036</load_address>
         <run_address>0x18036</run_address>
         <size>0x2be</size>
         <input_file_ref idref="fl-d5"/>
      </object_component>
      <object_component id="oc-193">
         <name>.debug_info</name>
         <load_address>0x182f4</load_address>
         <run_address>0x182f4</run_address>
         <size>0x113</size>
         <input_file_ref idref="fl-d5"/>
      </object_component>
      <object_component id="oc-27d">
         <name>.debug_info</name>
         <load_address>0x18407</load_address>
         <run_address>0x18407</run_address>
         <size>0x21f</size>
         <input_file_ref idref="fl-d5"/>
      </object_component>
      <object_component id="oc-18e">
         <name>.debug_info</name>
         <load_address>0x18626</load_address>
         <run_address>0x18626</run_address>
         <size>0x300</size>
         <input_file_ref idref="fl-d6"/>
      </object_component>
      <object_component id="oc-7d">
         <name>.debug_info</name>
         <load_address>0x18926</load_address>
         <run_address>0x18926</run_address>
         <size>0x167</size>
         <input_file_ref idref="fl-d6"/>
      </object_component>
      <object_component id="oc-275">
         <name>.debug_info</name>
         <load_address>0x18a8d</load_address>
         <run_address>0x18a8d</run_address>
         <size>0x5e</size>
         <input_file_ref idref="fl-d6"/>
      </object_component>
      <object_component id="oc-18c">
         <name>.debug_info</name>
         <load_address>0x18aeb</load_address>
         <run_address>0x18aeb</run_address>
         <size>0x483</size>
         <input_file_ref idref="fl-d7"/>
      </object_component>
      <object_component id="oc-76">
         <name>.debug_info</name>
         <load_address>0x18f6e</load_address>
         <run_address>0x18f6e</run_address>
         <size>0x190</size>
         <input_file_ref idref="fl-d7"/>
      </object_component>
      <object_component id="oc-269">
         <name>.debug_info</name>
         <load_address>0x190fe</load_address>
         <run_address>0x190fe</run_address>
         <size>0x39</size>
         <input_file_ref idref="fl-d7"/>
      </object_component>
      <object_component id="oc-2f5">
         <name>.debug_info</name>
         <load_address>0x19137</load_address>
         <run_address>0x19137</run_address>
         <size>0x39</size>
         <input_file_ref idref="fl-d7"/>
      </object_component>
      <object_component id="oc-26e">
         <name>.debug_info</name>
         <load_address>0x19170</load_address>
         <run_address>0x19170</run_address>
         <size>0xcd</size>
         <input_file_ref idref="fl-d7"/>
      </object_component>
      <object_component id="oc-265">
         <name>.debug_info</name>
         <load_address>0x1923d</load_address>
         <run_address>0x1923d</run_address>
         <size>0x37a</size>
         <input_file_ref idref="fl-d8"/>
      </object_component>
      <object_component id="oc-180">
         <name>.debug_info</name>
         <load_address>0x195b7</load_address>
         <run_address>0x195b7</run_address>
         <size>0x183</size>
         <input_file_ref idref="fl-d8"/>
      </object_component>
      <object_component id="oc-2f0">
         <name>.debug_info</name>
         <load_address>0x1973a</load_address>
         <run_address>0x1973a</run_address>
         <size>0x2c</size>
         <input_file_ref idref="fl-d8"/>
      </object_component>
      <object_component id="oc-24e">
         <name>.debug_info</name>
         <load_address>0x19766</load_address>
         <run_address>0x19766</run_address>
         <size>0x147</size>
         <input_file_ref idref="fl-d9"/>
      </object_component>
      <object_component id="oc-186">
         <name>.debug_info</name>
         <load_address>0x198ad</load_address>
         <run_address>0x198ad</run_address>
         <size>0x145</size>
         <input_file_ref idref="fl-da"/>
      </object_component>
      <object_component id="oc-300">
         <name>.debug_info</name>
         <load_address>0x199f2</load_address>
         <run_address>0x199f2</run_address>
         <size>0x24d</size>
         <input_file_ref idref="fl-db"/>
      </object_component>
      <object_component id="oc-2ae">
         <name>.debug_info</name>
         <load_address>0x19c3f</load_address>
         <run_address>0x19c3f</run_address>
         <size>0x333</size>
         <input_file_ref idref="fl-db"/>
      </object_component>
      <object_component id="oc-2b5">
         <name>.debug_info</name>
         <load_address>0x19f72</load_address>
         <run_address>0x19f72</run_address>
         <size>0x2a0</size>
         <input_file_ref idref="fl-db"/>
      </object_component>
      <object_component id="oc-2a3">
         <name>.debug_info</name>
         <load_address>0x1a212</load_address>
         <run_address>0x1a212</run_address>
         <size>0x2a2</size>
         <input_file_ref idref="fl-db"/>
      </object_component>
      <object_component id="oc-2cd">
         <name>.debug_info</name>
         <load_address>0x1a4b4</load_address>
         <run_address>0x1a4b4</run_address>
         <size>0x2ff</size>
         <input_file_ref idref="fl-db"/>
      </object_component>
      <object_component id="oc-2a8">
         <name>.debug_info</name>
         <load_address>0x1a7b3</load_address>
         <run_address>0x1a7b3</run_address>
         <size>0x326</size>
         <input_file_ref idref="fl-db"/>
      </object_component>
      <object_component id="oc-2c0">
         <name>.debug_info</name>
         <load_address>0x1aad9</load_address>
         <run_address>0x1aad9</run_address>
         <size>0x2a4</size>
         <input_file_ref idref="fl-db"/>
      </object_component>
      <object_component id="oc-2c6">
         <name>.debug_info</name>
         <load_address>0x1ad7d</load_address>
         <run_address>0x1ad7d</run_address>
         <size>0x2e7</size>
         <input_file_ref idref="fl-db"/>
      </object_component>
      <object_component id="oc-2ba">
         <name>.debug_info</name>
         <load_address>0x1b064</load_address>
         <run_address>0x1b064</run_address>
         <size>0x294</size>
         <input_file_ref idref="fl-db"/>
      </object_component>
      <object_component id="oc-29c">
         <name>.debug_info</name>
         <load_address>0x1b2f8</load_address>
         <run_address>0x1b2f8</run_address>
         <size>0x2c1</size>
         <input_file_ref idref="fl-db"/>
      </object_component>
      <object_component id="oc-d3">
         <name>.debug_info</name>
         <load_address>0x1b5b9</load_address>
         <run_address>0x1b5b9</run_address>
         <size>0x225</size>
         <input_file_ref idref="fl-dc"/>
      </object_component>
      <object_component id="oc-ce">
         <name>.debug_info</name>
         <load_address>0x1b7de</load_address>
         <run_address>0x1b7de</run_address>
         <size>0x20d</size>
         <input_file_ref idref="fl-dc"/>
      </object_component>
      <object_component id="oc-297">
         <name>.debug_info</name>
         <load_address>0x1b9eb</load_address>
         <run_address>0x1b9eb</run_address>
         <size>0x19d</size>
         <input_file_ref idref="fl-dd"/>
      </object_component>
      <object_component id="oc-1fd">
         <name>.debug_info</name>
         <load_address>0x1bb88</load_address>
         <run_address>0x1bb88</run_address>
         <size>0x261</size>
         <input_file_ref idref="fl-dd"/>
      </object_component>
      <object_component id="oc-203">
         <name>.debug_info</name>
         <load_address>0x1bde9</load_address>
         <run_address>0x1bde9</run_address>
         <size>0x227</size>
         <input_file_ref idref="fl-dd"/>
      </object_component>
      <object_component id="oc-209">
         <name>.debug_info</name>
         <load_address>0x1c010</load_address>
         <run_address>0x1c010</run_address>
         <size>0x221</size>
         <input_file_ref idref="fl-dd"/>
      </object_component>
      <object_component id="oc-20f">
         <name>.debug_info</name>
         <load_address>0x1c231</load_address>
         <run_address>0x1c231</run_address>
         <size>0x223</size>
         <input_file_ref idref="fl-dd"/>
      </object_component>
      <object_component id="oc-1b9">
         <name>.debug_info</name>
         <load_address>0x1c454</load_address>
         <run_address>0x1c454</run_address>
         <size>0x223</size>
         <input_file_ref idref="fl-de"/>
      </object_component>
      <object_component id="oc-22f">
         <name>.debug_info</name>
         <load_address>0x1c677</load_address>
         <run_address>0x1c677</run_address>
         <size>0x2bc</size>
         <input_file_ref idref="fl-de"/>
      </object_component>
      <object_component id="oc-1c6">
         <name>.debug_info</name>
         <load_address>0x1c933</load_address>
         <run_address>0x1c933</run_address>
         <size>0x2ba</size>
         <input_file_ref idref="fl-de"/>
      </object_component>
      <object_component id="oc-1d2">
         <name>.debug_info</name>
         <load_address>0x1cbed</load_address>
         <run_address>0x1cbed</run_address>
         <size>0x294</size>
         <input_file_ref idref="fl-de"/>
      </object_component>
      <object_component id="oc-bb">
         <name>.debug_info</name>
         <load_address>0x1ce81</load_address>
         <run_address>0x1ce81</run_address>
         <size>0x292</size>
         <input_file_ref idref="fl-de"/>
      </object_component>
      <object_component id="oc-1cc">
         <name>.debug_info</name>
         <load_address>0x1d113</load_address>
         <run_address>0x1d113</run_address>
         <size>0x27f</size>
         <input_file_ref idref="fl-de"/>
      </object_component>
      <object_component id="oc-1c0">
         <name>.debug_info</name>
         <load_address>0x1d392</load_address>
         <run_address>0x1d392</run_address>
         <size>0x28c</size>
         <input_file_ref idref="fl-de"/>
      </object_component>
      <object_component id="oc-242">
         <name>.debug_info</name>
         <load_address>0x1d61e</load_address>
         <run_address>0x1d61e</run_address>
         <size>0x227</size>
         <input_file_ref idref="fl-df"/>
      </object_component>
      <object_component id="oc-135">
         <name>.debug_info</name>
         <load_address>0x1d845</load_address>
         <run_address>0x1d845</run_address>
         <size>0x27f</size>
         <input_file_ref idref="fl-df"/>
      </object_component>
      <object_component id="oc-12f">
         <name>.debug_info</name>
         <load_address>0x1dac4</load_address>
         <run_address>0x1dac4</run_address>
         <size>0x28f</size>
         <input_file_ref idref="fl-df"/>
      </object_component>
      <object_component id="oc-13b">
         <name>.debug_info</name>
         <load_address>0x1dd53</load_address>
         <run_address>0x1dd53</run_address>
         <size>0x28d</size>
         <input_file_ref idref="fl-df"/>
      </object_component>
      <object_component id="oc-104">
         <name>.debug_info</name>
         <load_address>0x1dfe0</load_address>
         <run_address>0x1dfe0</run_address>
         <size>0x247</size>
         <input_file_ref idref="fl-df"/>
      </object_component>
      <object_component id="oc-124">
         <name>.debug_info</name>
         <load_address>0x1e227</load_address>
         <run_address>0x1e227</run_address>
         <size>0x249</size>
         <input_file_ref idref="fl-df"/>
      </object_component>
      <object_component id="oc-fe">
         <name>.debug_info</name>
         <load_address>0x1e470</load_address>
         <run_address>0x1e470</run_address>
         <size>0x326</size>
         <input_file_ref idref="fl-df"/>
      </object_component>
      <object_component id="oc-12a">
         <name>.debug_info</name>
         <load_address>0x1e796</load_address>
         <run_address>0x1e796</run_address>
         <size>0x291</size>
         <input_file_ref idref="fl-df"/>
      </object_component>
      <object_component id="oc-142">
         <name>.debug_info</name>
         <load_address>0x1ea27</load_address>
         <run_address>0x1ea27</run_address>
         <size>0x253</size>
         <input_file_ref idref="fl-df"/>
      </object_component>
      <object_component id="oc-14e">
         <name>.debug_info</name>
         <load_address>0x1ec7a</load_address>
         <run_address>0x1ec7a</run_address>
         <size>0x28d</size>
         <input_file_ref idref="fl-df"/>
      </object_component>
      <object_component id="oc-10a">
         <name>.debug_info</name>
         <load_address>0x1ef07</load_address>
         <run_address>0x1ef07</run_address>
         <size>0x273</size>
         <input_file_ref idref="fl-df"/>
      </object_component>
      <object_component id="oc-148">
         <name>.debug_info</name>
         <load_address>0x1f17a</load_address>
         <run_address>0x1f17a</run_address>
         <size>0x263</size>
         <input_file_ref idref="fl-df"/>
      </object_component>
      <object_component id="oc-10f">
         <name>.debug_info</name>
         <load_address>0x1f3dd</load_address>
         <run_address>0x1f3dd</run_address>
         <size>0x24d</size>
         <input_file_ref idref="fl-df"/>
      </object_component>
      <object_component id="oc-1bb">
         <name>.debug_info</name>
         <load_address>0x1f62a</load_address>
         <run_address>0x1f62a</run_address>
         <size>0x1e8</size>
         <input_file_ref idref="fl-e0"/>
      </object_component>
      <object_component id="oc-1ea">
         <name>.debug_info</name>
         <load_address>0x1f812</load_address>
         <run_address>0x1f812</run_address>
         <size>0x262</size>
         <input_file_ref idref="fl-e0"/>
      </object_component>
      <object_component id="oc-1d8">
         <name>.debug_info</name>
         <load_address>0x1fa74</load_address>
         <run_address>0x1fa74</run_address>
         <size>0x29f</size>
         <input_file_ref idref="fl-e0"/>
      </object_component>
      <object_component id="oc-1e5">
         <name>.debug_info</name>
         <load_address>0x1fd13</load_address>
         <run_address>0x1fd13</run_address>
         <size>0x295</size>
         <input_file_ref idref="fl-e0"/>
      </object_component>
      <object_component id="oc-c1">
         <name>.debug_info</name>
         <load_address>0x1ffa8</load_address>
         <run_address>0x1ffa8</run_address>
         <size>0x293</size>
         <input_file_ref idref="fl-e0"/>
      </object_component>
      <object_component id="oc-1de">
         <name>.debug_info</name>
         <load_address>0x2023b</load_address>
         <run_address>0x2023b</run_address>
         <size>0x28b</size>
         <input_file_ref idref="fl-e0"/>
      </object_component>
      <object_component id="oc-1f0">
         <name>.debug_info</name>
         <load_address>0x204c6</load_address>
         <run_address>0x204c6</run_address>
         <size>0x261</size>
         <input_file_ref idref="fl-e0"/>
      </object_component>
      <object_component id="oc-c7">
         <name>.debug_info</name>
         <load_address>0x20727</load_address>
         <run_address>0x20727</run_address>
         <size>0x25f</size>
         <input_file_ref idref="fl-e0"/>
      </object_component>
      <object_component id="oc-1f6">
         <name>.debug_info</name>
         <load_address>0x20986</load_address>
         <run_address>0x20986</run_address>
         <size>0x258</size>
         <input_file_ref idref="fl-e0"/>
      </object_component>
      <object_component id="oc-334">
         <name>.debug_info</name>
         <load_address>0x20bde</load_address>
         <run_address>0x20bde</run_address>
         <size>0x95</size>
      </object_component>
      <object_component id="oc-2ea">
         <name>.debug_line</name>
         <load_address>0x0</load_address>
         <run_address>0x0</run_address>
         <size>0x80</size>
         <input_file_ref idref="fl-2"/>
      </object_component>
      <object_component id="oc-217">
         <name>.debug_line</name>
         <load_address>0x80</load_address>
         <run_address>0x80</run_address>
         <size>0xcd</size>
         <input_file_ref idref="fl-2"/>
      </object_component>
      <object_component id="oc-fa">
         <name>.debug_line</name>
         <load_address>0x14d</load_address>
         <run_address>0x14d</run_address>
         <size>0x62</size>
         <input_file_ref idref="fl-2"/>
      </object_component>
      <object_component id="oc-f3">
         <name>.debug_line</name>
         <load_address>0x1af</load_address>
         <run_address>0x1af</run_address>
         <size>0x20</size>
         <input_file_ref idref="fl-2"/>
      </object_component>
      <object_component id="oc-ee">
         <name>.debug_line</name>
         <load_address>0x1cf</load_address>
         <run_address>0x1cf</run_address>
         <size>0x72</size>
         <input_file_ref idref="fl-2"/>
      </object_component>
      <object_component id="oc-15c">
         <name>.debug_line</name>
         <load_address>0x241</load_address>
         <run_address>0x241</run_address>
         <size>0x72</size>
         <input_file_ref idref="fl-2"/>
      </object_component>
      <object_component id="oc-261">
         <name>.debug_line</name>
         <load_address>0x2b3</load_address>
         <run_address>0x2b3</run_address>
         <size>0x150</size>
         <input_file_ref idref="fl-3"/>
      </object_component>
      <object_component id="oc-41">
         <name>.debug_line</name>
         <load_address>0x403</load_address>
         <run_address>0x403</run_address>
         <size>0x14d</size>
         <input_file_ref idref="fl-3"/>
      </object_component>
      <object_component id="oc-dc">
         <name>.debug_line</name>
         <load_address>0x550</load_address>
         <run_address>0x550</run_address>
         <size>0x10a</size>
         <input_file_ref idref="fl-4"/>
      </object_component>
      <object_component id="oc-2e8">
         <name>.debug_line</name>
         <load_address>0x65a</load_address>
         <run_address>0x65a</run_address>
         <size>0xca</size>
         <input_file_ref idref="fl-5"/>
      </object_component>
      <object_component id="oc-e2">
         <name>.debug_line</name>
         <load_address>0x724</load_address>
         <run_address>0x724</run_address>
         <size>0x65c</size>
         <input_file_ref idref="fl-5"/>
      </object_component>
      <object_component id="oc-25f">
         <name>.debug_line</name>
         <load_address>0xd80</load_address>
         <run_address>0xd80</run_address>
         <size>0x151</size>
         <input_file_ref idref="fl-6"/>
      </object_component>
      <object_component id="oc-249">
         <name>.debug_line</name>
         <load_address>0xed1</load_address>
         <run_address>0xed1</run_address>
         <size>0x64</size>
         <input_file_ref idref="fl-6"/>
      </object_component>
      <object_component id="oc-25d">
         <name>.debug_line</name>
         <load_address>0xf35</load_address>
         <run_address>0xf35</run_address>
         <size>0x64</size>
         <input_file_ref idref="fl-6"/>
      </object_component>
      <object_component id="oc-24b">
         <name>.debug_line</name>
         <load_address>0xf99</load_address>
         <run_address>0xf99</run_address>
         <size>0x64</size>
         <input_file_ref idref="fl-6"/>
      </object_component>
      <object_component id="oc-247">
         <name>.debug_line</name>
         <load_address>0xffd</load_address>
         <run_address>0xffd</run_address>
         <size>0x64</size>
         <input_file_ref idref="fl-6"/>
      </object_component>
      <object_component id="oc-3c">
         <name>.debug_line</name>
         <load_address>0x1061</load_address>
         <run_address>0x1061</run_address>
         <size>0x3f3</size>
         <input_file_ref idref="fl-6"/>
      </object_component>
      <object_component id="oc-23b">
         <name>.debug_line</name>
         <load_address>0x1454</load_address>
         <run_address>0x1454</run_address>
         <size>0x14a</size>
         <input_file_ref idref="fl-7"/>
      </object_component>
      <object_component id="oc-19d">
         <name>.debug_line</name>
         <load_address>0x159e</load_address>
         <run_address>0x159e</run_address>
         <size>0x68</size>
         <input_file_ref idref="fl-7"/>
      </object_component>
      <object_component id="oc-19f">
         <name>.debug_line</name>
         <load_address>0x1606</load_address>
         <run_address>0x1606</run_address>
         <size>0x68</size>
         <input_file_ref idref="fl-7"/>
      </object_component>
      <object_component id="oc-1a1">
         <name>.debug_line</name>
         <load_address>0x166e</load_address>
         <run_address>0x166e</run_address>
         <size>0x68</size>
         <input_file_ref idref="fl-7"/>
      </object_component>
      <object_component id="oc-1a3">
         <name>.debug_line</name>
         <load_address>0x16d6</load_address>
         <run_address>0x16d6</run_address>
         <size>0x68</size>
         <input_file_ref idref="fl-7"/>
      </object_component>
      <object_component id="oc-1a5">
         <name>.debug_line</name>
         <load_address>0x173e</load_address>
         <run_address>0x173e</run_address>
         <size>0x68</size>
         <input_file_ref idref="fl-7"/>
      </object_component>
      <object_component id="oc-1a7">
         <name>.debug_line</name>
         <load_address>0x17a6</load_address>
         <run_address>0x17a6</run_address>
         <size>0x68</size>
         <input_file_ref idref="fl-7"/>
      </object_component>
      <object_component id="oc-19b">
         <name>.debug_line</name>
         <load_address>0x180e</load_address>
         <run_address>0x180e</run_address>
         <size>0x68</size>
         <input_file_ref idref="fl-7"/>
      </object_component>
      <object_component id="oc-1ab">
         <name>.debug_line</name>
         <load_address>0x1876</load_address>
         <run_address>0x1876</run_address>
         <size>0x65</size>
         <input_file_ref idref="fl-7"/>
      </object_component>
      <object_component id="oc-1af">
         <name>.debug_line</name>
         <load_address>0x18db</load_address>
         <run_address>0x18db</run_address>
         <size>0x65</size>
         <input_file_ref idref="fl-7"/>
      </object_component>
      <object_component id="oc-1a9">
         <name>.debug_line</name>
         <load_address>0x1940</load_address>
         <run_address>0x1940</run_address>
         <size>0x65</size>
         <input_file_ref idref="fl-7"/>
      </object_component>
      <object_component id="oc-1ad">
         <name>.debug_line</name>
         <load_address>0x19a5</load_address>
         <run_address>0x19a5</run_address>
         <size>0x65</size>
         <input_file_ref idref="fl-7"/>
      </object_component>
      <object_component id="oc-1b1">
         <name>.debug_line</name>
         <load_address>0x1a0a</load_address>
         <run_address>0x1a0a</run_address>
         <size>0x62</size>
         <input_file_ref idref="fl-7"/>
      </object_component>
      <object_component id="oc-1b3">
         <name>.debug_line</name>
         <load_address>0x1a6c</load_address>
         <run_address>0x1a6c</run_address>
         <size>0x63</size>
         <input_file_ref idref="fl-7"/>
      </object_component>
      <object_component id="oc-1b5">
         <name>.debug_line</name>
         <load_address>0x1acf</load_address>
         <run_address>0x1acf</run_address>
         <size>0x63</size>
         <input_file_ref idref="fl-7"/>
      </object_component>
      <object_component id="oc-1b7">
         <name>.debug_line</name>
         <load_address>0x1b32</load_address>
[...]
      <symbol id="sm-63c">
         <name>GPIOPinTypeSSI</name>
         <value>0x2999</value>
         <object_component_ref idref="oc-31"/>
      </symbol>
      <symbol id="sm-63d">
         <name>curMotorEncoder</name>
         <value>0x200004d8</value>
         <object_component_ref idref="oc-e7"/>
      </symbol>
      <symbol id="sm-63e">
         <name>SysCtlUSBPLLEnable</name>
         <value>0x144f</value>
         <object_component_ref idref="oc-31"/>
      </symbol>
      <symbol id="sm-63f">
         <name>SysCtlPeripheralSleepEnable</name>
         <value>0x98d</value>
         <object_component_ref idref="oc-31"/>
      </symbol>
      <symbol id="sm-640">
         <name>SysCtlIntUnregister</name>
         <value>0xb0d</value>
         <object_component_ref idref="oc-31"/>
      </symbol>
      <symbol id="sm-641">
         <name>lastMotorEncoder</name>
         <value>0x200004cc</value>
         <object_component_ref idref="oc-e7"/>
      </symbol>
      <symbol id="sm-642">
         <name>GPIOPinTypeTimer</name>
         <value>0x29bd</value>
         <object_component_ref idref="oc-31"/>
      </symbol>
      <symbol id="sm-643">
         <name>Device_Address</name>
         <value>0x2000046c</value>
         <object_component_ref idref="oc-e7"/>
      </symbol>
      <symbol id="sm-644">
         <name>batteryHeat1</name>
         <value>0x200004ac</value>
         <object_component_ref idref="oc-e7"/>
      </symbol>
      <symbol id="sm-645">
         <name>batteryHeat2</name>
         <value>0x200004ad</value>
         <object_component_ref idref="oc-e7"/>
      </symbol>
      <symbol id="sm-646">
         <name>GPIOPinTypeCAN</name>
         <value>0x2735</value>
         <object_component_ref idref="oc-31"/>
      </symbol>
      <symbol id="sm-647">
         <name>SysCtlUSBPLLDisable</name>
         <value>0x145b</value>
         <object_component_ref idref="oc-31"/>
      </symbol>
      <symbol id="sm-648">
         <name>lastWheelEncoder</name>
         <value>0x200004d0</value>
         <object_component_ref idref="oc-e7"/>
      </symbol>
      <symbol id="sm-649">
         <name>CPUcpsie</name>
         <value>0x283</value>
         <object_component_ref idref="oc-31"/>
      </symbol>
      <symbol id="sm-64a">
         <name>CPUcpsid</name>
         <value>0x26d</value>
         <object_component_ref idref="oc-31"/>
      </symbol>
      <symbol id="sm-64b">
         <name>isRxFlag</name>
         <value>0x200004b4</value>
         <object_component_ref idref="oc-e7"/>
      </symbol>
      <symbol id="sm-64c">
         <name>mSeconds</name>
         <value>0x200004dc</value>
         <object_component_ref idref="oc-e7"/>
      </symbol>
      <symbol id="sm-64d">
         <name>CPUwfi</name>
         <value>0x28f</value>
         <object_component_ref idref="oc-31"/>
      </symbol>
      <symbol id="sm-64e">
         <name>SysCtlPeripheralReady</name>
         <value>0x7b9</value>
         <object_component_ref idref="oc-31"/>
      </symbol>
      <symbol id="sm-64f">
         <name>CANRetrySet</name>
         <value>0x1a35</value>
         <object_component_ref idref="oc-31"/>
      </symbol>
      <symbol id="sm-650">
         <name>SysCtlPIOSCCalibrate</name>
         <value>0xc21</value>
         <object_component_ref idref="oc-31"/>
      </symbol>
      <symbol id="sm-651">
         <name>SysCtlResetCauseClear</name>
         <value>0xbf7</value>
         <object_component_ref idref="oc-31"/>
      </symbol>
      <symbol id="sm-652">
         <name>SysCtlLDOSleepGet</name>
         <value>0xb85</value>
         <object_component_ref idref="oc-31"/>
      </symbol>
      <symbol id="sm-653">
         <name>SysCtlClockFreqSet</name>
         <value>0xcd1</value>
         <object_component_ref idref="oc-31"/>
      </symbol>
      <symbol id="sm-654">
         <name>period</name>
         <value>0x2000047c</value>
         <object_component_ref idref="oc-e7"/>
      </symbol>
      <symbol id="sm-655">
         <name>IntMasterEnable</name>
         <value>0x2ad</value>
         <object_component_ref idref="oc-31"/>
      </symbol>
      <symbol id="sm-656">
         <name>speedWheel</name>
         <value>0x20000478</value>
         <object_component_ref idref="oc-e7"/>
      </symbol>
      <symbol id="sm-657">
         <name>SysCtlPeripheralReset</name>
         <value>0x879</value>
         <object_component_ref idref="oc-31"/>
      </symbol>
      <symbol id="sm-658">
         <name>motorControllerHeat1</name>
         <value>0x2000046f</value>
         <object_component_ref idref="oc-e7"/>
      </symbol>
      <symbol id="sm-659">
         <name>motorControllerHeat2</name>
         <value>0x20000470</value>
         <object_component_ref idref="oc-e7"/>
      </symbol>
      <symbol id="sm-65a">
         <name>GPIOPinTypeEPI</name>
         <value>0x27c5</value>
         <object_component_ref idref="oc-31"/>
      </symbol>
      <symbol id="sm-65b">
         <name>CrcCalc</name>
         <value>0x2ce5</value>
         <object_component_ref idref="oc-31"/>
      </symbol>
      <symbol id="sm-65c">
         <name>GPIOPinTypeEthernetLED</name>
         <value>0x27e9</value>
         <object_component_ref idref="oc-31"/>
      </symbol>
      <symbol id="sm-65d">
         <name>IntPendSet</name>
         <value>0x561</value>
         <object_component_ref idref="oc-31"/>
      </symbol>
      <symbol id="sm-65e">
         <name>GPIOPinWakeStatus</name>
         <value>0x2abd</value>
         <object_component_ref idref="oc-31"/>
      </symbol>
      <symbol id="sm-67f">
         <name>ResetISR</name>
         <value>0x53d1</value>
         <object_component_ref idref="oc-2b"/>
      </symbol>
      <symbol id="sm-680">
         <name>g_pfnVectors</name>
         <value>0x0</value>
         <object_component_ref idref="oc-f"/>
      </symbol>
      <symbol id="sm-691">
         <name>_c_int00</name>
         <value>0x4f7d</value>
         <object_component_ref idref="oc-24"/>
      </symbol>
      <symbol id="sm-692">
         <name>__stack</name>
         <value>0x2000026c</value>
         <object_component_ref idref="oc-2a"/>
      </symbol>
      <symbol id="sm-6b0">
         <name>__TI_decompress_lzss</name>
         <value>0x4eb3</value>
         <object_component_ref idref="oc-12"/>
      </symbol>
      <symbol id="sm-6c7">
         <name>__TI_decompress_none</name>
         <value>0x53ab</value>
         <object_component_ref idref="oc-18"/>
      </symbol>
      <symbol id="sm-6de">
         <name>__TI_zero_init</name>
         <value>0x53c5</value>
         <object_component_ref idref="oc-1e"/>
      </symbol>
      <symbol id="sm-6ff">
         <name>C$$EXIT</name>
         <value>0x4fd1</value>
         <object_component_ref idref="oc-81"/>
      </symbol>
      <symbol id="sm-700">
         <name>abort</name>
         <value>0x4fd5</value>
         <object_component_ref idref="oc-81"/>
      </symbol>
      <symbol id="sm-701">
         <name>exit</name>
         <value>0x4fdd</value>
         <object_component_ref idref="oc-81"/>
      </symbol>
      <symbol id="sm-702">
         <name>__TI_dtors_ptr</name>
         <value>0x200004ec</value>
         <object_component_ref idref="oc-18f"/>
      </symbol>
      <symbol id="sm-703">
         <name>__TI_cleanup_ptr</name>
         <value>0x200004e8</value>
         <object_component_ref idref="oc-18f"/>
      </symbol>
      <symbol id="sm-704">
         <name>__TI_enable_exit_profile_output</name>
         <value>0x200004f0</value>
         <object_component_ref idref="oc-18f"/>
      </symbol>
      <symbol id="sm-71b">
         <name>__aeabi_dsub</name>
         <value>0x485d</value>
         <object_component_ref idref="oc-2d6"/>
      </symbol>
      <symbol id="sm-71c">
         <name>__aeabi_dadd</name>
         <value>0x4867</value>
         <object_component_ref idref="oc-2d6"/>
      </symbol>
      <symbol id="sm-730">
         <name>__aeabi_ddiv</name>
         <value>0x4a13</value>
         <object_component_ref idref="oc-2d1"/>
      </symbol>
      <symbol id="sm-73b">
         <name>__aeabi_dmul</name>
         <value>0x4b49</value>
         <object_component_ref idref="oc-21f"/>
      </symbol>
      <symbol id="sm-747">
         <name>__aeabi_d2f</name>
         <value>0x4e45</value>
         <object_component_ref idref="oc-224"/>
      </symbol>
      <symbol id="sm-751">
         <name>__aeabi_d2uiz</name>
         <value>0x5107</value>
         <object_component_ref idref="oc-2db"/>
      </symbol>
      <symbol id="sm-75c">
         <name>__aeabi_f2d</name>
         <value>0x518b</value>
         <object_component_ref idref="oc-229"/>
      </symbol>
      <symbol id="sm-777">
         <name>memcpy</name>
         <value>0x4c45</value>
         <object_component_ref idref="oc-51"/>
      </symbol>
      <symbol id="sm-778">
         <name>__aeabi_memcpy</name>
         <value>0x4c45</value>
         <object_component_ref idref="oc-51"/>
      </symbol>
      <symbol id="sm-779">
         <name>__aeabi_memcpy8</name>
         <value>0x4c45</value>
         <object_component_ref idref="oc-51"/>
      </symbol>
      <symbol id="sm-77a">
         <name>__aeabi_memcpy4</name>
         <value>0x4c45</value>
         <object_component_ref idref="oc-51"/>
      </symbol>
      <symbol id="sm-789">
         <name>__aeabi_memset</name>
         <value>0x4d5d</value>
         <object_component_ref idref="oc-5d"/>
      </symbol>
      <symbol id="sm-78a">
         <name>memset</name>
         <value>0x4d63</value>
         <object_component_ref idref="oc-5d"/>
      </symbol>
      <symbol id="sm-78b">
         <name>__aeabi_memset8</name>
         <value>0x4d5d</value>
         <object_component_ref idref="oc-5d"/>
      </symbol>
      <symbol id="sm-78c">
         <name>__aeabi_memset4</name>
         <value>0x4d5d</value>
         <object_component_ref idref="oc-5d"/>
      </symbol>
      <symbol id="sm-78d">
         <name>__aeabi_memclr8</name>
         <value>0x4d5b</value>
         <object_component_ref idref="oc-5d"/>
      </symbol>
      <symbol id="sm-78e">
         <name>__aeabi_memclr4</name>
         <value>0x4d5b</value>
         <object_component_ref idref="oc-5d"/>
      </symbol>
      <symbol id="sm-78f">
         <name>__aeabi_memclr</name>
         <value>0x4d5b</value>
         <object_component_ref idref="oc-5d"/>
      </symbol>
      <symbol id="sm-799">
         <name>__mpu_init</name>
         <value>0x5267</value>
         <object_component_ref idref="oc-69"/>
      </symbol>
      <symbol id="sm-7a3">
         <name>_system_pre_init</name>
         <value>0x545b</value>
         <object_component_ref idref="oc-6f"/>
      </symbol>
      <symbol id="sm-7ab">
         <name>main_func_sp</name>
         <value>0x20000504</value>
         <object_component_ref idref="oc-87"/>
      </symbol>
      <symbol id="sm-7ba">
         <name>__aeabi_uidivmod</name>
         <value>0x514b</value>
         <object_component_ref idref="oc-11d"/>
      </symbol>
      <symbol id="sm-7bb">
         <name>__aeabi_uidiv</name>
         <value>0x514b</value>
         <object_component_ref idref="oc-11d"/>
      </symbol>
      <symbol id="sm-7c5">
         <name>__aeabi_ui2d</name>
         <value>0x5211</value>
         <object_component_ref idref="oc-21a"/>
      </symbol>
      <symbol id="sm-7de">
         <name>_nop</name>
         <value>0x52df</value>
         <object_component_ref idref="oc-27c"/>
      </symbol>
      <symbol id="sm-7df">
         <name>_lock</name>
         <value>0x200004f4</value>
         <object_component_ref idref="oc-192"/>
      </symbol>
      <symbol id="sm-7e0">
         <name>_unlock</name>
         <value>0x200004f8</value>
         <object_component_ref idref="oc-192"/>
      </symbol>
      <symbol id="sm-7e1">
         <name>_register_lock</name>
         <value>0x52d7</value>
         <object_component_ref idref="oc-27c"/>
      </symbol>
      <symbol id="sm-7e2">
         <name>_register_unlock</name>
         <value>0x52d1</value>
         <object_component_ref idref="oc-27c"/>
      </symbol>
      <symbol id="sm-7f6">
         <name>_args_main</name>
         <value>0x5269</value>
         <object_component_ref idref="oc-7b"/>
      </symbol>
      <symbol id="sm-820">
         <name>__TI_auto_init</name>
         <value>0x4dd5</value>
         <object_component_ref idref="oc-75"/>
      </symbol>
      <symbol id="sm-83a">
         <name>copy_in</name>
         <value>0x5075</value>
         <object_component_ref idref="oc-17f"/>
      </symbol>
      <symbol id="sm-844">
         <name>__aeabi_idiv0</name>
         <value>0x4f1b</value>
         <object_component_ref idref="oc-24c"/>
      </symbol>
      <symbol id="sm-84e">
         <name>_system_post_cinit</name>
         <value>0x545f</value>
         <object_component_ref idref="oc-185"/>
      </symbol>
      <symbol id="sm-8a6">
         <name>ADCProcessorTrigger</name>
         <value>0x524f</value>
         <object_component_ref idref="oc-2bf"/>
      </symbol>
      <symbol id="sm-8a7">
         <name>ADCSequenceEnable</name>
         <value>0x5365</value>
         <object_component_ref idref="oc-2b3"/>
      </symbol>
      <symbol id="sm-8a8">
         <name>ADCSequenceConfigure</name>
         <value>0x5025</value>
         <object_component_ref idref="oc-2a7"/>
      </symbol>
      <symbol id="sm-8a9">
         <name>ADCSequenceStepConfigure</name>
         <value>0x4ce1</value>
         <object_component_ref idref="oc-2ad"/>
      </symbol>
      <symbol id="sm-8aa">
         <name>ADCIntClear</name>
         <value>0x53dd</value>
         <object_component_ref idref="oc-2b9"/>
      </symbol>
      <symbol id="sm-8ab">
         <name>ADCHardwareOversampleConfigure</name>
         <value>0x5349</value>
         <object_component_ref idref="oc-29b"/>
      </symbol>
      <symbol id="sm-8ac">
         <name>ADCIntStatus</name>
         <value>0x51c3</value>
         <object_component_ref idref="oc-2c5"/>
      </symbol>
      <symbol id="sm-8ad">
         <name>ADCSequenceDisable</name>
         <value>0x5357</value>
         <object_component_ref idref="oc-2a1"/>
      </symbol>
      <symbol id="sm-8ae">
         <name>ADCSequenceDataGet</name>
         <value>0x5231</value>
         <object_component_ref idref="oc-2cb"/>
      </symbol>
      <symbol id="sm-8c4">
         <name>FPULazyStackingEnable</name>
         <value>0x5319</value>
         <object_component_ref idref="oc-d2"/>
      </symbol>
      <symbol id="sm-8c5">
         <name>FPUEnable</name>
         <value>0x5309</value>
         <object_component_ref idref="oc-cc"/>
      </symbol>
      <symbol id="sm-8f2">
         <name>SysTickEnable</name>
         <value>0x5295</value>
         <object_component_ref idref="oc-207"/>
      </symbol>
      <symbol id="sm-8f3">
         <name>SysTickIntEnable</name>
         <value>0x52a9</value>
         <object_component_ref idref="oc-201"/>
      </symbol>
      <symbol id="sm-8f4">
         <name>SysTickPeriodSet</name>
         <value>0x5329</value>
         <object_component_ref idref="oc-1fb"/>
      </symbol>
      <symbol id="sm-8f5">
         <name>SysTickDisable</name>
         <value>0x5281</value>
         <object_component_ref idref="oc-20d"/>
      </symbol>
      <symbol id="sm-931">
         <name>TimerMatchSet</name>
         <value>0x52f7</value>
         <object_component_ref idref="oc-22e"/>
      </symbol>
      <symbol id="sm-932">
         <name>TimerLoadSet</name>
         <value>0x52e5</value>
         <object_component_ref idref="oc-1c5"/>
      </symbol>
      <symbol id="sm-933">
         <name>TimerEnable</name>
         <value>0x5373</value>
         <object_component_ref idref="oc-1cb"/>
      </symbol>
      <symbol id="sm-934">
         <name>TimerIntEnable</name>
         <value>0x542d</value>
         <object_component_ref idref="oc-1d1"/>
      </symbol>
      <symbol id="sm-935">
         <name>TimerConfigure</name>
         <value>0x4f1d</value>
         <object_component_ref idref="oc-1bf"/>
      </symbol>
      <symbol id="sm-936">
         <name>TimerIntClear</name>
         <value>0x544f</value>
         <object_component_ref idref="oc-ba"/>
      </symbol>
      <symbol id="sm-9a1">
         <name>UARTCharPutNonBlocking</name>
         <value>0x538f</value>
         <object_component_ref idref="oc-14c"/>
      </symbol>
      <symbol id="sm-9a2">
         <name>UARTConfigSetExpClk</name>
         <value>0x50c1</value>
         <object_component_ref idref="oc-fc"/>
      </symbol>
      <symbol id="sm-9a3">
         <name>UARTDisable</name>
         <value>0x51f1</value>
         <object_component_ref idref="oc-122"/>
      </symbol>
      <symbol id="sm-9a4">
         <name>UARTIntEnable</name>
         <value>0x5435</value>
         <object_component_ref idref="oc-12e"/>
      </symbol>
      <symbol id="sm-9a5">
         <name>UARTCharsAvail</name>
         <value>0x539d</value>
         <object_component_ref idref="oc-140"/>
      </symbol>
      <symbol id="sm-9a6">
         <name>UARTCharGetNonBlocking</name>
         <value>0x5381</value>
         <object_component_ref idref="oc-146"/>
      </symbol>
      <symbol id="sm-9a7">
         <name>UARTClockSourceSet</name>
         <value>0x5443</value>
         <object_component_ref idref="oc-128"/>
      </symbol>
      <symbol id="sm-9a8">
         <name>UARTCharPut</name>
         <value>0x53f1</value>
         <object_component_ref idref="oc-108"/>
      </symbol>
      <symbol id="sm-9a9">
         <name>UARTEnable</name>
         <value>0x52bd</value>
         <object_component_ref idref="oc-102"/>
      </symbol>
      <symbol id="sm-9aa">
         <name>UARTIntClear</name>
         <value>0x5453</value>
         <object_component_ref idref="oc-13a"/>
      </symbol>
      <symbol id="sm-9ab">
         <name>UARTIntStatus</name>
         <value>0x53fb</value>
         <object_component_ref idref="oc-134"/>
      </symbol>
      <symbol id="sm-9ac">
         <name>UARTCharGet</name>
         <value>0x53e7</value>
         <object_component_ref idref="oc-10e"/>
      </symbol>
      <symbol id="sm-9f1">
         <name>WatchdogIntClear</name>
         <value>0x5449</value>
         <object_component_ref idref="oc-c6"/>
      </symbol>
      <symbol id="sm-9f2">
         <name>WatchdogReloadSet</name>
         <value>0x5457</value>
         <object_component_ref idref="oc-1d7"/>
      </symbol>
      <symbol id="sm-9f3">
         <name>WatchdogResetEnable</name>
         <value>0x5423</value>
         <object_component_ref idref="oc-1e9"/>
      </symbol>
      <symbol id="sm-9f4">
         <name>WatchdogEnable</name>
         <value>0x5405</value>
         <object_component_ref idref="oc-1f5"/>
      </symbol>
      <symbol id="sm-9f5">
         <name>WatchdogIntRegister</name>
         <value>0x5339</value>
         <object_component_ref idref="oc-1dd"/>
      </symbol>
      <symbol id="sm-9f6">
         <name>WatchdogIntStatus</name>
         <value>0x5419</value>
         <object_component_ref idref="oc-c0"/>
      </symbol>
      <symbol id="sm-9f7">
         <name>WatchdogIntEnable</name>
         <value>0x540f</value>
         <object_component_ref idref="oc-1ef"/>
      </symbol>
      <symbol id="sm-9f8">
         <name>WatchdogIntTypeSet</name>
         <value>0x53b9</value>
         <object_component_ref idref="oc-1e3"/>
      </symbol>
      <symbol id="sm-9f9">
         <name>__TI_static_base__</name>
         <value>0x0</value>
      </symbol>
      <symbol id="sm-9fc">
         <name>SHT$$INIT_ARRAY$$Limit</name>
         <value>0x0</value>
      </symbol>
      <symbol id="sm-9fd">
         <name>SHT$$INIT_ARRAY$$Base</name>
         <value>0x0</value>
      </symbol>
   </symbol_table>
   <title>Link successful</title>
</link_info>
